Archive member included to satisfy reference by file (symbol)

/usr/lib/gcc/arm-none-eabi/14.2.1/../../../arm-none-eabi/lib/thumb/v6-m/nofp/libstdc++.a(string-inst.o)
                              CMakeFiles/main.dir/main.cpp.o (std::__cxx11::basic_string<char, std::char_traits<char>, std::allocator<char> >::_M_create(unsigned int&, unsigned int))
/usr/lib/gcc/arm-none-eabi/14.2.1/../../../arm-none-eabi/lib/thumb/v6-m/nofp/libstdc++.a(eh_arm.o)
                              /usr/lib/gcc/arm-none-eabi/14.2.1/../../../arm-none-eabi/lib/thumb/v6-m/nofp/libstdc++.a(string-inst.o) (__cxa_end_cleanup)
/usr/lib/gcc/arm-none-eabi/14.2.1/../../../arm-none-eabi/lib/thumb/v6-m/nofp/libstdc++.a(eh_catch.o)
                              /usr/lib/gcc/arm-none-eabi/14.2.1/../../../arm-none-eabi/lib/thumb/v6-m/nofp/libstdc++.a(string-inst.o) (__cxa_begin_catch)
/usr/lib/gcc/arm-none-eabi/14.2.1/../../../arm-none-eabi/lib/thumb/v6-m/nofp/libstdc++.a(eh_exception.o)
                              /usr/lib/gcc/arm-none-eabi/14.2.1/../../../arm-none-eabi/lib/thumb/v6-m/nofp/libstdc++.a(string-inst.o) (typeinfo for __cxxabiv1::__forced_unwind)
/usr/lib/gcc/arm-none-eabi/14.2.1/../../../arm-none-eabi/lib/thumb/v6-m/nofp/libstdc++.a(eh_globals.o)
                              /usr/lib/gcc/arm-none-eabi/14.2.1/../../../arm-none-eabi/lib/thumb/v6-m/nofp/libstdc++.a(eh_catch.o) (__cxa_get_globals_fast)
/usr/lib/gcc/arm-none-eabi/14.2.1/../../../arm-none-eabi/lib/thumb/v6-m/nofp/libstdc++.a(eh_personality.o)
                              /usr/lib/gcc/arm-none-eabi/14.2.1/../../../arm-none-eabi/lib/thumb/v6-m/nofp/libstdc++.a(string-inst.o) (__gxx_personality_v0)
/usr/lib/gcc/arm-none-eabi/14.2.1/../../../arm-none-eabi/lib/thumb/v6-m/nofp/libstdc++.a(eh_terminate.o)
                              /usr/lib/gcc/arm-none-eabi/14.2.1/../../../arm-none-eabi/lib/thumb/v6-m/nofp/libstdc++.a(eh_arm.o) (std::terminate())
/usr/lib/gcc/arm-none-eabi/14.2.1/../../../arm-none-eabi/lib/thumb/v6-m/nofp/libstdc++.a(eh_throw.o)
                              /usr/lib/gcc/arm-none-eabi/14.2.1/../../../arm-none-eabi/lib/thumb/v6-m/nofp/libstdc++.a(string-inst.o) (__cxa_rethrow)
/usr/lib/gcc/arm-none-eabi/14.2.1/../../../arm-none-eabi/lib/thumb/v6-m/nofp/libstdc++.a(eh_unex_handler.o)
                              /usr/lib/gcc/arm-none-eabi/14.2.1/../../../arm-none-eabi/lib/thumb/v6-m/nofp/libstdc++.a(eh_terminate.o) (__cxxabiv1::__unexpected_handler)
/usr/lib/gcc/arm-none-eabi/14.2.1/../../../arm-none-eabi/lib/thumb/v6-m/nofp/libstdc++.a(si_class_type_info.o)
                              /usr/lib/gcc/arm-none-eabi/14.2.1/../../../arm-none-eabi/lib/thumb/v6-m/nofp/libstdc++.a(eh_exception.o) (vtable for __cxxabiv1::__si_class_type_info)
/usr/lib/gcc/arm-none-eabi/14.2.1/../../../arm-none-eabi/lib/thumb/v6-m/nofp/libstdc++.a(tinfo.o)
                              /usr/lib/gcc/arm-none-eabi/14.2.1/../../../arm-none-eabi/lib/thumb/v6-m/nofp/libstdc++.a(si_class_type_info.o) (std::type_info::__is_pointer_p() const)
/usr/lib/gcc/arm-none-eabi/14.2.1/../../../arm-none-eabi/lib/thumb/v6-m/nofp/libstdc++.a(functexcept.o)
                              /usr/lib/gcc/arm-none-eabi/14.2.1/../../../arm-none-eabi/lib/thumb/v6-m/nofp/libstdc++.a(string-inst.o) (std::__throw_bad_alloc())
/usr/lib/gcc/arm-none-eabi/14.2.1/../../../arm-none-eabi/lib/thumb/v6-m/nofp/libstdc++.a(bad_alloc.o)
                              /usr/lib/gcc/arm-none-eabi/14.2.1/../../../arm-none-eabi/lib/thumb/v6-m/nofp/libstdc++.a(functexcept.o) (vtable for std::bad_alloc)
/usr/lib/gcc/arm-none-eabi/14.2.1/../../../arm-none-eabi/lib/thumb/v6-m/nofp/libstdc++.a(bad_array_new.o)
                              /usr/lib/gcc/arm-none-eabi/14.2.1/../../../arm-none-eabi/lib/thumb/v6-m/nofp/libstdc++.a(functexcept.o) (vtable for std::bad_array_new_length)
/usr/lib/gcc/arm-none-eabi/14.2.1/../../../arm-none-eabi/lib/thumb/v6-m/nofp/libstdc++.a(bad_cast.o)
                              /usr/lib/gcc/arm-none-eabi/14.2.1/../../../arm-none-eabi/lib/thumb/v6-m/nofp/libstdc++.a(functexcept.o) (vtable for std::bad_cast)
/usr/lib/gcc/arm-none-eabi/14.2.1/../../../arm-none-eabi/lib/thumb/v6-m/nofp/libstdc++.a(bad_typeid.o)
                              /usr/lib/gcc/arm-none-eabi/14.2.1/../../../arm-none-eabi/lib/thumb/v6-m/nofp/libstdc++.a(functexcept.o) (vtable for std::bad_typeid)
/usr/lib/gcc/arm-none-eabi/14.2.1/../../../arm-none-eabi/lib/thumb/v6-m/nofp/libstdc++.a(class_type_info.o)
                              /usr/lib/gcc/arm-none-eabi/14.2.1/../../../arm-none-eabi/lib/thumb/v6-m/nofp/libstdc++.a(si_class_type_info.o) (__cxxabiv1::__class_type_info::__do_upcast(__cxxabiv1::__class_type_info const*, void**) const)
/usr/lib/gcc/arm-none-eabi/14.2.1/../../../arm-none-eabi/lib/thumb/v6-m/nofp/libstdc++.a(eh_alloc.o)
                              /usr/lib/gcc/arm-none-eabi/14.2.1/../../../arm-none-eabi/lib/thumb/v6-m/nofp/libstdc++.a(functexcept.o) (__cxa_allocate_exception)
[...]
Memory Configuration

Name             Origin             Length             Attributes
FLASH            0x10000000         0x00200000         xr
RAM              0x20000000         0x00040000         xrw
SCRATCH_X        0x20040000         0x00001000         xrw
SCRATCH_Y        0x20041000         0x00001000         xrw
*default*        0x00000000         0xffffffff

Linker script and memory map

LOAD /usr/lib/gcc/arm-none-eabi/14.2.1/thumb/v6-m/nofp/crti.o
LOAD /usr/lib/gcc/arm-none-eabi/14.2.1/thumb/v6-m/nofp/crtbegin.o
LOAD /usr/lib/gcc/arm-none-eabi/14.2.1/../../../arm-none-eabi/lib/thumb/v6-m/nofp/crt0.o

.flash_begin    0x10000000        0x0
                0x10000000                        __flash_binary_start = .

.boot2          0x10000000      0x100
                0x10000000                        __boot2_start__ = .
 *(.boot2)
 .boot2         0x10000000      0x100 pico-sdk/src/rp2040/boot_stage2/CMakeFiles/bs2_default_library.dir/bs2_default_padded_checksummed.S.o
                0x10000100                        __boot2_end__ = .
                0x00000001                        ASSERT (((__boot2_end__ - __boot2_start__) == 0x100), ERROR: Pico second stage bootloader must be 256 bytes in size)

.text           0x10000100     0x888c
                0x10000100                        __logical_binary_start = .
 *(.vectors)
 .vectors       0x10000100       0xd4 CMakeFiles/main.dir/home/black/pico/pico-sdk/src/rp2_common/pico_crt0/crt0.S.o
                0x10000100                __vectors
                0x10000100                __VECTOR_TABLE
                0x100001c0                isr_irq30
                0x100001c0                __unhandled_user_irq
                0x100001c0                isr_irq13
                0x100001c0                isr_irq27
                0x100001c0                isr_irq31
                0x100001c0                isr_irq5
                0x100001c0                isr_irq11
                0x100001c0                isr_irq23
                0x100001c0                isr_irq18
                0x100001c0                isr_irq28
                0x100001c0                isr_irq19
                0x100001c0                isr_irq0
                0x100001c0                isr_irq6
                0x100001c0                isr_irq22
                0x100001c0                isr_irq17
                0x100001c0                isr_irq14
                0x100001c0                __vectors_end
                0x100001c0                __default_isrs_start
                0x100001c0                isr_irq2
                0x100001c0                isr_irq10
                0x100001c0                isr_irq8
                0x100001c0                isr_irq24
                0x100001c0                isr_irq1
                0x100001c0                isr_irq7
                0x100001c0                isr_irq21
                0x100001c0                isr_irq20
                0x100001c0                isr_irq15
                0x100001c0                isr_irq25
                0x100001c0                isr_irq4
                0x100001c0                isr_irq16
                0x100001c0                isr_irq29
                0x100001c0                isr_irq26
                0x100001c0                isr_irq3
                0x100001c0                isr_irq12
                0x100001c0                isr_irq9
                0x100001c6                unhandled_user_irq_num_in_r0
                0x100001c8                isr_invalid
                0x100001ca                isr_nmi
                0x100001cc                isr_hardfault
                0x100001ce                isr_svcall
                0x100001d0                isr_pendsv
                0x100001d2                isr_systick
                0x100001d4                __default_isrs_end
 *(.binary_info_header)
 .binary_info_header
                0x100001d4       0x14 CMakeFiles/main.dir/home/black/pico/pico-sdk/src/rp2_common/pico_crt0/crt0.S.o
                0x100001e8                        __binary_info_header_end = .
 *(.embedded_block)
                0x100001e8                        __embedded_block_end = .
 *(.reset)
 .reset         0x100001e8       0x9c CMakeFiles/main.dir/home/black/pico/pico-sdk/src/rp2_common/pico_crt0/crt0.S.o
                0x100001e8                _entry_point
 *(.init)
 .init          0x10000284        0x4 /usr/lib/gcc/arm-none-eabi/14.2.1/thumb/v6-m/nofp/crti.o
                0x10000284                _init
 *(EXCLUDE_FILE(*libm.a: *libc.a:*lib_a-mem*.o *libgcc.a:) .text*)
 .text          0x10000288       0x98 /usr/lib/gcc/arm-none-eabi/14.2.1/thumb/v6-m/nofp/crtbegin.o
 .text._ZN9__gnu_cxx12__to_xstringINSt7__cxx1112basic_stringIcSt11char_traitsIcESaIcEEEcEET_PFiPT0_jPKS8_St9__va_listEjSB_z.constprop.0
                0x10000320       0x68 CMakeFiles/main.dir/main.cpp.o
 .text._Z13lcd_send_bytehi.constprop.1
                0x10000388       0xf8 CMakeFiles/main.dir/main.cpp.o
 .text._Z8lcd_initv
                0x10000480       0xf8 CMakeFiles/main.dir/main.cpp.o
                0x10000480                lcd_init()
 .text.startup.main
                0x10000578      0x7d0 CMakeFiles/main.dir/main.cpp.o
                0x10000578                main
 .text._Z12digitalWritejb
                0x10000d48       0x14 CMakeFiles/main.dir/services/MFRC522_.cpp.o
                0x10000d48                digitalWrite(unsigned int, bool)
 .text._Z11digitalReadj
                0x10000d5c       0x14 CMakeFiles/main.dir/services/MFRC522_.cpp.o
                0x10000d5c                digitalRead(unsigned int)
 .text._Z6millisv
                0x10000d70       0x20 CMakeFiles/main.dir/services/MFRC522_.cpp.o
                0x10000d70                millis()
 .text._Z5yieldv
                0x10000d90        0x4 CMakeFiles/main.dir/services/MFRC522_.cpp.o
                0x10000d90                yield()
 .text._Z17delayMicrosecondsm
                0x10000d94        0xc CMakeFiles/main.dir/services/MFRC522_.cpp.o
                0x10000d94                delayMicroseconds(unsigned long)
 .text._Z5delaym
                0x10000da0        0x8 CMakeFiles/main.dir/services/MFRC522_.cpp.o
                0x10000da0                delay(unsigned long)
 .text._Z7pinModejb
                0x10000da8       0x20 CMakeFiles/main.dir/services/MFRC522_.cpp.o
                0x10000da8                pinMode(unsigned int, bool)
 .text._ZN3spi8transferEh
                0x10000dc8       0x24 CMakeFiles/main.dir/services/MFRC522_.cpp.o
                0x10000dc8                spi::transfer(unsigned char)
 .text._ZN3spi7spiInitEjjjj
                0x10000dec       0x2c CMakeFiles/main.dir/services/MFRC522_.cpp.o
                0x10000dec                spi::spiInit(unsigned int, unsigned int, unsigned int, unsigned int)
 .text._ZN7MFRC52216PCD_ReadRegisterENS_12PCD_RegisterEhPhh.part.0
                0x10000e18       0x98 CMakeFiles/main.dir/services/MFRC522.cpp.o
 .text._ZN7MFRC522C2Ehh
                0x10000eb0       0x10 CMakeFiles/main.dir/services/MFRC522.cpp.o
                0x10000eb0                MFRC522::MFRC522(unsigned char, unsigned char)
                0x10000eb0                MFRC522::MFRC522(unsigned char, unsigned char)
 .text._ZN7MFRC52216PCD_CalculateCRCEPhhS0_
                0x10000ec0      0x184 CMakeFiles/main.dir/services/MFRC522.cpp.o
                0x10000ec0                MFRC522::PCD_CalculateCRC(unsigned char*, unsigned char, unsigned char*)
 .text._ZN7MFRC52223PCD_CommunicateWithPICCEhhPhhS0_S0_S0_hb.constprop.0
                0x10001044      0x2cc CMakeFiles/main.dir/services/MFRC522.cpp.o
 .text._ZN7MFRC52211PICC_SelectEPNS_3UidEh.part.0
                0x10001310      0x3dc CMakeFiles/main.dir/services/MFRC522.cpp.o
 .text._ZN7MFRC52211PICC_SelectEPNS_3UidEh
                0x100016ec       0x10 CMakeFiles/main.dir/services/MFRC522.cpp.o
                0x100016ec                MFRC522::PICC_Select(MFRC522::Uid*, unsigned char)
 .text._ZN7MFRC52219PICC_ReadCardSerialEv
                0x100016fc       0x28 CMakeFiles/main.dir/services/MFRC522.cpp.o
                0x100016fc                MFRC522::PICC_ReadCardSerial()
 .text._ZN7MFRC52221PICC_IsNewCardPresentEv
                0x10001724      0x100 CMakeFiles/main.dir/services/MFRC522.cpp.o
                0x10001724                MFRC522::PICC_IsNewCardPresent()
 .text._ZN7MFRC5228PCD_InitEv
                0x10001824      0x248 CMakeFiles/main.dir/services/MFRC522.cpp.o
                0x10001824                MFRC522::PCD_Init()
 .text.gpio_set_function
                0x10001a6c       0x34 CMakeFiles/main.dir/home/black/pico/pico-sdk/src/rp2_common/hardware_gpio/gpio.c.o
                0x10001a6c                gpio_set_function
 .text.gpio_init
                0x10001aa0       0x40 CMakeFiles/main.dir/home/black/pico/pico-sdk/src/rp2_common/hardware_gpio/gpio.c.o
                0x10001aa0                gpio_init
 .text.panic    0x10001ae0       0x30 CMakeFiles/main.dir/home/black/pico/pico-sdk/src/rp2_common/pico_platform_panic/panic.c.o
                0x10001ae0                panic
 .text.hw_claim_or_assert
                0x10001b10       0x44 CMakeFiles/main.dir/home/black/pico/pico-sdk/src/common/hardware_claim/claim.c.o
                0x10001b10                hw_claim_or_assert
 .text.next_striped_spin_lock_num
                0x10001b54       0x18 CMakeFiles/main.dir/home/black/pico/pico-sdk/src/rp2_common/hardware_sync/sync.c.o
                0x10001b54                next_striped_spin_lock_num
 .text.spin_locks_reset
                0x10001b6c       0x1c CMakeFiles/main.dir/home/black/pico/pico-sdk/src/rp2_common/hardware_sync_spin_lock/sync_spin_lock.c.o
                0x10001b6c                spin_locks_reset
 .text.runtime_init_per_core_irq_priorities
                0x10001b88       0x24 CMakeFiles/main.dir/home/black/pico/pico-sdk/src/rp2_common/hardware_irq/irq.c.o
                0x10001b88                runtime_init_per_core_irq_priorities
 .text.irq_set_enabled
                0x10001bac       0x24 CMakeFiles/main.dir/home/black/pico/pico-sdk/src/rp2_common/hardware_irq/irq.c.o
                0x10001bac                irq_set_enabled
 .text.irq_set_exclusive_handler
                0x10001bd0       0x54 CMakeFiles/main.dir/home/black/pico/pico-sdk/src/rp2_common/hardware_irq/irq.c.o
                0x10001bd0                irq_set_exclusive_handler
 .text.lock_init
                0x10001c24       0x10 CMakeFiles/main.dir/home/black/pico/pico-sdk/src/common/pico_sync/lock_core.c.o
                0x10001c24                lock_init
 .text.runtime_init_mutex
                0x10001c34       0x50 CMakeFiles/main.dir/home/black/pico/pico-sdk/src/common/pico_sync/mutex.c.o
                0x10001c34                runtime_init_mutex
 .text.sleep_until_callback
                0x10001c84       0x30 CMakeFiles/main.dir/home/black/pico/pico-sdk/src/common/pico_time/time.c.o
 .text.alarm_pool_irq_handler
                0x10001cb4      0x300 CMakeFiles/main.dir/home/black/pico/pico-sdk/src/common/pico_time/time.c.o
 .text.runtime_init_default_alarm_pool
                0x10001fb4       0xdc CMakeFiles/main.dir/home/black/pico/pico-sdk/src/common/pico_time/time.c.o
                0x10001fb4                runtime_init_default_alarm_pool
 .text.alarm_pool_add_alarm_at_force_in_context
                0x10002090       0xb0 CMakeFiles/main.dir/home/black/pico/pico-sdk/src/common/pico_time/time.c.o
                0x10002090                alarm_pool_add_alarm_at_force_in_context
 .text.alarm_pool_cancel_alarm
                0x10002140       0x74 CMakeFiles/main.dir/home/black/pico/pico-sdk/src/common/pico_time/time.c.o
                0x10002140                alarm_pool_cancel_alarm
 .text.sleep_us
                0x100021b4       0xec CMakeFiles/main.dir/home/black/pico/pico-sdk/src/common/pico_time/time.c.o
                0x100021b4                sleep_us
 .text.sleep_ms
                0x100022a0       0xfc CMakeFiles/main.dir/home/black/pico/pico-sdk/src/common/pico_time/time.c.o
                0x100022a0                sleep_ms
 .text.best_effort_wfe_or_timeout
                0x1000239c      0x10c CMakeFiles/main.dir/home/black/pico/pico-sdk/src/common/pico_time/time.c.o
                0x1000239c                best_effort_wfe_or_timeout
 .text.timer_hardware_alarm_claim
                0x100024a8       0x14 CMakeFiles/main.dir/home/black/pico/pico-sdk/src/rp2_common/hardware_timer/timer.c.o
                0x100024a8                timer_hardware_alarm_claim
 .text.timer_time_us_64
                0x100024bc       0x10 CMakeFiles/main.dir/home/black/pico/pico-sdk/src/rp2_common/hardware_timer/timer.c.o
                0x100024bc                timer_time_us_64
 .text.time_us_64
                0x100024cc       0x14 CMakeFiles/main.dir/home/black/pico/pico-sdk/src/rp2_common/hardware_timer/timer.c.o
                0x100024cc                time_us_64
 .text.busy_wait_us
                0x100024e0       0x68 CMakeFiles/main.dir/home/black/pico/pico-sdk/src/rp2_common/hardware_timer/timer.c.o
                0x100024e0                busy_wait_us
 .text.busy_wait_ms
                0x10002548       0x9c CMakeFiles/main.dir/home/black/pico/pico-sdk/src/rp2_common/hardware_timer/timer.c.o
                0x10002548                busy_wait_ms
 .text.busy_wait_until
                0x100025e4       0x20 CMakeFiles/main.dir/home/black/pico/pico-sdk/src/rp2_common/hardware_timer/timer.c.o
                0x100025e4                busy_wait_until
 .text.clock_configure_int_divider
                0x10002604       0xf4 CMakeFiles/main.dir/home/black/pico/pico-sdk/src/rp2_common/hardware_clocks/clocks.c.o
                0x10002604                clock_configure_int_divider
 .text.clock_configure_undivided
                0x100026f8       0xe8 CMakeFiles/main.dir/home/black/pico/pico-sdk/src/rp2_common/hardware_clocks/clocks.c.o
                0x100026f8                clock_configure_undivided
 .text.clock_get_hz
                0x100027e0        0xc CMakeFiles/main.dir/home/black/pico/pico-sdk/src/rp2_common/hardware_clocks/clocks.c.o
                0x100027e0                clock_get_hz
 .text.pll_init
                0x100027ec       0xa4 CMakeFiles/main.dir/home/black/pico/pico-sdk/src/rp2_common/hardware_pll/pll.c.o
                0x100027ec                pll_init
 .text.tick_start
                0x10002890       0x10 CMakeFiles/main.dir/home/black/pico/pico-sdk/src/rp2_common/hardware_ticks/ticks.c.o
                0x10002890                tick_start
 .text.rom_func_lookup
                0x100028a0       0x10 CMakeFiles/main.dir/home/black/pico/pico-sdk/src/rp2_common/pico_bootrom/bootrom.c.o
                0x100028a0                rom_func_lookup
 .text.rom_data_lookup
                0x100028b0       0x10 CMakeFiles/main.dir/home/black/pico/pico-sdk/src/rp2_common/pico_bootrom/bootrom.c.o
                0x100028b0                rom_data_lookup
 .text.rom_funcs_lookup
                0x100028c0       0x44 CMakeFiles/main.dir/home/black/pico/pico-sdk/src/rp2_common/pico_bootrom/bootrom.c.o
                0x100028c0                rom_funcs_lookup
 .text.xosc_init
                0x10002904       0x28 CMakeFiles/main.dir/home/black/pico/pico-sdk/src/rp2_common/hardware_xosc/xosc.c.o
                0x10002904                xosc_init
 .text.first_per_core_initializer
                0x1000292c        0x4 CMakeFiles/main.dir/home/black/pico/pico-sdk/src/rp2_common/pico_runtime/runtime.c.o
 .text.hard_assertion_failure
                0x10002930        0xc CMakeFiles/main.dir/home/black/pico/pico-sdk/src/rp2_common/pico_runtime/runtime.c.o
                0x10002930                hard_assertion_failure
 .text.runtime_run_initializers
                0x1000293c       0x28 CMakeFiles/main.dir/home/black/pico/pico-sdk/src/rp2_common/pico_runtime/runtime.c.o
                0x1000293c                runtime_run_initializers
 .text.runtime_init_early_resets
                0x10002964       0x2c CMakeFiles/main.dir/home/black/pico/pico-sdk/src/rp2_common/pico_runtime_init/runtime_init.c.o
                0x10002964                runtime_init_early_resets
 .text.runtime_init_usb_power_down
                0x10002990       0x1c CMakeFiles/main.dir/home/black/pico/pico-sdk/src/rp2_common/pico_runtime_init/runtime_init.c.o
                0x10002990                runtime_init_usb_power_down
 .text.runtime_init_post_clock_resets
                0x100029ac       0x20 CMakeFiles/main.dir/home/black/pico/pico-sdk/src/rp2_common/pico_runtime_init/runtime_init.c.o
                0x100029ac                runtime_init_post_clock_resets
 .text.runtime_init_rp2040_gpio_ie_disable
                0x100029cc       0x14 CMakeFiles/main.dir/home/black/pico/pico-sdk/src/rp2_common/pico_runtime_init/runtime_init.c.o
                0x100029cc                runtime_init_rp2040_gpio_ie_disable
 .text.runtime_init_spin_locks_reset
                0x100029e0        0x8 CMakeFiles/main.dir/home/black/pico/pico-sdk/src/rp2_common/pico_runtime_init/runtime_init.c.o
                0x100029e0                runtime_init_spin_locks_reset
 .text.runtime_init_install_ram_vector_table
                0x100029e8       0xb4 CMakeFiles/main.dir/home/black/pico/pico-sdk/src/rp2_common/pico_runtime_init/runtime_init.c.o
                0x100029e8                runtime_init_install_ram_vector_table
 .text.runtime_init_clocks
                0x10002a9c       0xd8 CMakeFiles/main.dir/home/black/pico/pico-sdk/src/rp2_common/pico_runtime_init/runtime_init_clocks.c.o
                0x10002a9c                runtime_init_clocks
 .text          0x10002b74       0x10 CMakeFiles/main.dir/home/black/pico/pico-sdk/src/rp2_common/pico_bit_ops/bit_ops_aeabi.S.o
 .text.__wrap___aeabi_idiv
                0x10002b84       0x50 CMakeFiles/main.dir/home/black/pico/pico-sdk/src/rp2_common/pico_divider/divider_hardware.S.o
                0x10002b84                __wrap___aeabi_idivmod
                0x10002b84                divmod_s32s32
                0x10002b84                div_s32s32
                0x10002b84                __wrap___aeabi_idiv
                0x10002b8c                divmod_s32s32_unsafe
                0x10002bb8                divmod_s32s32_savestate
 .text.__wrap___aeabi_uidiv
                0x10002bd4       0x4c CMakeFiles/main.dir/home/black/pico/pico-sdk/src/rp2_common/pico_divider/divider_hardware.S.o
                0x10002bd4                __wrap___aeabi_uidiv
                0x10002bd4                __wrap___aeabi_uidivmod
                0x10002bd4                div_u32u32
                0x10002bd4                divmod_u32u32
                0x10002bdc                divmod_u32u32_unsafe
                0x10002c04                divmod_u32u32_savestate
 .text.__wrap___aeabi_ldiv
                0x10002c20      0x424 CMakeFiles/main.dir/home/black/pico/pico-sdk/src/rp2_common/pico_divider/divider_hardware.S.o
                0x10002c20                div_s64s64
                0x10002c20                divmod_s64s64
                0x10002c20                __wrap___aeabi_ldivmod
                0x10002c50                div_u64u64
                0x10002c50                divmod_u64u64
                0x10002c50                __wrap___aeabi_uldivmod
                0x10002c60                divmod_u64u64_savestate
                0x10002c80                divmod_s64s64_unsafe
                0x10002d08                divmod_u64u64_unsafe
 .text.__wrap___aeabi_darithmetic
                0x10003044       0x80 CMakeFiles/main.dir/home/black/pico/pico-sdk/src/rp2_common/pico_double/double_aeabi_rp2040.S.o
                0x10003044                __wrap___aeabi_drsub
                0x1000304a                __wrap___aeabi_dsub
                0x1000305c                __wrap___aeabi_dadd
                0x1000306e                __wrap___aeabi_ddiv
                0x100030aa                __wrap___aeabi_dmul
 .text.__wrap___aeabi_cdcmple
                0x100030c4       0x6c CMakeFiles/main.dir/home/black/pico/pico-sdk/src/rp2_common/pico_double/double_aeabi_rp2040.S.o
                0x100030c4                __wrap___aeabi_cdrcmple
                0x100030d4                __wrap___aeabi_cdcmple
                0x100030d4                __wrap___aeabi_cdcmpeq
 .text.__wrap___aeabi_dcmplt
                0x10003130        0xc CMakeFiles/main.dir/home/black/pico/pico-sdk/src/rp2_common/pico_double/double_aeabi_rp2040.S.o
                0x10003130                __wrap___aeabi_dcmplt
 .text.__wrap___aeabi_dcmple
                0x1000313c       0x10 CMakeFiles/main.dir/home/black/pico/pico-sdk/src/rp2_common/pico_double/double_aeabi_rp2040.S.o
                0x1000313c                __wrap___aeabi_dcmple
 .text.__wrap___aeabi_dcmpge
                0x1000314c       0x10 CMakeFiles/main.dir/home/black/pico/pico-sdk/src/rp2_common/pico_double/double_aeabi_rp2040.S.o
                0x1000314c                __wrap___aeabi_dcmpge
 .text.__wrap___aeabi_dcmpgt
                0x1000315c        0xa CMakeFiles/main.dir/home/black/pico/pico-sdk/src/rp2_common/pico_double/double_aeabi_rp2040.S.o
                0x1000315c                __wrap___aeabi_dcmpgt
 .text.__wrap___aeabi_dcmpun
                0x10003166       0x18 CMakeFiles/main.dir/home/black/pico/pico-sdk/src/rp2_common/pico_double/double_aeabi_rp2040.S.o
                0x10003166                __wrap___aeabi_dcmpun
 *fill*         0x1000317e        0x2 
 .text.__wrap___aeabi_i2d
                0x10003180       0x38 CMakeFiles/main.dir/home/black/pico/pico-sdk/src/rp2_common/pico_double/double_aeabi_rp2040.S.o
                0x10003180                __wrap___aeabi_ui2d
                0x10003180                uint2double
                0x10003188                __wrap___aeabi_i2d
                0x10003188                int2double
 .text.__wrap___aeabi_d2iz
                0x100031b8       0x48 CMakeFiles/main.dir/home/black/pico/pico-sdk/src/rp2_common/pico_double/double_aeabi_rp2040.S.o
                0x100031b8                __wrap___aeabi_d2iz
                0x100031b8                double2int_z
 .text.__wrap___aeabi_d2uiz
                0x10003200       0x18 CMakeFiles/main.dir/home/black/pico/pico-sdk/src/rp2_common/pico_double/double_aeabi_rp2040.S.o
                0x10003200                double2uint_z
                0x10003200                double2uint
                0x10003200                __wrap___aeabi_d2uiz
 .text.__aeabi_double_init
                0x10003218       0xa4 CMakeFiles/main.dir/home/black/pico/pico-sdk/src/rp2_common/pico_double/double_init_rom_rp2040.c.o
                0x10003218                __aeabi_double_init
 .text.double_table_shim_on_use_helper
                0x100032bc       0x2c CMakeFiles/main.dir/home/black/pico/pico-sdk/src/rp2_common/pico_double/double_v1_rom_shim_rp2040.S.o
                0x100032bc                double_table_shim_on_use_helper
 .text.__wrap___aeabi_dsub
                0x100032e8       0x10 CMakeFiles/main.dir/home/black/pico/pico-sdk/src/rp2_common/pico_double/double_v1_rom_shim_rp2040.S.o
                0x100032e8                drsub_shim
                0x100032ee                dsub_shim
 .text.dadd_shim
                0x100032f8      0x15c CMakeFiles/main.dir/home/black/pico/pico-sdk/src/rp2_common/pico_double/double_v1_rom_shim_rp2040.S.o
                0x100032f8                dadd_shim
 .text.dmul_shim
                0x10003454      0x15c CMakeFiles/main.dir/home/black/pico/pico-sdk/src/rp2_common/pico_double/double_v1_rom_shim_rp2040.S.o
                0x10003454                dmul_shim
 .text.ddiv_shim
                0x100035b0      0x1b0 CMakeFiles/main.dir/home/black/pico/pico-sdk/src/rp2_common/pico_double/double_v1_rom_shim_rp2040.S.o
                0x100035b0                ddiv_shim
 .text.double2uint_shim
                0x10003760        0xe CMakeFiles/main.dir/home/black/pico/pico-sdk/src/rp2_common/pico_double/double_v1_rom_shim_rp2040.S.o
                0x10003760                double2uint_shim
                0x10003762                double2ufix_shim
 *fill*         0x1000376e        0x2 
 .text.double2uint64_shim
                0x10003770       0x70 CMakeFiles/main.dir/home/black/pico/pico-sdk/src/rp2_common/pico_double/double_v1_rom_shim_rp2040.S.o
                0x10003770                double2uint64_shim
                0x10003772                double2ufix64_shim
                0x10003792                d2fix_a
 .text.dunpacks
                0x100037e0       0x3c CMakeFiles/main.dir/home/black/pico/pico-sdk/src/rp2_common/pico_double/double_v1_rom_shim_rp2040.S.o
                0x100037e0                dunpacks
 .text.__aeabi_lmul
                0x1000381c       0x32 CMakeFiles/main.dir/home/black/pico/pico-sdk/src/rp2_common/pico_int64_ops/pico_int64_ops_aeabi.S.o
                0x1000381c                __wrap___aeabi_lmul
 *fill*         0x1000384e        0x2 
 .text.__wrap___aeabi_f2d
                0x10003850       0x14 CMakeFiles/main.dir/home/black/pico/pico-sdk/src/rp2_common/pico_float/float_aeabi_rp2040.S.o
                0x10003850                __wrap___aeabi_f2d
 .text.__aeabi_float_init
                0x10003864       0x64 CMakeFiles/main.dir/home/black/pico/pico-sdk/src/rp2_common/pico_float/float_init_rom_rp2040.c.o
                0x10003864                __aeabi_float_init
 .text.float_table_shim_on_use_helper
                0x100038c8       0x2c CMakeFiles/main.dir/home/black/pico/pico-sdk/src/rp2_common/pico_float/float_v1_rom_shim_rp2040.S.o
                0x100038c8                float_table_shim_on_use_helper
 .text.float2double_shim
                0x100038f4       0x30 CMakeFiles/main.dir/home/black/pico/pico-sdk/src/rp2_common/pico_float/float_v1_rom_shim_rp2040.S.o
                0x100038f4                float2double_shim
 .text.__wrap_malloc
                0x10003924       0x24 CMakeFiles/main.dir/home/black/pico/pico-sdk/src/rp2_common/pico_malloc/malloc.c.o
                0x10003924                __wrap_malloc
 .text.__wrap_free
                0x10003948        0x8 CMakeFiles/main.dir/home/black/pico/pico-sdk/src/rp2_common/pico_malloc/malloc.c.o
                0x10003948                __wrap_free
 .text          0x10003950       0x10 CMakeFiles/main.dir/home/black/pico/pico-sdk/src/rp2_common/pico_mem_ops/mem_ops_aeabi.S.o
                0x10003950                __aeabi_mem_init
 .text.memset   0x10003960        0xc CMakeFiles/main.dir/home/black/pico/pico-sdk/src/rp2_common/pico_mem_ops/mem_ops_aeabi.S.o
                0x10003960                __wrap_memset
 .text.memcpy   0x1000396c        0xc CMakeFiles/main.dir/home/black/pico/pico-sdk/src/rp2_common/pico_mem_ops/mem_ops_aeabi.S.o
                0x1000396c                __wrap___aeabi_memcpy
                0x1000396c                __wrap_memcpy
 .text._Znwj    0x10003978        0x8 CMakeFiles/main.dir/home/black/pico/pico-sdk/src/rp2_common/pico_cxx_options/new_delete.cpp.o
                0x10003978                operator new(unsigned int)
 .text._ZdlPv   0x10003980        0x8 CMakeFiles/main.dir/home/black/pico/pico-sdk/src/rp2_common/pico_cxx_options/new_delete.cpp.o
                0x10003980                operator delete(void*)
 .text._ZdlPvj  0x10003988        0x8 CMakeFiles/main.dir/home/black/pico/pico-sdk/src/rp2_common/pico_cxx_options/new_delete.cpp.o
                0x10003988                operator delete(void*, unsigned int)
 .text._out_buffer
                0x10003990        0x8 CMakeFiles/main.dir/home/black/pico/pico-sdk/src/rp2_common/pico_printf/printf.c.o
 .text._out_null
                0x10003998        0x4 CMakeFiles/main.dir/home/black/pico/pico-sdk/src/rp2_common/pico_printf/printf.c.o
 .text._out_rev
                0x1000399c       0xac CMakeFiles/main.dir/home/black/pico/pico-sdk/src/rp2_common/pico_printf/printf.c.o
 .text._ntoa_format
                0x10003a48      0x1cc CMakeFiles/main.dir/home/black/pico/pico-sdk/src/rp2_common/pico_printf/printf.c.o
 .text._out_char
                0x10003c14       0x10 CMakeFiles/main.dir/home/black/pico/pico-sdk/src/rp2_common/pico_printf/printf.c.o
 .text._ftoa    0x10003c24      0x4a8 CMakeFiles/main.dir/home/black/pico/pico-sdk/src/rp2_common/pico_printf/printf.c.o
 .text._etoa    0x100040cc      0x57c CMakeFiles/main.dir/home/black/pico/pico-sdk/src/rp2_common/pico_printf/printf.c.o
 .text._vsnprintf
                0x10004648      0xbe0 CMakeFiles/main.dir/home/black/pico/pico-sdk/src/rp2_common/pico_printf/printf.c.o
 .text.__wrap_sprintf
                0x10005228       0x2c CMakeFiles/main.dir/home/black/pico/pico-sdk/src/rp2_common/pico_printf/printf.c.o
                0x10005228                __wrap_sprintf
 .text.__wrap_vsnprintf
                0x10005254       0x1c CMakeFiles/main.dir/home/black/pico/pico-sdk/src/rp2_common/pico_printf/printf.c.o
                0x10005254                __wrap_vsnprintf
 .text.weak_raw_vprintf
                0x10005270       0x30 CMakeFiles/main.dir/home/black/pico/pico-sdk/src/rp2_common/pico_printf/printf.c.o
                0x10005270                weak_raw_vprintf
 .text._exit    0x100052a0        0x4 CMakeFiles/main.dir/home/black/pico/pico-sdk/src/rp2_common/pico_clib_interface/newlib_interface.c.o
                0x100052a0                _exit
 .text._sbrk    0x100052a4       0x34 CMakeFiles/main.dir/home/black/pico/pico-sdk/src/rp2_common/pico_clib_interface/newlib_interface.c.o
                0x100052a4                _sbrk
 .text._getpid  0x100052d8        0x4 CMakeFiles/main.dir/home/black/pico/pico-sdk/src/rp2_common/pico_clib_interface/newlib_interface.c.o
                0x100052d8                _getpid
 .text._kill    0x100052dc        0x8 CMakeFiles/main.dir/home/black/pico/pico-sdk/src/rp2_common/pico_clib_interface/newlib_interface.c.o
                0x100052dc                _kill
 .text.exit     0x100052e4        0x8 CMakeFiles/main.dir/home/black/pico/pico-sdk/src/rp2_common/pico_clib_interface/newlib_interface.c.o
                0x100052e4                exit
 .text.runtime_init
                0x100052ec       0x2c CMakeFiles/main.dir/home/black/pico/pico-sdk/src/rp2_common/pico_clib_interface/newlib_interface.c.o
                0x100052ec                runtime_init
 .text.stdio_out_chars_no_crlf
                0x10005318       0x10 CMakeFiles/main.dir/home/black/pico/pico-sdk/src/rp2_common/pico_stdio/stdio.c.o
 .text.stdio_out_chars_crlf
                0x10005328       0xb0 CMakeFiles/main.dir/home/black/pico/pico-sdk/src/rp2_common/pico_stdio/stdio.c.o
 .text.stdio_put_string
                0x100053d8       0xfc CMakeFiles/main.dir/home/black/pico/pico-sdk/src/rp2_common/pico_stdio/stdio.c.o
                0x100053d8                stdio_put_string
 .text.__wrap_putchar
                0x100054d4       0x94 CMakeFiles/main.dir/home/black/pico/pico-sdk/src/rp2_common/pico_stdio/stdio.c.o
                0x100054d4                stdio_putchar
                0x100054d4                __wrap_putchar
 .text.__wrap_puts
                0x10005568       0x3c CMakeFiles/main.dir/home/black/pico/pico-sdk/src/rp2_common/pico_stdio/stdio.c.o
                0x10005568                __wrap_puts
                0x10005568                stdio_puts
 .text.i2c_write_blocking_internal.constprop.0
                0x100055a4       0xf8 CMakeFiles/main.dir/home/black/pico/pico-sdk/src/rp2_common/hardware_i2c/i2c.c.o
 .text.i2c_set_baudrate
                0x1000569c       0xc0 CMakeFiles/main.dir/home/black/pico/pico-sdk/src/rp2_common/hardware_i2c/i2c.c.o
                0x1000569c                i2c_set_baudrate
 .text.i2c_init
                0x1000575c       0x50 CMakeFiles/main.dir/home/black/pico/pico-sdk/src/rp2_common/hardware_i2c/i2c.c.o
                0x1000575c                i2c_init
 .text.i2c_write_blocking
                0x100057ac       0x14 CMakeFiles/main.dir/home/black/pico/pico-sdk/src/rp2_common/hardware_i2c/i2c.c.o
                0x100057ac                i2c_write_blocking
 .text.spi_init
                0x100057c0      0x13c CMakeFiles/main.dir/home/black/pico/pico-sdk/src/rp2_common/hardware_spi/spi.c.o
                0x100057c0                spi_init
 .text._ZNSt7__cxx1112basic_stringIcSt11char_traitsIcESaIcEE9_M_createERjj
                0x100058fc       0x3c /usr/lib/gcc/arm-none-eabi/14.2.1/../../../arm-none-eabi/lib/thumb/v6-m/nofp/libstdc++.a(string-inst.o)
                0x100058fc                std::__cxx11::basic_string<char, std::char_traits<char>, std::allocator<char> >::_M_create(unsigned int&, unsigned int)
 .text._ZNSt7__cxx1112basic_stringIcSt11char_traitsIcESaIcEE10_M_disposeEv
                0x10005938       0x14 /usr/lib/gcc/arm-none-eabi/14.2.1/../../../arm-none-eabi/lib/thumb/v6-m/nofp/libstdc++.a(string-inst.o)
                0x10005938                std::__cxx11::basic_string<char, std::char_traits<char>, std::allocator<char> >::_M_dispose()
 .text._ZNSt7__cxx1112basic_stringIcSt11char_traitsIcESaIcEE9_M_mutateEjjPKcj
                0x1000594c       0xb4 /usr/lib/gcc/arm-none-eabi/14.2.1/../../../arm-none-eabi/lib/thumb/v6-m/nofp/libstdc++.a(string-inst.o)
                0x1000594c                std::__cxx11::basic_string<char, std::char_traits<char>, std::allocator<char> >::_M_mutate(unsigned int, unsigned int, char const*, unsigned int)
 .text._ZNSt7__cxx1112basic_stringIcSt11char_traitsIcESaIcEE7reserveEj
                0x10005a00       0x5c /usr/lib/gcc/arm-none-eabi/14.2.1/../../../arm-none-eabi/lib/thumb/v6-m/nofp/libstdc++.a(string-inst.o)
                0x10005a00                std::__cxx11::basic_string<char, std::char_traits<char>, std::allocator<char> >::reserve(unsigned int)
 .text.unlikely._ZNSt7__cxx1112basic_stringIcSt11char_traitsIcESaIcEE15_M_replace_coldEPcjPKcjj
                0x10005a5c       0xcc /usr/lib/gcc/arm-none-eabi/14.2.1/../../../arm-none-eabi/lib/thumb/v6-m/nofp/libstdc++.a(string-inst.o)
                0x10005a5c                std::__cxx11::basic_string<char, std::char_traits<char>, std::allocator<char> >::_M_replace_cold(char*, unsigned int, char const*, unsigned int, unsigned int)
 .text._ZNSt7__cxx1112basic_stringIcSt11char_traitsIcESaIcEE10_M_replaceEjjPKcj
                0x10005b28       0xd0 /usr/lib/gcc/arm-none-eabi/14.2.1/../../../arm-none-eabi/lib/thumb/v6-m/nofp/libstdc++.a(string-inst.o)
                0x10005b28                std::__cxx11::basic_string<char, std::char_traits<char>, std::allocator<char> >::_M_replace(unsigned int, unsigned int, char const*, unsigned int)
 .text.__cxa_end_cleanup
                0x10005bf8        0xc /usr/lib/gcc/arm-none-eabi/14.2.1/../../../arm-none-eabi/lib/thumb/v6-m/nofp/libstdc++.a(eh_arm.o)
                0x10005bf8                __cxa_end_cleanup
 .text.__cxa_type_match
                0x10005c04       0xc0 /usr/lib/gcc/arm-none-eabi/14.2.1/../../../arm-none-eabi/lib/thumb/v6-m/nofp/libstdc++.a(eh_arm.o)
                0x10005c04                __cxa_type_match
 .text.__cxa_begin_cleanup
                0x10005cc4       0x60 /usr/lib/gcc/arm-none-eabi/14.2.1/../../../arm-none-eabi/lib/thumb/v6-m/nofp/libstdc++.a(eh_arm.o)
                0x10005cc4                __cxa_begin_cleanup
 .text.__gnu_end_cleanup
                0x10005d24       0x70 /usr/lib/gcc/arm-none-eabi/14.2.1/../../../arm-none-eabi/lib/thumb/v6-m/nofp/libstdc++.a(eh_arm.o)
                0x10005d24                __gnu_end_cleanup
 .text.__cxa_begin_catch
                0x10005d94       0x74 /usr/lib/gcc/arm-none-eabi/14.2.1/../../../arm-none-eabi/lib/thumb/v6-m/nofp/libstdc++.a(eh_catch.o)
                0x10005d94                __cxa_begin_catch
 .text.__cxa_end_catch
                0x10005e08       0x90 /usr/lib/gcc/arm-none-eabi/14.2.1/../../../arm-none-eabi/lib/thumb/v6-m/nofp/libstdc++.a(eh_catch.o)
                0x10005e08                __cxa_end_catch
 .text._ZNSt9exceptionD2Ev
                0x10005e98        0x4 /usr/lib/gcc/arm-none-eabi/14.2.1/../../../arm-none-eabi/lib/thumb/v6-m/nofp/libstdc++.a(eh_exception.o)
                0x10005e98                std::exception::~exception()
                0x10005e98                std::exception::~exception()
 .text._ZNSt13bad_exceptionD2Ev
                0x10005e9c        0x4 /usr/lib/gcc/arm-none-eabi/14.2.1/../../../arm-none-eabi/lib/thumb/v6-m/nofp/libstdc++.a(eh_exception.o)
                0x10005e9c                std::bad_exception::~bad_exception()
                0x10005e9c                std::bad_exception::~bad_exception()
 .text._ZNKSt13bad_exception4whatEv
                0x10005ea0        0x8 /usr/lib/gcc/arm-none-eabi/14.2.1/../../../arm-none-eabi/lib/thumb/v6-m/nofp/libstdc++.a(eh_exception.o)
                0x10005ea0                transaction clone for std::bad_exception::what() const
                0x10005ea0                std::bad_exception::what() const
 .text._ZNSt13bad_exceptionD0Ev
                0x10005ea8       0x10 /usr/lib/gcc/arm-none-eabi/14.2.1/../../../arm-none-eabi/lib/thumb/v6-m/nofp/libstdc++.a(eh_exception.o)
                0x10005ea8                std::bad_exception::~bad_exception()
 .text.__cxa_get_globals_fast
                0x10005eb8        0x8 /usr/lib/gcc/arm-none-eabi/14.2.1/../../../arm-none-eabi/lib/thumb/v6-m/nofp/libstdc++.a(eh_globals.o)
                0x10005eb8                __cxa_get_globals_fast
 .text.__cxa_get_globals
                0x10005ec0        0x8 /usr/lib/gcc/arm-none-eabi/14.2.1/../../../arm-none-eabi/lib/thumb/v6-m/nofp/libstdc++.a(eh_globals.o)
                0x10005ec0                __cxa_get_globals
 .text._ZL28read_encoded_value_with_basehjPKhPj
                0x10005ec8      0x104 /usr/lib/gcc/arm-none-eabi/14.2.1/../../../arm-none-eabi/lib/thumb/v6-m/nofp/libstdc++.a(eh_personality.o)
 .text._ZL21base_of_encoded_valuehP15_Unwind_Context
                0x10005fcc       0x40 /usr/lib/gcc/arm-none-eabi/14.2.1/../../../arm-none-eabi/lib/thumb/v6-m/nofp/libstdc++.a(eh_personality.o)
 .text._ZL17parse_lsda_headerP15_Unwind_ContextPKhP16lsda_header_info
                0x1000600c       0x94 /usr/lib/gcc/arm-none-eabi/14.2.1/../../../arm-none-eabi/lib/thumb/v6-m/nofp/libstdc++.a(eh_personality.o)
 .text.__gxx_personality_v0
                0x100060a0      0x4e4 /usr/lib/gcc/arm-none-eabi/14.2.1/../../../arm-none-eabi/lib/thumb/v6-m/nofp/libstdc++.a(eh_personality.o)
                0x100060a0                __gxx_personality_v0
 .text._ZN10__cxxabiv111__terminateEPFvvE
                0x10006584       0x10 /usr/lib/gcc/arm-none-eabi/14.2.1/../../../arm-none-eabi/lib/thumb/v6-m/nofp/libstdc++.a(eh_terminate.o)
                0x10006584                __cxxabiv1::__terminate(void (*)())
 .text.unlikely._ZSt9terminatev
                0x10006594       0x10 /usr/lib/gcc/arm-none-eabi/14.2.1/../../../arm-none-eabi/lib/thumb/v6-m/nofp/libstdc++.a(eh_terminate.o)
                0x10006594                std::terminate()
 .text._ZN10__cxxabiv112__unexpectedEPFvvE
                0x100065a4        0x8 /usr/lib/gcc/arm-none-eabi/14.2.1/../../../arm-none-eabi/lib/thumb/v6-m/nofp/libstdc++.a(eh_terminate.o)
                0x100065a4                __cxxabiv1::__unexpected(void (*)())
 .text.unlikely._ZSt10unexpectedv
                0x100065ac       0x10 /usr/lib/gcc/arm-none-eabi/14.2.1/../../../arm-none-eabi/lib/thumb/v6-m/nofp/libstdc++.a(eh_terminate.o)
                0x100065ac                std::unexpected()
 .text._ZSt13get_terminatev
                0x100065bc        0xc /usr/lib/gcc/arm-none-eabi/14.2.1/../../../arm-none-eabi/lib/thumb/v6-m/nofp/libstdc++.a(eh_terminate.o)
                0x100065bc                std::get_terminate()
 .text._ZSt14get_unexpectedv
                0x100065c8        0xc /usr/lib/gcc/arm-none-eabi/14.2.1/../../../arm-none-eabi/lib/thumb/v6-m/nofp/libstdc++.a(eh_terminate.o)
                0x100065c8                std::get_unexpected()
 .text._ZL23__gxx_exception_cleanup19_Unwind_Reason_CodeP21_Unwind_Control_Block
                0x100065d4       0x34 /usr/lib/gcc/arm-none-eabi/14.2.1/../../../arm-none-eabi/lib/thumb/v6-m/nofp/libstdc++.a(eh_throw.o)
 .text.__cxa_init_primary_exception
                0x10006608       0x4c /usr/lib/gcc/arm-none-eabi/14.2.1/../../../arm-none-eabi/lib/thumb/v6-m/nofp/libstdc++.a(eh_throw.o)
                0x10006608                __cxa_init_primary_exception
 .text.__cxa_throw
                0x10006654       0x34 /usr/lib/gcc/arm-none-eabi/14.2.1/../../../arm-none-eabi/lib/thumb/v6-m/nofp/libstdc++.a(eh_throw.o)
                0x10006654                __cxa_throw
 .text.__cxa_rethrow
                0x10006688       0x70 /usr/lib/gcc/arm-none-eabi/14.2.1/../../../arm-none-eabi/lib/thumb/v6-m/nofp/libstdc++.a(eh_throw.o)
                0x10006688                __cxa_rethrow
 .text._ZN10__cxxabiv120__si_class_type_infoD2Ev
                0x100066f8       0x14 /usr/lib/gcc/arm-none-eabi/14.2.1/../../../arm-none-eabi/lib/thumb/v6-m/nofp/libstdc++.a(si_class_type_info.o)
                0x100066f8                __cxxabiv1::__si_class_type_info::~__si_class_type_info()
                0x100066f8                __cxxabiv1::__si_class_type_info::~__si_class_type_info()
 .text._ZN10__cxxabiv120__si_class_type_infoD0Ev
                0x1000670c       0x1c /usr/lib/gcc/arm-none-eabi/14.2.1/../../../arm-none-eabi/lib/thumb/v6-m/nofp/libstdc++.a(si_class_type_info.o)
                0x1000670c                __cxxabiv1::__si_class_type_info::~__si_class_type_info()
 .text._ZNK10__cxxabiv120__si_class_type_info20__do_find_public_srcEiPKvPKNS_17__class_type_infoES2_
                0x10006728       0x38 /usr/lib/gcc/arm-none-eabi/14.2.1/../../../arm-none-eabi/lib/thumb/v6-m/nofp/libstdc++.a(si_class_type_info.o)
                0x10006728                __cxxabiv1::__si_class_type_info::__do_find_public_src(int, void const*, __cxxabiv1::__class_type_info const*, void const*) const
 .text._ZNK10__cxxabiv120__si_class_type_info12__do_dyncastEiNS_17__class_type_info10__sub_kindEPKS1_PKvS4_S6_RNS1_16__dyncast_resultE
                0x10006760       0x88 /usr/lib/gcc/arm-none-eabi/14.2.1/../../../arm-none-eabi/lib/thumb/v6-m/nofp/libstdc++.a(si_class_type_info.o)
                0x10006760                __cxxabiv1::__si_class_type_info::__do_dyncast(int, __cxxabiv1::__class_type_info::__sub_kind, __cxxabiv1::__class_type_info const*, void const*, __cxxabiv1::__class_type_info const*, void const*, __cxxabiv1::__class_type_info::__dyncast_result&) const
 .text._ZNK10__cxxabiv120__si_class_type_info11__do_upcastEPKNS_17__class_type_infoEPKvRNS1_15__upcast_resultE
                0x100067e8       0x24 /usr/lib/gcc/arm-none-eabi/14.2.1/../../../arm-none-eabi/lib/thumb/v6-m/nofp/libstdc++.a(si_class_type_info.o)
                0x100067e8                __cxxabiv1::__si_class_type_info::__do_upcast(__cxxabiv1::__class_type_info const*, void const*, __cxxabiv1::__class_type_info::__upcast_result&) const
 .text._ZNSt9type_infoD2Ev
                0x1000680c        0x4 /usr/lib/gcc/arm-none-eabi/14.2.1/../../../arm-none-eabi/lib/thumb/v6-m/nofp/libstdc++.a(tinfo.o)
                0x1000680c                std::type_info::~type_info()
                0x1000680c                std::type_info::~type_info()
 .text._ZNKSt9type_info14__is_pointer_pEv
                0x10006810        0x4 /usr/lib/gcc/arm-none-eabi/14.2.1/../../../arm-none-eabi/lib/thumb/v6-m/nofp/libstdc++.a(tinfo.o)
                0x10006810                std::type_info::__is_function_p() const
                0x10006810                std::type_info::__is_pointer_p() const
 .text._ZNKSt9type_infoeqERKS_
                0x10006814       0x30 /usr/lib/gcc/arm-none-eabi/14.2.1/../../../arm-none-eabi/lib/thumb/v6-m/nofp/libstdc++.a(tinfo.o)
                0x10006814                std::type_info::__equal(std::type_info const&) const
                0x10006814                std::type_info::operator==(std::type_info const&) const
 .text.unlikely._ZSt19__throw_logic_errorPKc
                0x10006844       0x30 /usr/lib/gcc/arm-none-eabi/14.2.1/../../../arm-none-eabi/lib/thumb/v6-m/nofp/libstdc++.a(functexcept.o)
                0x10006844                std::__throw_logic_error(char const*)
 .text.unlikely._ZSt20__throw_length_errorPKc
                0x10006874       0x30 /usr/lib/gcc/arm-none-eabi/14.2.1/../../../arm-none-eabi/lib/thumb/v6-m/nofp/libstdc++.a(functexcept.o)
                0x10006874                std::__throw_length_error(char const*)
 .text._ZNK10__cxxabiv117__class_type_info11__do_upcastEPKS0_PPv
                0x100068a4       0x34 /usr/lib/gcc/arm-none-eabi/14.2.1/../../../arm-none-eabi/lib/thumb/v6-m/nofp/libstdc++.a(class_type_info.o)
                0x100068a4                __cxxabiv1::__class_type_info::__do_upcast(__cxxabiv1::__class_type_info const*, void**) const
 .text._ZNK10__cxxabiv117__class_type_info20__do_find_public_srcEiPKvPKS0_S2_
                0x100068d8       0x14 /usr/lib/gcc/arm-none-eabi/14.2.1/../../../arm-none-eabi/lib/thumb/v6-m/nofp/libstdc++.a(class_type_info.o)
                0x100068d8                __cxxabiv1::__class_type_info::__do_find_public_src(int, void const*, __cxxabiv1::__class_type_info const*, void const*) const
 .text._ZN10__cxxabiv117__class_type_infoD2Ev
                0x100068ec       0x14 /usr/lib/gcc/arm-none-eabi/14.2.1/../../../arm-none-eabi/lib/thumb/v6-m/nofp/libstdc++.a(class_type_info.o)
                0x100068ec                __cxxabiv1::__class_type_info::~__class_type_info()
                0x100068ec                __cxxabiv1::__class_type_info::~__class_type_info()
 .text._ZN10__cxxabiv117__class_type_infoD0Ev
                0x10006900       0x1c /usr/lib/gcc/arm-none-eabi/14.2.1/../../../arm-none-eabi/lib/thumb/v6-m/nofp/libstdc++.a(class_type_info.o)
                0x10006900                __cxxabiv1::__class_type_info::~__class_type_info()
 .text._ZNK10__cxxabiv117__class_type_info12__do_dyncastEiNS0_10__sub_kindEPKS0_PKvS3_S5_RNS0_16__dyncast_resultE
                0x1000691c       0x40 /usr/lib/gcc/arm-none-eabi/14.2.1/../../../arm-none-eabi/lib/thumb/v6-m/nofp/libstdc++.a(class_type_info.o)
                0x1000691c                __cxxabiv1::__class_type_info::__do_dyncast(int, __cxxabiv1::__class_type_info::__sub_kind, __cxxabiv1::__class_type_info const*, void const*, __cxxabiv1::__class_type_info const*, void const*, __cxxabiv1::__class_type_info::__dyncast_result&) const
 .text._ZNK10__cxxabiv117__class_type_info11__do_upcastEPKS0_PKvRNS0_15__upcast_resultE
                0x1000695c       0x1c /usr/lib/gcc/arm-none-eabi/14.2.1/../../../arm-none-eabi/lib/thumb/v6-m/nofp/libstdc++.a(class_type_info.o)
                0x1000695c                __cxxabiv1::__class_type_info::__do_upcast(__cxxabiv1::__class_type_info const*, void const*, __cxxabiv1::__class_type_info::__upcast_result&) const
 .text._ZNK10__cxxabiv117__class_type_info10__do_catchEPKSt9type_infoPPvj
                0x10006978       0x24 /usr/lib/gcc/arm-none-eabi/14.2.1/../../../arm-none-eabi/lib/thumb/v6-m/nofp/libstdc++.a(class_type_info.o)
                0x10006978                __cxxabiv1::__class_type_info::__do_catch(std::type_info const*, void**, unsigned int) const
 .text._ZN12_GLOBAL__N_14pool4freeEPv.constprop.0
                0x1000699c       0x74 /usr/lib/gcc/arm-none-eabi/14.2.1/../../../arm-none-eabi/lib/thumb/v6-m/nofp/libstdc++.a(eh_alloc.o)
 .text._ZN12_GLOBAL__N_14pool8allocateEj.constprop.0
                0x10006a10       0x54 /usr/lib/gcc/arm-none-eabi/14.2.1/../../../arm-none-eabi/lib/thumb/v6-m/nofp/libstdc++.a(eh_alloc.o)
 .text.__cxa_allocate_exception
                0x10006a64       0x2c /usr/lib/gcc/arm-none-eabi/14.2.1/../../../arm-none-eabi/lib/thumb/v6-m/nofp/libstdc++.a(eh_alloc.o)
                0x10006a64                __cxa_allocate_exception
 .text.__cxa_free_exception
                0x10006a90       0x24 /usr/lib/gcc/arm-none-eabi/14.2.1/../../../arm-none-eabi/lib/thumb/v6-m/nofp/libstdc++.a(eh_alloc.o)
                0x10006a90                __cxa_free_exception
 .text.startup._GLOBAL__sub_I__ZN9__gnu_cxx9__freeresEv
                0x10006ab4      0x118 /usr/lib/gcc/arm-none-eabi/14.2.1/../../../arm-none-eabi/lib/thumb/v6-m/nofp/libstdc++.a(eh_alloc.o)
 .text.unlikely._ZN10__cxxabiv1L24__is_gxx_exception_classEPc
                0x10006bcc       0x3a /usr/lib/gcc/arm-none-eabi/14.2.1/../../../arm-none-eabi/lib/thumb/v6-m/nofp/libstdc++.a(eh_call.o)
 .text.unlikely.__cxa_call_terminate
                0x10006c06       0x20 /usr/lib/gcc/arm-none-eabi/14.2.1/../../../arm-none-eabi/lib/thumb/v6-m/nofp/libstdc++.a(eh_call.o)
                0x10006c06                __cxa_call_terminate
 *fill*         0x10006c26        0x2 
 .text.unlikely.__cxa_call_unexpected
                0x10006c28       0xf4 /usr/lib/gcc/arm-none-eabi/14.2.1/../../../arm-none-eabi/lib/thumb/v6-m/nofp/libstdc++.a(eh_call.o)
                0x10006c28                __cxa_call_unexpected
 .text._ZNKSt11logic_error4whatEv
                0x10006d1c        0x4 /usr/lib/gcc/arm-none-eabi/14.2.1/../../../arm-none-eabi/lib/thumb/v6-m/nofp/libstdc++.a(stdexcept.o)
                0x10006d1c                std::runtime_error::what() const
                0x10006d1c                std::logic_error::what() const
 .text._ZNSt11logic_errorD2Ev
                0x10006d20       0x40 /usr/lib/gcc/arm-none-eabi/14.2.1/../../../arm-none-eabi/lib/thumb/v6-m/nofp/libstdc++.a(stdexcept.o)
                0x10006d20                std::logic_error::~logic_error()
                0x10006d20                std::logic_error::~logic_error()
 .text._ZNSt12length_errorD2Ev
                0x10006d60       0x40 /usr/lib/gcc/arm-none-eabi/14.2.1/../../../arm-none-eabi/lib/thumb/v6-m/nofp/libstdc++.a(stdexcept.o)
                0x10006d60                std::length_error::~length_error()
                0x10006d60                std::length_error::~length_error()
 .text._ZNSt11logic_errorD0Ev
                0x10006da0       0x44 /usr/lib/gcc/arm-none-eabi/14.2.1/../../../arm-none-eabi/lib/thumb/v6-m/nofp/libstdc++.a(stdexcept.o)
                0x10006da0                std::logic_error::~logic_error()
 .text._ZNSt12length_errorD0Ev
                0x10006de4       0x44 /usr/lib/gcc/arm-none-eabi/14.2.1/../../../arm-none-eabi/lib/thumb/v6-m/nofp/libstdc++.a(stdexcept.o)
                0x10006de4                std::length_error::~length_error()
 .text._ZNSt11logic_errorC2EPKc
                0x10006e28       0x88 /usr/lib/gcc/arm-none-eabi/14.2.1/../../../arm-none-eabi/lib/thumb/v6-m/nofp/libstdc++.a(cow-stdexcept.o)
                0x10006e28                std::logic_error::logic_error(char const*)
                0x10006e28                std::logic_error::logic_error(char const*)
 .text._ZNSt12length_errorC2EPKc
                0x10006eb0       0x14 /usr/lib/gcc/arm-none-eabi/14.2.1/../../../arm-none-eabi/lib/thumb/v6-m/nofp/libstdc++.a(cow-stdexcept.o)
                0x10006eb0                std::length_error::length_error(char const*)
                0x10006eb0                std::length_error::length_error(char const*)
 .text._ZNSt12__cow_stringC2EPKcj
                0x10006ec4       0x74 /usr/lib/gcc/arm-none-eabi/14.2.1/../../../arm-none-eabi/lib/thumb/v6-m/nofp/libstdc++.a(cow-stdexcept.o)
                0x10006ec4                std::__cow_string::__cow_string(char const*, unsigned int)
                0x10006ec4                std::__cow_string::__cow_string(char const*, unsigned int)
 .text._ZNSs4_Rep9_S_createEjjRKSaIcE
                0x10006f38       0x74 /usr/lib/gcc/arm-none-eabi/14.2.1/../../../arm-none-eabi/lib/thumb/v6-m/nofp/libstdc++.a(cow-string-inst.o)
                0x10006f38                std::string::_Rep::_S_create(unsigned int, unsigned int, std::allocator<char> const&)
 .text._ZNSs4_Rep10_M_destroyERKSaIcE
                0x10006fac        0x8 /usr/lib/gcc/arm-none-eabi/14.2.1/../../../arm-none-eabi/lib/thumb/v6-m/nofp/libstdc++.a(cow-string-inst.o)
                0x10006fac                std::string::_Rep::_M_destroy(std::allocator<char> const&)
 .text._ZNK12_GLOBAL__N_122generic_error_category4nameEv
                0x10006fb4        0x8 /usr/lib/gcc/arm-none-eabi/14.2.1/../../../arm-none-eabi/lib/thumb/v6-m/nofp/libstdc++.a(system_error.o)
 .text._ZNK12_GLOBAL__N_122generic_error_category10equivalentEiRKSt15error_condition
                0x10006fbc       0x18 /usr/lib/gcc/arm-none-eabi/14.2.1/../../../arm-none-eabi/lib/thumb/v6-m/nofp/libstdc++.a(system_error.o)
 .text._ZN12_GLOBAL__N_122generic_error_categoryD2Ev
                0x10006fd4        0x4 /usr/lib/gcc/arm-none-eabi/14.2.1/../../../arm-none-eabi/lib/thumb/v6-m/nofp/libstdc++.a(system_error.o)
 .text._ZNK12_GLOBAL__N_121system_error_category4nameEv
                0x10006fd8        0x8 /usr/lib/gcc/arm-none-eabi/14.2.1/../../../arm-none-eabi/lib/thumb/v6-m/nofp/libstdc++.a(system_error.o)
 .text._ZNK12_GLOBAL__N_121system_error_category23default_error_conditionEi
                0x10006fe0       0x78 /usr/lib/gcc/arm-none-eabi/14.2.1/../../../arm-none-eabi/lib/thumb/v6-m/nofp/libstdc++.a(system_error.o)
 .text._ZN12_GLOBAL__N_121system_error_categoryD2Ev
                0x10007058        0x4 /usr/lib/gcc/arm-none-eabi/14.2.1/../../../arm-none-eabi/lib/thumb/v6-m/nofp/libstdc++.a(system_error.o)
 .text._ZNKSt3_V214error_category23default_error_conditionEi
                0x1000705c        0x8 /usr/lib/gcc/arm-none-eabi/14.2.1/../../../arm-none-eabi/lib/thumb/v6-m/nofp/libstdc++.a(system_error.o)
                0x1000705c                std::_V2::error_category::default_error_condition(int) const
 .text._ZNKSt3_V214error_category10equivalentERKSt10error_codei
                0x10007064       0x1c /usr/lib/gcc/arm-none-eabi/14.2.1/../../../arm-none-eabi/lib/thumb/v6-m/nofp/libstdc++.a(system_error.o)
                0x10007064                std::_V2::error_category::equivalent(std::error_code const&, int) const
 .text._ZN12_GLOBAL__N_113constant_initINS_22generic_error_categoryEED2Ev
                0x10007080        0x4 /usr/lib/gcc/arm-none-eabi/14.2.1/../../../arm-none-eabi/lib/thumb/v6-m/nofp/libstdc++.a(system_error.o)
 .text._ZN12_GLOBAL__N_113constant_initINS_21system_error_categoryEED2Ev
                0x10007084        0x4 /usr/lib/gcc/arm-none-eabi/14.2.1/../../../arm-none-eabi/lib/thumb/v6-m/nofp/libstdc++.a(system_error.o)
 .text._ZNK12_GLOBAL__N_122generic_error_category7messageB5cxx11Ei
                0x10007088       0xac /usr/lib/gcc/arm-none-eabi/14.2.1/../../../arm-none-eabi/lib/thumb/v6-m/nofp/libstdc++.a(system_error.o)
 .text._ZN12_GLOBAL__N_122generic_error_categoryD0Ev
                0x10007134        0xc /usr/lib/gcc/arm-none-eabi/14.2.1/../../../arm-none-eabi/lib/thumb/v6-m/nofp/libstdc++.a(system_error.o)
 .text._ZN12_GLOBAL__N_121system_error_categoryD0Ev
                0x10007140        0xc /usr/lib/gcc/arm-none-eabi/14.2.1/../../../arm-none-eabi/lib/thumb/v6-m/nofp/libstdc++.a(system_error.o)
 .text._ZNKSt3_V214error_category10_M_messageB5cxx11Ei
                0x1000714c       0x38 /usr/lib/gcc/arm-none-eabi/14.2.1/../../../arm-none-eabi/lib/thumb/v6-m/nofp/libstdc++.a(system_error.o)
                0x1000714c                std::_V2::error_category::_M_message[abi:cxx11](int) const
 .text._ZNK12_GLOBAL__N_121system_error_category10equivalentEiRKSt15error_condition
                0x10007184       0x8c /usr/lib/gcc/arm-none-eabi/14.2.1/../../../arm-none-eabi/lib/thumb/v6-m/nofp/libstdc++.a(system_error.o)
 .text.startup._GLOBAL__sub_I__ZSt20__throw_system_errori
                0x10007210       0x30 /usr/lib/gcc/arm-none-eabi/14.2.1/../../../arm-none-eabi/lib/thumb/v6-m/nofp/libstdc++.a(system_error.o)
 .text.__aeabi_atexit
                0x10007240       0x10 /usr/lib/gcc/arm-none-eabi/14.2.1/../../../arm-none-eabi/lib/thumb/v6-m/nofp/libstdc++.a(atexit_arm.o)
                0x10007240                __aeabi_atexit
 .text          0x10007250       0x60 /usr/lib/gcc/arm-none-eabi/14.2.1/../../../arm-none-eabi/lib/thumb/v6-m/nofp/libg.a(libc_a-strncpy.o)
                0x10007250                strncpy
 .text          0x100072b0       0x30 /usr/lib/gcc/arm-none-eabi/14.2.1/../../../arm-none-eabi/lib/thumb/v6-m/nofp/libg.a(libc_a-getenv.o)
                0x100072b0                _findenv
                0x100072c8                getenv
 .text          0x100072e0       0x5c /usr/lib/gcc/arm-none-eabi/14.2.1/../../../arm-none-eabi/lib/thumb/v6-m/nofp/libg.a(libc_a-strlen-stub.o)
                0x100072e0                strlen
 .text          0x1000733c       0xc4 /usr/lib/gcc/arm-none-eabi/14.2.1/../../../arm-none-eabi/lib/thumb/v6-m/nofp/libg.a(libc_a-strchr.o)
                0x1000733c                strchr
 .text          0x10007400      0x17c /usr/lib/gcc/arm-none-eabi/14.2.1/../../../arm-none-eabi/lib/thumb/v6-m/nofp/libg.a(libc_a-strtoul.o)
                0x10007544                _strtoul_r
                0x1000754c                strtoul_l
                0x10007564                strtoul
 .text          0x1000757c       0x28 /usr/lib/gcc/arm-none-eabi/14.2.1/../../../arm-none-eabi/lib/thumb/v6-m/nofp/libg.a(libc_a-fini.o)
                0x1000757c                __libc_fini_array
 .text          0x100075a4       0xb0 /usr/lib/gcc/arm-none-eabi/14.2.1/../../../arm-none-eabi/lib/thumb/v6-m/nofp/libg.a(libc_a-memmove.o)
                0x100075a4                memmove
 .text          0x10007654       0x10 /usr/lib/gcc/arm-none-eabi/14.2.1/../../../arm-none-eabi/lib/thumb/v6-m/nofp/libg.a(libc_a-abort.o)
                0x10007654                abort
 .text          0x10007664      0x5b0 /usr/lib/gcc/arm-none-eabi/14.2.1/../../../arm-none-eabi/lib/thumb/v6-m/nofp/libg.a(libc_a-mallocr.o)
                0x10007664                _malloc_r
 .text          0x10007c14       0x4c /usr/lib/gcc/arm-none-eabi/14.2.1/../../../arm-none-eabi/lib/thumb/v6-m/nofp/libg.a(libc_a-strcat.o)
                0x10007c14                strcat
 .text          0x10007c60      0x288 /usr/lib/gcc/arm-none-eabi/14.2.1/../../../arm-none-eabi/lib/thumb/v6-m/nofp/libg.a(libc_a-freer.o)
                0x10007c60                _malloc_trim_r
                0x10007d14                _free_r
 .text          0x10007ee8       0x10 /usr/lib/gcc/arm-none-eabi/14.2.1/../../../arm-none-eabi/lib/thumb/v6-m/nofp/libg.a(libc_a-cxa_atexit.o)
                0x10007ee8                __cxa_atexit
 .text          0x10007ef8       0x48 /usr/lib/gcc/arm-none-eabi/14.2.1/../../../arm-none-eabi/lib/thumb/v6-m/nofp/libg.a(libc_a-memcmp.o)
                0x10007ef8                memcmp
 .text          0x10007f40        0xc /usr/lib/gcc/arm-none-eabi/14.2.1/../../../arm-none-eabi/lib/thumb/v6-m/nofp/libg.a(libc_a-errno.o)
                0x10007f40                __errno
 .text          0x10007f4c       0x28 /usr/lib/gcc/arm-none-eabi/14.2.1/../../../arm-none-eabi/lib/thumb/v6-m/nofp/libg.a(libc_a-malloc.o)
                0x10007f4c                malloc
                0x10007f60                free
 .text          0x10007f74       0x78 /usr/lib/gcc/arm-none-eabi/14.2.1/../../../arm-none-eabi/lib/thumb/v6-m/nofp/libg.a(libc_a-__atexit.o)
                0x10007f74                __register_exitproc
 .text          0x10007fec       0x9c /usr/lib/gcc/arm-none-eabi/14.2.1/../../../arm-none-eabi/lib/thumb/v6-m/nofp/libg.a(libc_a-getenv_r.o)
                0x10007fec                _findenv_r
                0x10008078                _getenv_r
 .text          0x10008088        0x8 /usr/lib/gcc/arm-none-eabi/14.2.1/../../../arm-none-eabi/lib/thumb/v6-m/nofp/libg.a(libc_a-mlock.o)
                0x10008088                __malloc_lock
                0x1000808c                __malloc_unlock
 .text          0x10008090       0x24 /usr/lib/gcc/arm-none-eabi/14.2.1/../../../arm-none-eabi/lib/thumb/v6-m/nofp/libg.a(libc_a-sbrkr.o)
                0x10008090                _sbrk_r
 .text          0x100080b4       0x10 /usr/lib/gcc/arm-none-eabi/14.2.1/../../../arm-none-eabi/lib/thumb/v6-m/nofp/libg.a(libc_a-strcpy.o)
                0x100080b4                strcpy
 .text          0x100080c4       0x10 /usr/lib/gcc/arm-none-eabi/14.2.1/../../../arm-none-eabi/lib/thumb/v6-m/nofp/libg.a(libc_a-atexit.o)
                0x100080c4                atexit
 .text          0x100080d4       0x5c /usr/lib/gcc/arm-none-eabi/14.2.1/../../../arm-none-eabi/lib/thumb/v6-m/nofp/libg.a(libc_a-xpg_strerror_r.o)
                0x100080d4                __xpg_strerror_r
 .text          0x10008130       0x88 /usr/lib/gcc/arm-none-eabi/14.2.1/../../../arm-none-eabi/lib/thumb/v6-m/nofp/libg.a(libc_a-strcmp.o)
                0x10008130                strcmp
 .text          0x100081b8      0x284 /usr/lib/gcc/arm-none-eabi/14.2.1/../../../arm-none-eabi/lib/thumb/v6-m/nofp/libg.a(libc_a-signal.o)
                0x100081b8                _init_signal_r
                0x100081ec                _signal_r
                0x10008234                _raise_r
                0x1000828c                __sigtramp_r
                0x100082ec                raise
                0x10008348                signal
                0x10008398                _init_signal
                0x100083d4                __sigtramp
 .text          0x1000843c        0x8 /usr/lib/gcc/arm-none-eabi/14.2.1/../../../arm-none-eabi/lib/thumb/v6-m/nofp/libg.a(libc_a-envlock.o)
                0x1000843c                __env_lock
                0x10008440                __env_unlock
 .text          0x10008444       0x74 /usr/lib/gcc/arm-none-eabi/14.2.1/../../../arm-none-eabi/lib/thumb/v6-m/nofp/libg.a(libc_a-strncmp.o)
                0x10008444                strncmp
 .text          0x100084b8       0x1c /usr/lib/gcc/arm-none-eabi/14.2.1/../../../arm-none-eabi/lib/thumb/v6-m/nofp/libg.a(libc_a-sysconf.o)
                0x100084b8                sysconf
 .text.startup  0x100084d4       0x18 /usr/lib/gcc/arm-none-eabi/14.2.1/../../../arm-none-eabi/lib/thumb/v6-m/nofp/libg.a(libc_a-__call_atexit.o)
 .text          0x100084ec      0x2e8 /usr/lib/gcc/arm-none-eabi/14.2.1/../../../arm-none-eabi/lib/thumb/v6-m/nofp/libg.a(libc_a-strerror.o)
                0x100084ec                _strerror_r
                0x100087a4                strerror
                0x100087bc                strerror_l
 .text          0x100087d4       0x30 /usr/lib/gcc/arm-none-eabi/14.2.1/../../../arm-none-eabi/lib/thumb/v6-m/nofp/libg.a(libc_a-signalr.o)
                0x100087d4                _kill_r
                0x100087fc                _getpid_r
 .text          0x10008804        0x4 /usr/lib/gcc/arm-none-eabi/14.2.1/../../../arm-none-eabi/lib/thumb/v6-m/nofp/libg.a(libc_a-u_strerr.o)
                0x10008804                _user_strerror
 *(.fini)
 .fini          0x10008808        0x4 /usr/lib/gcc/arm-none-eabi/14.2.1/thumb/v6-m/nofp/crti.o
                0x10008808                _fini
 *fill*         0x1000880c        0x4 
 .fini.__stub   0x10008810      0x130 linker stubs
 *crtbegin.o(.ctors)
 *crtbegin?.o(.ctors)
 *(EXCLUDE_FILE(*crtend.o *crtend?.o) .ctors)
 *(SORT_BY_NAME(.ctors.*))
 *(.ctors)
 *crtbegin.o(.dtors)
 *crtbegin?.o(.dtors)
 *(EXCLUDE_FILE(*crtend.o *crtend?.o) .dtors)
 *(SORT_BY_NAME(.dtors.*))
 *(.dtors)
                0x10008940                        . = ALIGN (0x4)
                0x10008940                        PROVIDE (__preinit_array_start = .)
 *(SORT_BY_NAME(.preinit_array.*))
 .preinit_array.00100
                0x10008940        0x4 CMakeFiles/main.dir/home/black/pico/pico-sdk/src/rp2_common/pico_runtime_init/runtime_init.c.o
                0x10008940                __pre_init_runtime_init_early_resets
 .preinit_array.00101
                0x10008944        0x4 CMakeFiles/main.dir/home/black/pico/pico-sdk/src/rp2_common/pico_runtime_init/runtime_init.c.o
                0x10008944                __pre_init_runtime_init_usb_power_down
 .preinit_array.00275
                0x10008948        0x4 CMakeFiles/main.dir/home/black/pico/pico-sdk/src/rp2_common/pico_bit_ops/bit_ops_aeabi.S.o
 .preinit_array.00300
                0x1000894c        0x4 CMakeFiles/main.dir/home/black/pico/pico-sdk/src/rp2_common/pico_mem_ops/mem_ops_aeabi.S.o
 .preinit_array.00350
                0x10008950        0x4 CMakeFiles/main.dir/home/black/pico/pico-sdk/src/rp2_common/pico_double/double_aeabi_rp2040.S.o
 .preinit_array.00350
                0x10008954        0x4 CMakeFiles/main.dir/home/black/pico/pico-sdk/src/rp2_common/pico_float/float_aeabi_rp2040.S.o
 .preinit_array.00500
                0x10008958        0x4 CMakeFiles/main.dir/home/black/pico/pico-sdk/src/rp2_common/pico_runtime_init/runtime_init.c.o
                0x10008958                __pre_init_runtime_init_clocks
 .preinit_array.00600
                0x1000895c        0x4 CMakeFiles/main.dir/home/black/pico/pico-sdk/src/rp2_common/pico_runtime_init/runtime_init.c.o
                0x1000895c                __pre_init_runtime_init_post_clock_resets
 .preinit_array.00700
                0x10008960        0x4 CMakeFiles/main.dir/home/black/pico/pico-sdk/src/rp2_common/pico_runtime_init/runtime_init.c.o
                0x10008960                __pre_init_runtime_init_rp2040_gpio_ie_disable
 .preinit_array.01000
                0x10008964        0x4 CMakeFiles/main.dir/home/black/pico/pico-sdk/src/rp2_common/pico_runtime_init/runtime_init.c.o
                0x10008964                __pre_init_runtime_init_spin_locks_reset
 .preinit_array.01100
                0x10008968        0x4 CMakeFiles/main.dir/home/black/pico/pico-sdk/src/common/pico_sync/mutex.c.o
                0x10008968                __pre_init_runtime_init_mutex
 .preinit_array.10080
                0x1000896c        0x4 CMakeFiles/main.dir/home/black/pico/pico-sdk/src/rp2_common/pico_runtime_init/runtime_init.c.o
                0x1000896c                __pre_init_runtime_init_install_ram_vector_table
 .preinit_array.11000
                0x10008970        0x4 CMakeFiles/main.dir/home/black/pico/pico-sdk/src/common/pico_time/time.c.o
                0x10008970                __pre_init_runtime_init_default_alarm_pool
 .preinit_array.YYYYY
                0x10008974        0x4 CMakeFiles/main.dir/home/black/pico/pico-sdk/src/rp2_common/pico_runtime/runtime.c.o
                0x10008974                __pre_init_first_per_core_initializer
 .preinit_array.ZZZZZ.01200
                0x10008978        0x4 CMakeFiles/main.dir/home/black/pico/pico-sdk/src/rp2_common/hardware_irq/irq.c.o
                0x10008978                __pre_init_runtime_init_per_core_irq_priorities
 *(.preinit_array)
                0x1000897c                        PROVIDE (__preinit_array_end = .)
                0x1000897c                        . = ALIGN (0x4)
                0x1000897c                        PROVIDE (__init_array_start = .)
 *(SORT_BY_NAME(.init_array.*))
 .init_array.00000
                0x1000897c        0x4 /usr/lib/gcc/arm-none-eabi/14.2.1/../../../arm-none-eabi/lib/thumb/v6-m/nofp/libg.a(libc_a-__call_atexit.o)
 *(.init_array)
 .init_array    0x10008980        0x4 /usr/lib/gcc/arm-none-eabi/14.2.1/thumb/v6-m/nofp/crtbegin.o
 .init_array    0x10008984        0x4 /usr/lib/gcc/arm-none-eabi/14.2.1/../../../arm-none-eabi/lib/thumb/v6-m/nofp/libstdc++.a(eh_alloc.o)
 .init_array    0x10008988        0x4 /usr/lib/gcc/arm-none-eabi/14.2.1/../../../arm-none-eabi/lib/thumb/v6-m/nofp/libstdc++.a(system_error.o)
                0x1000898c                        PROVIDE (__init_array_end = .)
                0x1000898c                        . = ALIGN (0x4)
                0x1000898c                        PROVIDE (__fini_array_start = .)
 *(SORT_BY_NAME(.fini_array.*))
 *(.fini_array)
                0x1000898c                        PROVIDE (__fini_array_end = .)
 *(.eh_frame*)
 .eh_frame      0x1000898c        0x0 /usr/lib/gcc/arm-none-eabi/14.2.1/thumb/v6-m/nofp/crtbegin.o
                0x1000898c                        . = ALIGN (0x4)

.glue_7         0x1000898c        0x0
 .glue_7        0x1000898c        0x0 linker stubs

.glue_7t        0x1000898c        0x0
 .glue_7t       0x1000898c        0x0 linker stubs

.vfp11_veneer   0x1000898c        0x0
 .vfp11_veneer  0x1000898c        0x0 linker stubs

.v4_bx          0x1000898c        0x0
 .v4_bx         0x1000898c        0x0 linker stubs

.iplt           0x1000898c        0x0
 .iplt          0x1000898c        0x0 /usr/lib/gcc/arm-none-eabi/14.2.1/thumb/v6-m/nofp/crtbegin.o

.rodata         0x10008990     0x114c
 *(EXCLUDE_FILE(*libm.a: *libc.a:*lib_a-mem*.o *libgcc.a:) .rodata*)
 .rodata._ZN9__gnu_cxx12__to_xstringINSt7__cxx1112basic_stringIcSt11char_traitsIcESaIcEEEcEET_PFiPT0_jPKS8_St9__va_listEjSB_z.constprop.0.str1.4
                0x10008990      0x8b9 CMakeFiles/main.dir/main.cpp.o
                                  0x3 (size before relaxing)
 .rodata.main.str1.4
                0x10009249       0x26 CMakeFiles/main.dir/main.cpp.o
 *fill*         0x10009249        0x3 
 .rodata._ZZ4mainE7__bi_65
                0x1000924c        0x8 CMakeFiles/main.dir/main.cpp.o
 .rodata._ZTV7MFRC522
                0x10009254       0x14 CMakeFiles/main.dir/services/MFRC522.cpp.o
                0x10009254                vtable for MFRC522
 .rodata.panic.str1.4
                0x10009268       0x12 CMakeFiles/main.dir/home/black/pico/pico-sdk/src/rp2_common/pico_platform_panic/panic.c.o
 .rodata.timer_hardware_alarm_claim.str1.4
                0x10009268       0x22 CMakeFiles/main.dir/home/black/pico/pico-sdk/src/rp2_common/hardware_timer/timer.c.o
 .rodata.hard_assertion_failure.str1.4
                0x10009268        0xc CMakeFiles/main.dir/home/black/pico/pico-sdk/src/rp2_common/pico_runtime/runtime.c.o
 .rodata.__wrap_malloc.str1.4
                0x10009268        0xe CMakeFiles/main.dir/home/black/pico/pico-sdk/src/rp2_common/pico_malloc/malloc.c.o
 .rodata.str1.4
                0x10009268       0x3c CMakeFiles/main.dir/home/black/pico/pico-sdk/src/rp2_common/pico_standard_binary_info/standard_binary_info.c.o
 .rodata.__bi_84
                0x10009268        0xc CMakeFiles/main.dir/home/black/pico/pico-sdk/src/rp2_common/pico_standard_binary_info/standard_binary_info.c.o
 .rodata.__bi_78
                0x10009274        0xc CMakeFiles/main.dir/home/black/pico/pico-sdk/src/rp2_common/pico_standard_binary_info/standard_binary_info.c.o
 .rodata.__bi_54
                0x10009280        0xc CMakeFiles/main.dir/home/black/pico/pico-sdk/src/rp2_common/pico_standard_binary_info/standard_binary_info.c.o
 .rodata.__bi_48
                0x1000928c        0xc CMakeFiles/main.dir/home/black/pico/pico-sdk/src/rp2_common/pico_standard_binary_info/standard_binary_info.c.o
 .rodata.__bi_42
                0x10009298        0xc CMakeFiles/main.dir/home/black/pico/pico-sdk/src/rp2_common/pico_standard_binary_info/standard_binary_info.c.o
 .rodata.__bi_34
                0x100092a4        0xc CMakeFiles/main.dir/home/black/pico/pico-sdk/src/rp2_common/pico_standard_binary_info/standard_binary_info.c.o
 .rodata.__bi_26
                0x100092b0        0xc CMakeFiles/main.dir/home/black/pico/pico-sdk/src/rp2_common/pico_standard_binary_info/standard_binary_info.c.o
 .rodata._ftoa.str1.4
                0x100092bc       0x15 CMakeFiles/main.dir/home/black/pico/pico-sdk/src/rp2_common/pico_printf/printf.c.o
 .rodata._vsnprintf
                0x100092bc      0x19c CMakeFiles/main.dir/home/black/pico/pico-sdk/src/rp2_common/pico_printf/printf.c.o
 .rodata.pow10.0
                0x10009458       0x50 CMakeFiles/main.dir/home/black/pico/pico-sdk/src/rp2_common/pico_printf/printf.c.o
 .rodata.crlf_str.0
                0x100094a8        0x2 CMakeFiles/main.dir/home/black/pico/pico-sdk/src/rp2_common/pico_stdio/stdio.c.o
 .rodata._ZNSt7__cxx1112basic_stringIcSt11char_traitsIcESaIcEE9_M_createERjj.str1.4
                0x100094aa       0x18 /usr/lib/gcc/arm-none-eabi/14.2.1/../../../arm-none-eabi/lib/thumb/v6-m/nofp/libstdc++.a(string-inst.o)
 .rodata._ZNSt7__cxx1112basic_stringIcSt11char_traitsIcESaIcEE10_M_replaceEjjPKcj.str1.4
                0x100094aa       0x19 /usr/lib/gcc/arm-none-eabi/14.2.1/../../../arm-none-eabi/lib/thumb/v6-m/nofp/libstdc++.a(string-inst.o)
 .rodata._ZNKSt13bad_exception4whatEv.str1.4
                0x100094aa       0x13 /usr/lib/gcc/arm-none-eabi/14.2.1/../../../arm-none-eabi/lib/thumb/v6-m/nofp/libstdc++.a(eh_exception.o)
 *fill*         0x100094aa        0x2 
 .rodata._ZTSSt9exception
                0x100094ac        0xd /usr/lib/gcc/arm-none-eabi/14.2.1/../../../arm-none-eabi/lib/thumb/v6-m/nofp/libstdc++.a(eh_exception.o)
                0x100094ac                typeinfo name for std::exception
 *fill*         0x100094b9        0x3 
 .rodata._ZTISt9exception
                0x100094bc        0x8 /usr/lib/gcc/arm-none-eabi/14.2.1/../../../arm-none-eabi/lib/thumb/v6-m/nofp/libstdc++.a(eh_exception.o)
                0x100094bc                typeinfo for std::exception
 .rodata._ZTSSt13bad_exception
                0x100094c4       0x12 /usr/lib/gcc/arm-none-eabi/14.2.1/../../../arm-none-eabi/lib/thumb/v6-m/nofp/libstdc++.a(eh_exception.o)
                0x100094c4                typeinfo name for std::bad_exception
 *fill*         0x100094d6        0x2 
 .rodata._ZTISt13bad_exception
                0x100094d8        0xc /usr/lib/gcc/arm-none-eabi/14.2.1/../../../arm-none-eabi/lib/thumb/v6-m/nofp/libstdc++.a(eh_exception.o)
                0x100094d8                typeinfo for std::bad_exception
 .rodata._ZTSN10__cxxabiv115__forced_unwindE
                0x100094e4       0x20 /usr/lib/gcc/arm-none-eabi/14.2.1/../../../arm-none-eabi/lib/thumb/v6-m/nofp/libstdc++.a(eh_exception.o)
                0x100094e4                typeinfo name for __cxxabiv1::__forced_unwind
 .rodata._ZTIN10__cxxabiv115__forced_unwindE
                0x10009504        0x8 /usr/lib/gcc/arm-none-eabi/14.2.1/../../../arm-none-eabi/lib/thumb/v6-m/nofp/libstdc++.a(eh_exception.o)
                0x10009504                typeinfo for __cxxabiv1::__forced_unwind
 .rodata._ZTSN10__cxxabiv119__foreign_exceptionE
                0x1000950c       0x24 /usr/lib/gcc/arm-none-eabi/14.2.1/../../../arm-none-eabi/lib/thumb/v6-m/nofp/libstdc++.a(eh_exception.o)
                0x1000950c                typeinfo name for __cxxabiv1::__foreign_exception
 .rodata._ZTIN10__cxxabiv119__foreign_exceptionE
                0x10009530        0x8 /usr/lib/gcc/arm-none-eabi/14.2.1/../../../arm-none-eabi/lib/thumb/v6-m/nofp/libstdc++.a(eh_exception.o)
                0x10009530                typeinfo for __cxxabiv1::__foreign_exception
 .rodata._ZTVSt13bad_exception
                0x10009538       0x14 /usr/lib/gcc/arm-none-eabi/14.2.1/../../../arm-none-eabi/lib/thumb/v6-m/nofp/libstdc++.a(eh_exception.o)
                0x10009538                vtable for std::bad_exception
 .rodata._ZL28read_encoded_value_with_basehjPKhPj
                0x1000954c       0x34 /usr/lib/gcc/arm-none-eabi/14.2.1/../../../arm-none-eabi/lib/thumb/v6-m/nofp/libstdc++.a(eh_personality.o)
 .rodata._ZTSN10__cxxabiv120__si_class_type_infoE
                0x10009580       0x25 /usr/lib/gcc/arm-none-eabi/14.2.1/../../../arm-none-eabi/lib/thumb/v6-m/nofp/libstdc++.a(si_class_type_info.o)
                0x10009580                typeinfo name for __cxxabiv1::__si_class_type_info
 *fill*         0x100095a5        0x3 
 .rodata._ZTIN10__cxxabiv120__si_class_type_infoE
                0x100095a8        0xc /usr/lib/gcc/arm-none-eabi/14.2.1/../../../arm-none-eabi/lib/thumb/v6-m/nofp/libstdc++.a(si_class_type_info.o)
                0x100095a8                typeinfo for __cxxabiv1::__si_class_type_info
 .rodata._ZTVN10__cxxabiv120__si_class_type_infoE
                0x100095b4       0x2c /usr/lib/gcc/arm-none-eabi/14.2.1/../../../arm-none-eabi/lib/thumb/v6-m/nofp/libstdc++.a(si_class_type_info.o)
                0x100095b4                vtable for __cxxabiv1::__si_class_type_info
 .rodata._ZTSSt9type_info
                0x100095e0        0xd /usr/lib/gcc/arm-none-eabi/14.2.1/../../../arm-none-eabi/lib/thumb/v6-m/nofp/libstdc++.a(tinfo.o)
                0x100095e0                typeinfo name for std::type_info
 *fill*         0x100095ed        0x3 
 .rodata._ZTISt9type_info
                0x100095f0        0x8 /usr/lib/gcc/arm-none-eabi/14.2.1/../../../arm-none-eabi/lib/thumb/v6-m/nofp/libstdc++.a(tinfo.o)
                0x100095f0                typeinfo for std::type_info
 .rodata._ZTSN10__cxxabiv117__class_type_infoE
                0x100095f8       0x22 /usr/lib/gcc/arm-none-eabi/14.2.1/../../../arm-none-eabi/lib/thumb/v6-m/nofp/libstdc++.a(class_type_info.o)
                0x100095f8                typeinfo name for __cxxabiv1::__class_type_info
 *fill*         0x1000961a        0x2 
 .rodata._ZTIN10__cxxabiv117__class_type_infoE
                0x1000961c        0xc /usr/lib/gcc/arm-none-eabi/14.2.1/../../../arm-none-eabi/lib/thumb/v6-m/nofp/libstdc++.a(class_type_info.o)
                0x1000961c                typeinfo for __cxxabiv1::__class_type_info
 .rodata._ZTVN10__cxxabiv117__class_type_infoE
                0x10009628       0x2c /usr/lib/gcc/arm-none-eabi/14.2.1/../../../arm-none-eabi/lib/thumb/v6-m/nofp/libstdc++.a(class_type_info.o)
                0x10009628                vtable for __cxxabiv1::__class_type_info
 .rodata._GLOBAL__sub_I__ZN9__gnu_cxx9__freeresEv.str1.4
                0x10009654       0x3c /usr/lib/gcc/arm-none-eabi/14.2.1/../../../arm-none-eabi/lib/thumb/v6-m/nofp/libstdc++.a(eh_alloc.o)
 .rodata._ZTSSt11logic_error
                0x10009654       0x10 /usr/lib/gcc/arm-none-eabi/14.2.1/../../../arm-none-eabi/lib/thumb/v6-m/nofp/libstdc++.a(stdexcept.o)
                0x10009654                typeinfo name for std::logic_error
 .rodata._ZTISt11logic_error
                0x10009664        0xc /usr/lib/gcc/arm-none-eabi/14.2.1/../../../arm-none-eabi/lib/thumb/v6-m/nofp/libstdc++.a(stdexcept.o)
                0x10009664                typeinfo for std::logic_error
 .rodata._ZTSSt12length_error
                0x10009670       0x11 /usr/lib/gcc/arm-none-eabi/14.2.1/../../../arm-none-eabi/lib/thumb/v6-m/nofp/libstdc++.a(stdexcept.o)
                0x10009670                typeinfo name for std::length_error
 *fill*         0x10009681        0x3 
 .rodata._ZTISt12length_error
                0x10009684        0xc /usr/lib/gcc/arm-none-eabi/14.2.1/../../../arm-none-eabi/lib/thumb/v6-m/nofp/libstdc++.a(stdexcept.o)
                0x10009684                typeinfo for std::length_error
 .rodata._ZTVSt11logic_error
                0x10009690       0x14 /usr/lib/gcc/arm-none-eabi/14.2.1/../../../arm-none-eabi/lib/thumb/v6-m/nofp/libstdc++.a(stdexcept.o)
                0x10009690                vtable for std::logic_error
 .rodata._ZTVSt12length_error
                0x100096a4       0x14 /usr/lib/gcc/arm-none-eabi/14.2.1/../../../arm-none-eabi/lib/thumb/v6-m/nofp/libstdc++.a(stdexcept.o)
                0x100096a4                vtable for std::length_error
 .rodata._ZNSt11logic_errorC2EPKc.str1.4
                0x100096b8       0x2a /usr/lib/gcc/arm-none-eabi/14.2.1/../../../arm-none-eabi/lib/thumb/v6-m/nofp/libstdc++.a(cow-stdexcept.o)
 .rodata._ZNSs4_Rep9_S_createEjjRKSaIcE.str1.4
                0x100096b8       0x18 /usr/lib/gcc/arm-none-eabi/14.2.1/../../../arm-none-eabi/lib/thumb/v6-m/nofp/libstdc++.a(cow-string-inst.o)
 .rodata._ZNK12_GLOBAL__N_122generic_error_category4nameEv.str1.4
                0x100096b8        0x8 /usr/lib/gcc/arm-none-eabi/14.2.1/../../../arm-none-eabi/lib/thumb/v6-m/nofp/libstdc++.a(system_error.o)
 .rodata._ZNK12_GLOBAL__N_121system_error_category4nameEv.str1.4
                0x100096b8        0x7 /usr/lib/gcc/arm-none-eabi/14.2.1/../../../arm-none-eabi/lib/thumb/v6-m/nofp/libstdc++.a(system_error.o)
 .rodata._ZNK12_GLOBAL__N_122generic_error_category7messageB5cxx11Ei.str1.4
                0x100096b8        0xe /usr/lib/gcc/arm-none-eabi/14.2.1/../../../arm-none-eabi/lib/thumb/v6-m/nofp/libstdc++.a(system_error.o)
 .rodata._ZTSNSt3_V214error_categoryE
                0x100096b8       0x19 /usr/lib/gcc/arm-none-eabi/14.2.1/../../../arm-none-eabi/lib/thumb/v6-m/nofp/libstdc++.a(system_error.o)
                0x100096b8                typeinfo name for std::_V2::error_category
 *fill*         0x100096d1        0x3 
 .rodata._ZTINSt3_V214error_categoryE
                0x100096d4        0x8 /usr/lib/gcc/arm-none-eabi/14.2.1/../../../arm-none-eabi/lib/thumb/v6-m/nofp/libstdc++.a(system_error.o)
                0x100096d4                typeinfo for std::_V2::error_category
 .rodata._ZTIN12_GLOBAL__N_122generic_error_categoryE
                0x100096dc        0xc /usr/lib/gcc/arm-none-eabi/14.2.1/../../../arm-none-eabi/lib/thumb/v6-m/nofp/libstdc++.a(system_error.o)
 .rodata._ZTSN12_GLOBAL__N_122generic_error_categoryE
                0x100096e8       0x2a /usr/lib/gcc/arm-none-eabi/14.2.1/../../../arm-none-eabi/lib/thumb/v6-m/nofp/libstdc++.a(system_error.o)
 *fill*         0x10009712        0x2 
 .rodata._ZTIN12_GLOBAL__N_121system_error_categoryE
                0x10009714        0xc /usr/lib/gcc/arm-none-eabi/14.2.1/../../../arm-none-eabi/lib/thumb/v6-m/nofp/libstdc++.a(system_error.o)
 .rodata._ZTSN12_GLOBAL__N_121system_error_categoryE
                0x10009720       0x29 /usr/lib/gcc/arm-none-eabi/14.2.1/../../../arm-none-eabi/lib/thumb/v6-m/nofp/libstdc++.a(system_error.o)
 *fill*         0x10009749        0x3 
 .rodata._ZTVN12_GLOBAL__N_122generic_error_categoryE
                0x1000974c       0x28 /usr/lib/gcc/arm-none-eabi/14.2.1/../../../arm-none-eabi/lib/thumb/v6-m/nofp/libstdc++.a(system_error.o)
 .rodata._ZTVN12_GLOBAL__N_121system_error_categoryE
                0x10009774       0x28 /usr/lib/gcc/arm-none-eabi/14.2.1/../../../arm-none-eabi/lib/thumb/v6-m/nofp/libstdc++.a(system_error.o)
 .rodata        0x1000979c      0x101 /usr/lib/gcc/arm-none-eabi/14.2.1/../../../arm-none-eabi/lib/thumb/v6-m/nofp/libg.a(libc_a-ctype_.o)
                0x1000979c                _ctype_
 .rodata.str1.4
                0x1000989d      0x701 /usr/lib/gcc/arm-none-eabi/14.2.1/../../../arm-none-eabi/lib/thumb/v6-m/nofp/libg.a(libc_a-strerror.o)
 *fill*         0x1000989d        0x3 
 .rodata        0x100098a0      0x23c /usr/lib/gcc/arm-none-eabi/14.2.1/../../../arm-none-eabi/lib/thumb/v6-m/nofp/libg.a(libc_a-strerror.o)
                0x10009adc                        . = ALIGN (0x4)
 *(SORT_BY_ALIGNMENT(SORT_BY_NAME(.flashdata*)))
                0x10009adc                        . = ALIGN (0x4)

.ARM.extab      0x10009adc      0x15c
 *(.ARM.extab* .gnu.linkonce.armextab.*)
 .ARM.extab.text._ZNSt7__cxx1112basic_stringIcSt11char_traitsIcESaIcEE9_M_createERjj
                0x10009adc        0x0 /usr/lib/gcc/arm-none-eabi/14.2.1/../../../arm-none-eabi/lib/thumb/v6-m/nofp/libstdc++.a(string-inst.o)
 .ARM.extab.text._ZNSt7__cxx1112basic_stringIcSt11char_traitsIcESaIcEE10_M_disposeEv
                0x10009adc        0x0 /usr/lib/gcc/arm-none-eabi/14.2.1/../../../arm-none-eabi/lib/thumb/v6-m/nofp/libstdc++.a(string-inst.o)
 .ARM.extab.text._ZNSt7__cxx1112basic_stringIcSt11char_traitsIcESaIcEE9_M_mutateEjjPKcj
                0x10009adc        0xc /usr/lib/gcc/arm-none-eabi/14.2.1/../../../arm-none-eabi/lib/thumb/v6-m/nofp/libstdc++.a(string-inst.o)
 .ARM.extab.text._ZNSt7__cxx1112basic_stringIcSt11char_traitsIcESaIcEE7reserveEj
                0x10009ae8        0x0 /usr/lib/gcc/arm-none-eabi/14.2.1/../../../arm-none-eabi/lib/thumb/v6-m/nofp/libstdc++.a(string-inst.o)
 .ARM.extab.text.unlikely._ZNSt7__cxx1112basic_stringIcSt11char_traitsIcESaIcEE15_M_replace_coldEPcjPKcjj
                0x10009ae8        0x0 /usr/lib/gcc/arm-none-eabi/14.2.1/../../../arm-none-eabi/lib/thumb/v6-m/nofp/libstdc++.a(string-inst.o)
 .ARM.extab.text._ZNSt7__cxx1112basic_stringIcSt11char_traitsIcESaIcEE10_M_replaceEjjPKcj
                0x10009ae8        0xc /usr/lib/gcc/arm-none-eabi/14.2.1/../../../arm-none-eabi/lib/thumb/v6-m/nofp/libstdc++.a(string-inst.o)
 .ARM.extab.text.__cxa_type_match
                0x10009af4        0xc /usr/lib/gcc/arm-none-eabi/14.2.1/../../../arm-none-eabi/lib/thumb/v6-m/nofp/libstdc++.a(eh_arm.o)
 .ARM.extab.text.__cxa_begin_catch
                0x10009b00        0xc /usr/lib/gcc/arm-none-eabi/14.2.1/../../../arm-none-eabi/lib/thumb/v6-m/nofp/libstdc++.a(eh_catch.o)
 .ARM.extab.text.__gxx_personality_v0
                0x10009b0c       0x28 /usr/lib/gcc/arm-none-eabi/14.2.1/../../../arm-none-eabi/lib/thumb/v6-m/nofp/libstdc++.a(eh_personality.o)
 .ARM.extab.text._ZN10__cxxabiv111__terminateEPFvvE
                0x10009b34       0x18 /usr/lib/gcc/arm-none-eabi/14.2.1/../../../arm-none-eabi/lib/thumb/v6-m/nofp/libstdc++.a(eh_terminate.o)
 .ARM.extab.text.unlikely._ZSt19__throw_logic_errorPKc
                0x10009b4c       0x14 /usr/lib/gcc/arm-none-eabi/14.2.1/../../../arm-none-eabi/lib/thumb/v6-m/nofp/libstdc++.a(functexcept.o)
 .ARM.extab.text.unlikely._ZSt20__throw_length_errorPKc
                0x10009b60       0x14 /usr/lib/gcc/arm-none-eabi/14.2.1/../../../arm-none-eabi/lib/thumb/v6-m/nofp/libstdc++.a(functexcept.o)
 .ARM.extab.text.unlikely.__cxa_call_unexpected
                0x10009b74       0x28 /usr/lib/gcc/arm-none-eabi/14.2.1/../../../arm-none-eabi/lib/thumb/v6-m/nofp/libstdc++.a(eh_call.o)
 .ARM.extab.text._ZNSt11logic_errorC2EPKc
                0x10009b9c       0x1c /usr/lib/gcc/arm-none-eabi/14.2.1/../../../arm-none-eabi/lib/thumb/v6-m/nofp/libstdc++.a(cow-stdexcept.o)
 .ARM.extab.text._ZNSt12__cow_stringC2EPKcj
                0x10009bb8        0xc /usr/lib/gcc/arm-none-eabi/14.2.1/../../../arm-none-eabi/lib/thumb/v6-m/nofp/libstdc++.a(cow-stdexcept.o)
 .ARM.extab.text._ZNSs4_Rep9_S_createEjjRKSaIcE
                0x10009bc4        0x0 /usr/lib/gcc/arm-none-eabi/14.2.1/../../../arm-none-eabi/lib/thumb/v6-m/nofp/libstdc++.a(cow-string-inst.o)
 .ARM.extab.text._ZNSs4_Rep10_M_destroyERKSaIcE
                0x10009bc4        0x0 /usr/lib/gcc/arm-none-eabi/14.2.1/../../../arm-none-eabi/lib/thumb/v6-m/nofp/libstdc++.a(cow-string-inst.o)
 .ARM.extab.text._ZNK12_GLOBAL__N_122generic_error_category7messageB5cxx11Ei
                0x10009bc4       0x1f /usr/lib/gcc/arm-none-eabi/14.2.1/../../../arm-none-eabi/lib/thumb/v6-m/nofp/libstdc++.a(system_error.o)
 *fill*         0x10009be3        0x1 
 .ARM.extab.text._ZNKSt3_V214error_category10_M_messageB5cxx11Ei
                0x10009be4       0x18 /usr/lib/gcc/arm-none-eabi/14.2.1/../../../arm-none-eabi/lib/thumb/v6-m/nofp/libstdc++.a(system_error.o)
 .ARM.extab     0x10009bfc       0x30 /usr/lib/gcc/arm-none-eabi/14.2.1/thumb/v6-m/nofp/libgcc.a(unwind-arm.o)
 .ARM.extab     0x10009c2c        0xc /usr/lib/gcc/arm-none-eabi/14.2.1/thumb/v6-m/nofp/libgcc.a(pr-support.o)
                0x10009c38                        __exidx_start = .

.ARM.exidx      0x10009c38      0x230
 *(.ARM.exidx* .gnu.linkonce.armexidx.*)
 .ARM.exidx.text._ZNSt7__cxx1112basic_stringIcSt11char_traitsIcESaIcEE9_M_createERjj
                0x10009c38        0x8 /usr/lib/gcc/arm-none-eabi/14.2.1/../../../arm-none-eabi/lib/thumb/v6-m/nofp/libstdc++.a(string-inst.o)
 .ARM.exidx.text._ZNSt7__cxx1112basic_stringIcSt11char_traitsIcESaIcEE10_M_disposeEv
                0x10009c40        0x8 /usr/lib/gcc/arm-none-eabi/14.2.1/../../../arm-none-eabi/lib/thumb/v6-m/nofp/libstdc++.a(string-inst.o)
 .ARM.exidx.text._ZNSt7__cxx1112basic_stringIcSt11char_traitsIcESaIcEE9_M_mutateEjjPKcj
                0x10009c48        0x8 /usr/lib/gcc/arm-none-eabi/14.2.1/../../../arm-none-eabi/lib/thumb/v6-m/nofp/libstdc++.a(string-inst.o)
 .ARM.exidx.text._ZNSt7__cxx1112basic_stringIcSt11char_traitsIcESaIcEE7reserveEj
                0x10009c50        0x8 /usr/lib/gcc/arm-none-eabi/14.2.1/../../../arm-none-eabi/lib/thumb/v6-m/nofp/libstdc++.a(string-inst.o)
 .ARM.exidx.text.unlikely._ZNSt7__cxx1112basic_stringIcSt11char_traitsIcESaIcEE15_M_replace_coldEPcjPKcjj
                0x10009c58        0x8 /usr/lib/gcc/arm-none-eabi/14.2.1/../../../arm-none-eabi/lib/thumb/v6-m/nofp/libstdc++.a(string-inst.o)
 .ARM.exidx.text._ZNSt7__cxx1112basic_stringIcSt11char_traitsIcESaIcEE10_M_replaceEjjPKcj
                0x10009c60       0x10 /usr/lib/gcc/arm-none-eabi/14.2.1/../../../arm-none-eabi/lib/thumb/v6-m/nofp/libstdc++.a(string-inst.o)
                                  0x8 (size before relaxing)
 .ARM.exidx.text.__cxa_type_match
                0x10009c70        0x8 /usr/lib/gcc/arm-none-eabi/14.2.1/../../../arm-none-eabi/lib/thumb/v6-m/nofp/libstdc++.a(eh_arm.o)
 .ARM.exidx.text.__cxa_begin_cleanup
                0x10009c78        0x8 /usr/lib/gcc/arm-none-eabi/14.2.1/../../../arm-none-eabi/lib/thumb/v6-m/nofp/libstdc++.a(eh_arm.o)
 .ARM.exidx.text.__gnu_end_cleanup
                0x10009c80        0x0 /usr/lib/gcc/arm-none-eabi/14.2.1/../../../arm-none-eabi/lib/thumb/v6-m/nofp/libstdc++.a(eh_arm.o)
                                  0x8 (size before relaxing)
 .ARM.exidx.text.__cxa_begin_catch
                0x10009c80        0x8 /usr/lib/gcc/arm-none-eabi/14.2.1/../../../arm-none-eabi/lib/thumb/v6-m/nofp/libstdc++.a(eh_catch.o)
 .ARM.exidx.text.__cxa_end_catch
                0x10009c88        0x8 /usr/lib/gcc/arm-none-eabi/14.2.1/../../../arm-none-eabi/lib/thumb/v6-m/nofp/libstdc++.a(eh_catch.o)
 .ARM.exidx.text._ZNSt9exceptionD2Ev
                0x10009c90        0x8 /usr/lib/gcc/arm-none-eabi/14.2.1/../../../arm-none-eabi/lib/thumb/v6-m/nofp/libstdc++.a(eh_exception.o)
 .ARM.exidx.text._ZNSt13bad_exceptionD2Ev
                0x10009c98        0x0 /usr/lib/gcc/arm-none-eabi/14.2.1/../../../arm-none-eabi/lib/thumb/v6-m/nofp/libstdc++.a(eh_exception.o)
                                  0x8 (size before relaxing)
 .ARM.exidx.text._ZNKSt13bad_exception4whatEv
                0x10009c98        0x0 /usr/lib/gcc/arm-none-eabi/14.2.1/../../../arm-none-eabi/lib/thumb/v6-m/nofp/libstdc++.a(eh_exception.o)
                                  0x8 (size before relaxing)
 .ARM.exidx.text._ZNSt13bad_exceptionD0Ev
                0x10009c98        0x0 /usr/lib/gcc/arm-none-eabi/14.2.1/../../../arm-none-eabi/lib/thumb/v6-m/nofp/libstdc++.a(eh_exception.o)
                                  0x8 (size before relaxing)
 .ARM.exidx.text.__cxa_get_globals_fast
                0x10009c98        0x0 /usr/lib/gcc/arm-none-eabi/14.2.1/../../../arm-none-eabi/lib/thumb/v6-m/nofp/libstdc++.a(eh_globals.o)
                                  0x8 (size before relaxing)
 .ARM.exidx.text.__cxa_get_globals
                0x10009c98        0x0 /usr/lib/gcc/arm-none-eabi/14.2.1/../../../arm-none-eabi/lib/thumb/v6-m/nofp/libstdc++.a(eh_globals.o)
                                  0x8 (size before relaxing)
 .ARM.exidx.text._ZL28read_encoded_value_with_basehjPKhPj
                0x10009c98        0x8 /usr/lib/gcc/arm-none-eabi/14.2.1/../../../arm-none-eabi/lib/thumb/v6-m/nofp/libstdc++.a(eh_personality.o)
 .ARM.exidx.text._ZL21base_of_encoded_valuehP15_Unwind_Context
                0x10009ca0        0x8 /usr/lib/gcc/arm-none-eabi/14.2.1/../../../arm-none-eabi/lib/thumb/v6-m/nofp/libstdc++.a(eh_personality.o)
 .ARM.exidx.text._ZL17parse_lsda_headerP15_Unwind_ContextPKhP16lsda_header_info
                0x10009ca8        0x8 /usr/lib/gcc/arm-none-eabi/14.2.1/../../../arm-none-eabi/lib/thumb/v6-m/nofp/libstdc++.a(eh_personality.o)
 .ARM.exidx.text.__gxx_personality_v0
                0x10009cb0        0x8 /usr/lib/gcc/arm-none-eabi/14.2.1/../../../arm-none-eabi/lib/thumb/v6-m/nofp/libstdc++.a(eh_personality.o)
 .ARM.exidx.text._ZN10__cxxabiv111__terminateEPFvvE
                0x10009cb8        0x8 /usr/lib/gcc/arm-none-eabi/14.2.1/../../../arm-none-eabi/lib/thumb/v6-m/nofp/libstdc++.a(eh_terminate.o)
 .ARM.exidx.text.unlikely._ZSt9terminatev
                0x10009cc0        0x8 /usr/lib/gcc/arm-none-eabi/14.2.1/../../../arm-none-eabi/lib/thumb/v6-m/nofp/libstdc++.a(eh_terminate.o)
 .ARM.exidx.text._ZN10__cxxabiv112__unexpectedEPFvvE
                0x10009cc8        0x8 /usr/lib/gcc/arm-none-eabi/14.2.1/../../../arm-none-eabi/lib/thumb/v6-m/nofp/libstdc++.a(eh_terminate.o)
 .ARM.exidx.text.unlikely._ZSt10unexpectedv
                0x10009cd0        0x0 /usr/lib/gcc/arm-none-eabi/14.2.1/../../../arm-none-eabi/lib/thumb/v6-m/nofp/libstdc++.a(eh_terminate.o)
                                  0x8 (size before relaxing)
 .ARM.exidx.text._ZSt13get_terminatev
                0x10009cd0        0x8 /usr/lib/gcc/arm-none-eabi/14.2.1/../../../arm-none-eabi/lib/thumb/v6-m/nofp/libstdc++.a(eh_terminate.o)
 .ARM.exidx.text._ZSt14get_unexpectedv
                0x10009cd8        0x0 /usr/lib/gcc/arm-none-eabi/14.2.1/../../../arm-none-eabi/lib/thumb/v6-m/nofp/libstdc++.a(eh_terminate.o)
                                  0x8 (size before relaxing)
 .ARM.exidx.text._ZL23__gxx_exception_cleanup19_Unwind_Reason_CodeP21_Unwind_Control_Block
                0x10009cd8        0x8 /usr/lib/gcc/arm-none-eabi/14.2.1/../../../arm-none-eabi/lib/thumb/v6-m/nofp/libstdc++.a(eh_throw.o)
 .ARM.exidx.text.__cxa_init_primary_exception
                0x10009ce0        0x8 /usr/lib/gcc/arm-none-eabi/14.2.1/../../../arm-none-eabi/lib/thumb/v6-m/nofp/libstdc++.a(eh_throw.o)
 .ARM.exidx.text.__cxa_throw
                0x10009ce8        0x8 /usr/lib/gcc/arm-none-eabi/14.2.1/../../../arm-none-eabi/lib/thumb/v6-m/nofp/libstdc++.a(eh_throw.o)
 .ARM.exidx.text.__cxa_rethrow
                0x10009cf0        0x8 /usr/lib/gcc/arm-none-eabi/14.2.1/../../../arm-none-eabi/lib/thumb/v6-m/nofp/libstdc++.a(eh_throw.o)
 .ARM.exidx.text._ZN10__cxxabiv120__si_class_type_infoD2Ev
                0x10009cf8        0x8 /usr/lib/gcc/arm-none-eabi/14.2.1/../../../arm-none-eabi/lib/thumb/v6-m/nofp/libstdc++.a(si_class_type_info.o)
 .ARM.exidx.text._ZN10__cxxabiv120__si_class_type_infoD0Ev
                0x10009d00        0x0 /usr/lib/gcc/arm-none-eabi/14.2.1/../../../arm-none-eabi/lib/thumb/v6-m/nofp/libstdc++.a(si_class_type_info.o)
                                  0x8 (size before relaxing)
 .ARM.exidx.text._ZNK10__cxxabiv120__si_class_type_info20__do_find_public_srcEiPKvPKNS_17__class_type_infoES2_
                0x10009d00        0x8 /usr/lib/gcc/arm-none-eabi/14.2.1/../../../arm-none-eabi/lib/thumb/v6-m/nofp/libstdc++.a(si_class_type_info.o)
 .ARM.exidx.text._ZNK10__cxxabiv120__si_class_type_info12__do_dyncastEiNS_17__class_type_info10__sub_kindEPKS1_PKvS4_S6_RNS1_16__dyncast_resultE
                0x10009d08        0x8 /usr/lib/gcc/arm-none-eabi/14.2.1/../../../arm-none-eabi/lib/thumb/v6-m/nofp/libstdc++.a(si_class_type_info.o)