Archive member included to satisfy reference by file (symbol)

/usr/local/Cellar/arm-none-eabi-gcc/10.3-2021.10/gcc/bin/../lib/gcc/arm-none-eabi/10.3.1/../../../../arm-none-eabi/lib/thumb/v6-m/nofp/libstdc++.a(functexcept.o)
                              CMakeFiles/main.dir/main.cpp.obj (std::__throw_logic_error(char const*))
/usr/local/Cellar/arm-none-eabi-gcc/10.3-2021.10/gcc/bin/../lib/gcc/arm-none-eabi/10.3.1/../../../../arm-none-eabi/lib/thumb/v6-m/nofp/libstdc++.a(snprintf_lite.o)
                              /usr/local/Cellar/arm-none-eabi-gcc/10.3-2021.10/gcc/bin/../lib/gcc/arm-none-eabi/10.3.1/../../../../arm-none-eabi/lib/thumb/v6-m/nofp/libstdc++.a(functexcept.o) (__gnu_cxx::__snprintf_lite(char*, unsigned int, char const*, std::__va_list))
/usr/local/Cellar/arm-none-eabi-gcc/10.3-2021.10/gcc/bin/../lib/gcc/arm-none-eabi/10.3.1/../../../../arm-none-eabi/lib/thumb/v6-m/nofp/libstdc++.a(string-inst.o)
                              CMakeFiles/main.dir/main.cpp.obj (std::__cxx11::basic_string<char, std::char_traits<char>, std::allocator<char> >::_M_create(unsigned int&, unsigned int))
/usr/local/Cellar/arm-none-eabi-gcc/10.3-2021.10/gcc/bin/../lib/gcc/arm-none-eabi/10.3.1/../../../../arm-none-eabi/lib/thumb/v6-m/nofp/libstdc++.a(bad_alloc.o)
                              /usr/local/Cellar/arm-none-eabi-gcc/10.3-2021.10/gcc/bin/../lib/gcc/arm-none-eabi/10.3.1/../../../../arm-none-eabi/lib/thumb/v6-m/nofp/libstdc++.a(functexcept.o) (std::bad_alloc::~bad_alloc())
/usr/local/Cellar/arm-none-eabi-gcc/10.3-2021.10/gcc/bin/../lib/gcc/arm-none-eabi/10.3.1/../../../../arm-none-eabi/lib/thumb/v6-m/nofp/libstdc++.a(bad_cast.o)
                              /usr/local/Cellar/arm-none-eabi-gcc/10.3-2021.10/gcc/bin/../lib/gcc/arm-none-eabi/10.3.1/../../../../arm-none-eabi/lib/thumb/v6-m/nofp/libstdc++.a(functexcept.o) (std::bad_cast::~bad_cast())
/usr/local/Cellar/arm-none-eabi-gcc/10.3-2021.10/gcc/bin/../lib/gcc/arm-none-eabi/10.3.1/../../../../arm-none-eabi/lib/thumb/v6-m/nofp/libstdc++.a(bad_typeid.o)
                              /usr/local/Cellar/arm-none-eabi-gcc/10.3-2021.10/gcc/bin/../lib/gcc/arm-none-eabi/10.3.1/../../../../arm-none-eabi/lib/thumb/v6-m/nofp/libstdc++.a(functexcept.o) (std::bad_typeid::~bad_typeid())
/usr/local/Cellar/arm-none-eabi-gcc/10.3-2021.10/gcc/bin/../lib/gcc/arm-none-eabi/10.3.1/../../../../arm-none-eabi/lib/thumb/v6-m/nofp/libstdc++.a(eh_alloc.o)
                              /usr/local/Cellar/arm-none-eabi-gcc/10.3-2021.10/gcc/bin/../lib/gcc/arm-none-eabi/10.3.1/../../../../arm-none-eabi/lib/thumb/v6-m/nofp/libstdc++.a(functexcept.o) (__cxa_allocate_exception)
/usr/local/Cellar/arm-none-eabi-gcc/10.3-2021.10/gcc/bin/../lib/gcc/arm-none-eabi/10.3.1/../../../../arm-none-eabi/lib/thumb/v6-m/nofp/libstdc++.a(eh_arm.o)
                              /usr/local/Cellar/arm-none-eabi-gcc/10.3-2021.10/gcc/bin/../lib/gcc/arm-none-eabi/10.3.1/../../../../arm-none-eabi/lib/thumb/v6-m/nofp/libstdc++.a(functexcept.o) (__cxa_end_cleanup)
/usr/local/Cellar/arm-none-eabi-gcc/10.3-2021.10/gcc/bin/../lib/gcc/arm-none-eabi/10.3.1/../../../../arm-none-eabi/lib/thumb/v6-m/nofp/libstdc++.a(eh_catch.o)
                              /usr/local/Cellar/arm-none-eabi-gcc/10.3-2021.10/gcc/bin/../lib/gcc/arm-none-eabi/10.3.1/../../../../arm-none-eabi/lib/thumb/v6-m/nofp/libstdc++.a(string-inst.o) (__cxa_begin_catch)
/usr/local/Cellar/arm-none-eabi-gcc/10.3-2021.10/gcc/bin/../lib/gcc/arm-none-eabi/10.3.1/../../../../arm-none-eabi/lib/thumb/v6-m/nofp/libstdc++.a(eh_exception.o)
                              /usr/local/Cellar/arm-none-eabi-gcc/10.3-2021.10/gcc/bin/../lib/gcc/arm-none-eabi/10.3.1/../../../../arm-none-eabi/lib/thumb/v6-m/nofp/libstdc++.a(bad_alloc.o) (std::exception::~exception())
/usr/local/Cellar/arm-none-eabi-gcc/10.3-2021.10/gcc/bin/../lib/gcc/arm-none-eabi/10.3.1/../../../../arm-none-eabi/lib/thumb/v6-m/nofp/libstdc++.a(eh_globals.o)
                              /usr/local/Cellar/arm-none-eabi-gcc/10.3-2021.10/gcc/bin/../lib/gcc/arm-none-eabi/10.3.1/../../../../arm-none-eabi/lib/thumb/v6-m/nofp/libstdc++.a(eh_catch.o) (__cxa_get_globals_fast)
/usr/local/Cellar/arm-none-eabi-gcc/10.3-2021.10/gcc/bin/../lib/gcc/arm-none-eabi/10.3.1/../../../../arm-none-eabi/lib/thumb/v6-m/nofp/libstdc++.a(eh_personality.o)
                              /usr/local/Cellar/arm-none-eabi-gcc/10.3-2021.10/gcc/bin/../lib/gcc/arm-none-eabi/10.3.1/../../../../arm-none-eabi/lib/thumb/v6-m/nofp/libstdc++.a(functexcept.o) (__gxx_personality_v0)
/usr/local/Cellar/arm-none-eabi-gcc/10.3-2021.10/gcc/bin/../lib/gcc/arm-none-eabi/10.3.1/../../../../arm-none-eabi/lib/thumb/v6-m/nofp/libstdc++.a(eh_terminate.o)
                              /usr/local/Cellar/arm-none-eabi-gcc/10.3-2021.10/gcc/bin/../lib/gcc/arm-none-eabi/10.3.1/../../../../arm-none-eabi/lib/thumb/v6-m/nofp/libstdc++.a(eh_alloc.o) (std::terminate())
[...]
Memory Configuration

Name             Origin             Length             Attributes
FLASH            0x0000000010000000 0x0000000000200000 xr
RAM              0x0000000020000000 0x0000000000040000 xrw
SCRATCH_X        0x0000000020040000 0x0000000000001000 xrw
SCRATCH_Y        0x0000000020041000 0x0000000000001000 xrw
*default*        0x0000000000000000 0xffffffffffffffff

Linker script and memory map

LOAD /usr/local/Cellar/arm-none-eabi-gcc/10.3-2021.10/gcc/bin/../lib/gcc/arm-none-eabi/10.3.1/thumb/v6-m/nofp/crti.o
LOAD /usr/local/Cellar/arm-none-eabi-gcc/10.3-2021.10/gcc/bin/../lib/gcc/arm-none-eabi/10.3.1/thumb/v6-m/nofp/crtbegin.o
LOAD /usr/local/Cellar/arm-none-eabi-gcc/10.3-2021.10/gcc/bin/../lib/gcc/arm-none-eabi/10.3.1/../../../../arm-none-eabi/lib/thumb/v6-m/nofp/crt0.o

.flash_begin    0x0000000010000000        0x0
                0x0000000010000000                __flash_binary_start = .

.boot2          0x0000000010000000      0x100
                0x0000000010000000                __boot2_start__ = .
 *(.boot2)
 .boot2         0x0000000010000000      0x100 /var/folders/cc/304nyws13bj3fqy01tkvmhq80000gp/T//cc93mIA7.o
                0x0000000010000100                __boot2_end__ = .
                0x0000000000000001                ASSERT (((__boot2_end__ - __boot2_start__) == 0x100), ERROR: Pico second stage bootloader must be 256 bytes in size)

.text           0x0000000010000100     0xef60
                0x0000000010000100                __logical_binary_start = .
 *(.vectors)
 .vectors       0x0000000010000100       0xd4 CMakeFiles/main.dir/Users/black/pico-sdk/src/rp2_common/pico_standard_link/crt0.S.obj
                0x0000000010000100                __VECTOR_TABLE
                0x0000000010000100                __vectors
                0x00000000100001c0                __default_isrs_start
                0x00000000100001c0                isr_invalid
                0x00000000100001c2                isr_nmi
                0x00000000100001c4                isr_hardfault
                0x00000000100001c6                isr_svcall
                0x00000000100001c8                isr_pendsv
                0x00000000100001ca                isr_systick
                0x00000000100001cc                isr_irq28
                0x00000000100001cc                isr_irq19
                0x00000000100001cc                isr_irq0
                0x00000000100001cc                isr_irq6
                0x00000000100001cc                isr_irq22
                0x00000000100001cc                isr_irq17
                0x00000000100001cc                isr_irq14
                0x00000000100001cc                isr_irq2
                0x00000000100001cc                isr_irq10
                0x00000000100001cc                isr_irq8
                0x00000000100001cc                isr_irq24
                0x00000000100001cc                isr_irq1
                0x00000000100001cc                isr_irq7
                0x00000000100001cc                isr_irq21
                0x00000000100001cc                isr_irq20
                0x00000000100001cc                isr_irq15
                0x00000000100001cc                isr_irq25
                0x00000000100001cc                isr_irq4
                0x00000000100001cc                isr_irq16
                0x00000000100001cc                isr_irq29
                0x00000000100001cc                isr_irq26
                0x00000000100001cc                __default_isrs_end
                0x00000000100001cc                isr_irq3
                0x00000000100001cc                isr_irq9
                0x00000000100001cc                __unhandled_user_irq
                0x00000000100001cc                isr_irq13
                0x00000000100001cc                isr_irq27
                0x00000000100001cc                isr_irq31
                0x00000000100001cc                isr_irq5
                0x00000000100001cc                isr_irq11
                0x00000000100001cc                isr_irq23
                0x00000000100001cc                isr_irq18
                0x00000000100001cc                isr_irq30
                0x00000000100001cc                isr_irq12
                0x00000000100001d2                unhandled_user_irq_num_in_r0
 *(.binary_info_header)
 .binary_info_header
                0x00000000100001d4       0x14 CMakeFiles/main.dir/Users/black/pico-sdk/src/rp2_common/pico_standard_link/crt0.S.obj
                0x00000000100001e8                __binary_info_header_end = .
 *(.reset)
 .reset         0x00000000100001e8       0xa0 CMakeFiles/main.dir/Users/black/pico-sdk/src/rp2_common/pico_standard_link/crt0.S.obj
                0x00000000100001e8                _entry_point
 .reset         0x0000000010000288       0x30 CMakeFiles/main.dir/Users/black/pico-sdk/src/rp2_common/pico_standard_link/binary_info.c.obj
 *(.init)
 .init          0x00000000100002b8        0x4 /usr/local/Cellar/arm-none-eabi-gcc/10.3-2021.10/gcc/bin/../lib/gcc/arm-none-eabi/10.3.1/thumb/v6-m/nofp/crti.o
                0x00000000100002b8                _init
 *(EXCLUDE_FILE(*libm.a: *libc.a:*lib_a-mem*.o *libgcc.a:) .text*)
 .text          0x00000000100002bc       0x48 /usr/local/Cellar/arm-none-eabi-gcc/10.3-2021.10/gcc/bin/../lib/gcc/arm-none-eabi/10.3.1/thumb/v6-m/nofp/crtbegin.o
 .text._Z14i2c_write_byteh
                0x0000000010000304       0x20 CMakeFiles/main.dir/main.cpp.obj
                0x0000000010000304                i2c_write_byte(unsigned char)
 .text._Z17lcd_toggle_enableh
                0x0000000010000324       0x38 CMakeFiles/main.dir/main.cpp.obj
                0x0000000010000324                lcd_toggle_enable(unsigned char)
 .text._Z13lcd_send_bytehi
                0x000000001000035c       0x38 CMakeFiles/main.dir/main.cpp.obj
                0x000000001000035c                lcd_send_byte(unsigned char, int)
 .text._Z9lcd_clearv
                0x0000000010000394        0xc CMakeFiles/main.dir/main.cpp.obj
                0x0000000010000394                lcd_clear()
 .text._Z14lcd_set_cursorii
                0x00000000100003a0       0x1a CMakeFiles/main.dir/main.cpp.obj
                0x00000000100003a0                lcd_set_cursor(int, int)
 .text._Z10lcd_stringPKc
                0x00000000100003ba       0x16 CMakeFiles/main.dir/main.cpp.obj
                0x00000000100003ba                lcd_string(char const*)
 .text._Z8lcd_initv
                0x00000000100003d0       0x40 CMakeFiles/main.dir/main.cpp.obj
                0x00000000100003d0                lcd_init()
 .text._ZNSt8__detail18__to_chars_10_implIjEEvPcjT_
                0x0000000010000410       0x50 CMakeFiles/main.dir/main.cpp.obj
                0x0000000010000410                void std::__detail::__to_chars_10_impl<unsigned int>(char*, unsigned int, unsigned int)
 .text._ZNSt7__cxx1112basic_stringIcSt11char_traitsIcESaIcEE12_M_constructIPKcEEvT_S8_St20forward_iterator_tag
                0x0000000010000460       0x5c CMakeFiles/main.dir/main.cpp.obj
                0x0000000010000460                void std::__cxx11::basic_string<char, std::char_traits<char>, std::allocator<char> >::_M_construct<char const*>(char const*, char const*, std::forward_iterator_tag)
 .text.main     0x00000000100004bc      0x104 CMakeFiles/main.dir/main.cpp.obj
                0x00000000100004bc                main
 .text._Z12digitalWritejb
                0x00000000100005c0       0x18 CMakeFiles/main.dir/services/MFRC522_.cpp.obj
                0x00000000100005c0                digitalWrite(unsigned int, bool)
 .text._Z11digitalReadj
                0x00000000100005d8        0xe CMakeFiles/main.dir/services/MFRC522_.cpp.obj
                0x00000000100005d8                digitalRead(unsigned int)
 *fill*         0x00000000100005e6        0x2 
 .text._Z6millisv
                0x00000000100005e8       0x3c CMakeFiles/main.dir/services/MFRC522_.cpp.obj
                0x00000000100005e8                millis()
 .text._Z5yieldv
                0x0000000010000624        0x2 CMakeFiles/main.dir/services/MFRC522_.cpp.obj
                0x0000000010000624                yield()
 .text._Z17delayMicrosecondsm
                0x0000000010000626        0xa CMakeFiles/main.dir/services/MFRC522_.cpp.obj
                0x0000000010000626                delayMicroseconds(unsigned long)
 .text._Z5delaym
                0x0000000010000630        0x8 CMakeFiles/main.dir/services/MFRC522_.cpp.obj
                0x0000000010000630                delay(unsigned long)
 .text._Z7pinModejb
                0x0000000010000638       0x22 CMakeFiles/main.dir/services/MFRC522_.cpp.obj
                0x0000000010000638                pinMode(unsigned int, bool)
 *fill*         0x000000001000065a        0x2 
 .text._ZN3spi8transferEh
                0x000000001000065c       0x24 CMakeFiles/main.dir/services/MFRC522_.cpp.obj
                0x000000001000065c                spi::transfer(unsigned char)
 .text._ZN3spi7spiInitEjjjj
                0x0000000010000680       0x2c CMakeFiles/main.dir/services/MFRC522_.cpp.obj
                0x0000000010000680                spi::spiInit(unsigned int, unsigned int, unsigned int, unsigned int)
 .text._ZN7MFRC52219PICC_ReadCardSerialEv
                0x00000000100006ac       0x14 CMakeFiles/main.dir/services/MFRC522.cpp.obj
                0x00000000100006ac                MFRC522::PICC_ReadCardSerial()
 .text._ZN7MFRC522C2Ehh
                0x00000000100006c0       0x10 CMakeFiles/main.dir/services/MFRC522.cpp.obj
                0x00000000100006c0                MFRC522::MFRC522(unsigned char, unsigned char)
                0x00000000100006c0                MFRC522::MFRC522(unsigned char, unsigned char)
 .text._ZN7MFRC52217PCD_WriteRegisterENS_12PCD_RegisterEh
                0x00000000100006d0       0x30 CMakeFiles/main.dir/services/MFRC522.cpp.obj
                0x00000000100006d0                MFRC522::PCD_WriteRegister(MFRC522::PCD_Register, unsigned char)
 .text._ZN7MFRC52217PCD_WriteRegisterENS_12PCD_RegisterEhPh
                0x0000000010000700       0x3c CMakeFiles/main.dir/services/MFRC522.cpp.obj
                0x0000000010000700                MFRC522::PCD_WriteRegister(MFRC522::PCD_Register, unsigned char, unsigned char*)
 .text._ZN7MFRC52216PCD_ReadRegisterENS_12PCD_RegisterE
                0x000000001000073c       0x38 CMakeFiles/main.dir/services/MFRC522.cpp.obj
                0x000000001000073c                MFRC522::PCD_ReadRegister(MFRC522::PCD_Register)
 .text._ZN7MFRC52216PCD_ReadRegisterENS_12PCD_RegisterEhPhh
                0x0000000010000774       0x94 CMakeFiles/main.dir/services/MFRC522.cpp.obj
                0x0000000010000774                MFRC522::PCD_ReadRegister(MFRC522::PCD_Register, unsigned char, unsigned char*, unsigned char)
 .text._ZN7MFRC52222PCD_SetRegisterBitMaskENS_12PCD_RegisterEh
                0x0000000010000808       0x1c CMakeFiles/main.dir/services/MFRC522.cpp.obj
                0x0000000010000808                MFRC522::PCD_SetRegisterBitMask(MFRC522::PCD_Register, unsigned char)
 .text._ZN7MFRC52224PCD_ClearRegisterBitMaskENS_12PCD_RegisterEh
                0x0000000010000824       0x1a CMakeFiles/main.dir/services/MFRC522.cpp.obj
                0x0000000010000824                MFRC522::PCD_ClearRegisterBitMask(MFRC522::PCD_Register, unsigned char)
 .text._ZN7MFRC52216PCD_CalculateCRCEPhhS0_
                0x000000001000083e       0x82 CMakeFiles/main.dir/services/MFRC522.cpp.obj
                0x000000001000083e                MFRC522::PCD_CalculateCRC(unsigned char*, unsigned char, unsigned char*)
 .text._ZN7MFRC5229PCD_ResetEv
                0x00000000100008c0       0x2a CMakeFiles/main.dir/services/MFRC522.cpp.obj
                0x00000000100008c0                MFRC522::PCD_Reset()
 .text._ZN7MFRC52213PCD_AntennaOnEv
                0x00000000100008ea       0x24 CMakeFiles/main.dir/services/MFRC522.cpp.obj
                0x00000000100008ea                MFRC522::PCD_AntennaOn()
 *fill*         0x000000001000090e        0x2 
 .text._ZN7MFRC5228PCD_InitEv
                0x0000000010000910       0xd4 CMakeFiles/main.dir/services/MFRC522.cpp.obj
                0x0000000010000910                MFRC522::PCD_Init()
 .text._ZN7MFRC52223PCD_CommunicateWithPICCEhhPhhS0_S0_S0_hb
                0x00000000100009e4      0x1ac CMakeFiles/main.dir/services/MFRC522.cpp.obj
                0x00000000100009e4                MFRC522::PCD_CommunicateWithPICC(unsigned char, unsigned char, unsigned char*, unsigned char, unsigned char*, unsigned char*, unsigned char*, unsigned char, bool)
 .text._ZN7MFRC52218PCD_TransceiveDataEPhhS0_S0_S0_hb
                0x0000000010000b90       0x2a CMakeFiles/main.dir/services/MFRC522.cpp.obj
                0x0000000010000b90                MFRC522::PCD_TransceiveData(unsigned char*, unsigned char, unsigned char*, unsigned char*, unsigned char*, unsigned char, bool)
 .text._ZN7MFRC52211PICC_SelectEPNS_3UidEh
                0x0000000010000bba      0x352 CMakeFiles/main.dir/services/MFRC522.cpp.obj
                0x0000000010000bba                MFRC522::PICC_Select(MFRC522::Uid*, unsigned char)
 .text._ZN7MFRC52217PICC_REQA_or_WUPAEhPhS0_
                0x0000000010000f0c       0x68 CMakeFiles/main.dir/services/MFRC522.cpp.obj
                0x0000000010000f0c                MFRC522::PICC_REQA_or_WUPA(unsigned char, unsigned char*, unsigned char*)
 .text._ZN7MFRC52213PICC_RequestAEPhS0_
                0x0000000010000f74        0xe CMakeFiles/main.dir/services/MFRC522.cpp.obj
                0x0000000010000f74                MFRC522::PICC_RequestA(unsigned char*, unsigned char*)
 .text._ZN7MFRC52221PICC_IsNewCardPresentEv
                0x0000000010000f82       0x4a CMakeFiles/main.dir/services/MFRC522.cpp.obj
                0x0000000010000f82                MFRC522::PICC_IsNewCardPresent()
 .text.gpio_set_function
                0x0000000010000fcc       0x30 CMakeFiles/main.dir/Users/black/pico-sdk/src/rp2_common/hardware_gpio/gpio.c.obj
                0x0000000010000fcc                gpio_set_function
 .text.gpio_init
                0x0000000010000ffc       0x16 CMakeFiles/main.dir/Users/black/pico-sdk/src/rp2_common/hardware_gpio/gpio.c.obj
                0x0000000010000ffc                gpio_init
 *fill*         0x0000000010001012        0x2 
 .text.running_on_fpga
                0x0000000010001014       0x14 CMakeFiles/main.dir/Users/black/pico-sdk/src/rp2_common/pico_platform/platform.c.obj
                0x0000000010001014                running_on_fpga
 .text.hw_claim_lock
                0x0000000010001028       0x18 CMakeFiles/main.dir/Users/black/pico-sdk/src/rp2_common/hardware_claim/claim.c.obj
                0x0000000010001028                hw_claim_lock
 .text.hw_claim_unlock
                0x0000000010001040       0x14 CMakeFiles/main.dir/Users/black/pico-sdk/src/rp2_common/hardware_claim/claim.c.obj
                0x0000000010001040                hw_claim_unlock
 .text.hw_claim_or_assert
                0x0000000010001054       0x32 CMakeFiles/main.dir/Users/black/pico-sdk/src/rp2_common/hardware_claim/claim.c.obj
                0x0000000010001054                hw_claim_or_assert
 *fill*         0x0000000010001086        0x2 
 .text.spin_locks_reset
                0x0000000010001088       0x20 CMakeFiles/main.dir/Users/black/pico-sdk/src/rp2_common/hardware_sync/sync.c.obj
                0x0000000010001088                spin_locks_reset
 .text.next_striped_spin_lock_num
                0x00000000100010a8       0x1c CMakeFiles/main.dir/Users/black/pico-sdk/src/rp2_common/hardware_sync/sync.c.obj
                0x00000000100010a8                next_striped_spin_lock_num
 .text.set_raw_irq_handler_and_unlock
                0x00000000100010c4       0x28 CMakeFiles/main.dir/Users/black/pico-sdk/src/rp2_common/hardware_irq/irq.c.obj
 .text.make_branch
                0x00000000100010ec       0x48 CMakeFiles/main.dir/Users/black/pico-sdk/src/rp2_common/hardware_irq/irq.c.obj
 .text.insert_branch_and_link
                0x0000000010001134       0x40 CMakeFiles/main.dir/Users/black/pico-sdk/src/rp2_common/hardware_irq/irq.c.obj
 .text.irq_is_enabled
                0x0000000010001174       0x18 CMakeFiles/main.dir/Users/black/pico-sdk/src/rp2_common/hardware_irq/irq.c.obj
                0x0000000010001174                irq_is_enabled
 .text.irq_set_mask_enabled
                0x000000001000118c       0x20 CMakeFiles/main.dir/Users/black/pico-sdk/src/rp2_common/hardware_irq/irq.c.obj
                0x000000001000118c                irq_set_mask_enabled
 .text.irq_set_enabled
                0x00000000100011ac        0xe CMakeFiles/main.dir/Users/black/pico-sdk/src/rp2_common/hardware_irq/irq.c.obj
                0x00000000100011ac                irq_set_enabled
 *fill*         0x00000000100011ba        0x2 
 .text.irq_get_vtable_handler
                0x00000000100011bc       0x10 CMakeFiles/main.dir/Users/black/pico-sdk/src/rp2_common/hardware_irq/irq.c.obj
                0x00000000100011bc                irq_get_vtable_handler
 .text.irq_set_exclusive_handler
                0x00000000100011cc       0x54 CMakeFiles/main.dir/Users/black/pico-sdk/src/rp2_common/hardware_irq/irq.c.obj
                0x00000000100011cc                irq_set_exclusive_handler
 .text.irq_remove_handler
                0x0000000010001220      0x1ac CMakeFiles/main.dir/Users/black/pico-sdk/src/rp2_common/hardware_irq/irq.c.obj
                0x0000000010001220                irq_remove_handler
 .text.irq_add_tail_to_free_list
                0x00000000100013cc       0xf0 CMakeFiles/main.dir/Users/black/pico-sdk/src/rp2_common/hardware_irq/irq.c.obj
                0x00000000100013cc                irq_add_tail_to_free_list
 .text.irq_init_priorities
                0x00000000100014bc       0x1c CMakeFiles/main.dir/Users/black/pico-sdk/src/rp2_common/hardware_irq/irq.c.obj
                0x00000000100014bc                irq_init_priorities
 .text.lock_init
                0x00000000100014d8       0x10 CMakeFiles/main.dir/Users/black/pico-sdk/src/common/pico_sync/lock_core.c.obj
                0x00000000100014d8                lock_init
 .text.mutex_init
                0x00000000100014e8       0x1a CMakeFiles/main.dir/Users/black/pico-sdk/src/common/pico_sync/mutex.c.obj
                0x00000000100014e8                mutex_init
 .text.recursive_mutex_init
                0x0000000010001502       0x1e CMakeFiles/main.dir/Users/black/pico-sdk/src/common/pico_sync/mutex.c.obj
                0x0000000010001502                recursive_mutex_init
 .text.alarm_pool_post_alloc_init
                0x0000000010001520       0x40 CMakeFiles/main.dir/Users/black/pico-sdk/src/common/pico_time/time.c.obj
 .text.sleep_until_callback
                0x0000000010001560       0x30 CMakeFiles/main.dir/Users/black/pico-sdk/src/common/pico_time/time.c.obj
 .text.timer_pool_entry_comparator
                0x0000000010001590       0x7c CMakeFiles/main.dir/Users/black/pico-sdk/src/common/pico_time/time.c.obj
                0x0000000010001590                timer_pool_entry_comparator
 .text.ph_add_child_node
                0x000000001000160c       0xa4 CMakeFiles/main.dir/Users/black/pico-sdk/src/common/pico_time/time.c.obj
 .text.ph_merge_nodes
                0x00000000100016b0       0x3e CMakeFiles/main.dir/Users/black/pico-sdk/src/common/pico_time/time.c.obj
 *fill*         0x00000000100016ee        0x2 
 .text.add_alarm_under_lock
                0x00000000100016f0      0x174 CMakeFiles/main.dir/Users/black/pico-sdk/src/common/pico_time/time.c.obj
 .text.alarm_pool_alarm_callback
                0x0000000010001864      0x33c CMakeFiles/main.dir/Users/black/pico-sdk/src/common/pico_time/time.c.obj
 .text.alarm_pool_init_default
                0x0000000010001ba0       0x40 CMakeFiles/main.dir/Users/black/pico-sdk/src/common/pico_time/time.c.obj
                0x0000000010001ba0                alarm_pool_init_default
 .text.alarm_pool_get_default
                0x0000000010001be0       0x2c CMakeFiles/main.dir/Users/black/pico-sdk/src/common/pico_time/time.c.obj
                0x0000000010001be0                alarm_pool_get_default
 .text.alarm_pool_add_alarm_at
                0x0000000010001c0c      0x168 CMakeFiles/main.dir/Users/black/pico-sdk/src/common/pico_time/time.c.obj
                0x0000000010001c0c                alarm_pool_add_alarm_at
 .text.alarm_pool_cancel_alarm
                0x0000000010001d74       0xf8 CMakeFiles/main.dir/Users/black/pico-sdk/src/common/pico_time/time.c.obj
                0x0000000010001d74                alarm_pool_cancel_alarm
 .text.sleep_until
                0x0000000010001e6c       0xfc CMakeFiles/main.dir/Users/black/pico-sdk/src/common/pico_time/time.c.obj
                0x0000000010001e6c                sleep_until
 .text.sleep_us
                0x0000000010001f68       0x58 CMakeFiles/main.dir/Users/black/pico-sdk/src/common/pico_time/time.c.obj
                0x0000000010001f68                sleep_us
 .text.sleep_ms
                0x0000000010001fc0       0x14 CMakeFiles/main.dir/Users/black/pico-sdk/src/common/pico_time/time.c.obj
                0x0000000010001fc0                sleep_ms
 .text.best_effort_wfe_or_timeout
                0x0000000010001fd4       0xac CMakeFiles/main.dir/Users/black/pico-sdk/src/common/pico_time/time.c.obj
                0x0000000010001fd4                best_effort_wfe_or_timeout
 .text.hardware_alarm_irq_handler
                0x0000000010002080       0x90 CMakeFiles/main.dir/Users/black/pico-sdk/src/rp2_common/hardware_timer/timer.c.obj
 .text.hardware_alarm_claim
                0x0000000010002110       0x18 CMakeFiles/main.dir/Users/black/pico-sdk/src/rp2_common/hardware_timer/timer.c.obj
                0x0000000010002110                hardware_alarm_claim
 .text.time_us_64
                0x0000000010002128       0x18 CMakeFiles/main.dir/Users/black/pico-sdk/src/rp2_common/hardware_timer/timer.c.obj
                0x0000000010002128                time_us_64
 .text.busy_wait_until
                0x0000000010002140       0x28 CMakeFiles/main.dir/Users/black/pico-sdk/src/rp2_common/hardware_timer/timer.c.obj
                0x0000000010002140                busy_wait_until
 .text.busy_wait_us
                0x0000000010002168       0x48 CMakeFiles/main.dir/Users/black/pico-sdk/src/rp2_common/hardware_timer/timer.c.obj
                0x0000000010002168                busy_wait_us
 .text.busy_wait_us_32
                0x00000000100021b0       0x24 CMakeFiles/main.dir/Users/black/pico-sdk/src/rp2_common/hardware_timer/timer.c.obj
                0x00000000100021b0                busy_wait_us_32
 .text.busy_wait_ms
                0x00000000100021d4       0x30 CMakeFiles/main.dir/Users/black/pico-sdk/src/rp2_common/hardware_timer/timer.c.obj
                0x00000000100021d4                busy_wait_ms
 .text.hardware_alarm_set_callback
                0x0000000010002204       0x90 CMakeFiles/main.dir/Users/black/pico-sdk/src/rp2_common/hardware_timer/timer.c.obj
                0x0000000010002204                hardware_alarm_set_callback
 .text.hardware_alarm_set_target
                0x0000000010002294       0xe8 CMakeFiles/main.dir/Users/black/pico-sdk/src/rp2_common/hardware_timer/timer.c.obj
                0x0000000010002294                hardware_alarm_set_target
 .text.hardware_alarm_cancel
                0x000000001000237c       0x40 CMakeFiles/main.dir/Users/black/pico-sdk/src/rp2_common/hardware_timer/timer.c.obj
                0x000000001000237c                hardware_alarm_cancel
 .text.ph_add_child_node
                0x00000000100023bc       0xa4 CMakeFiles/main.dir/Users/black/pico-sdk/src/common/pico_util/pheap.c.obj
 .text.ph_merge_nodes
                0x0000000010002460       0x3e CMakeFiles/main.dir/Users/black/pico-sdk/src/common/pico_util/pheap.c.obj
 *fill*         0x000000001000249e        0x2 
 .text.ph_clear
                0x00000000100024a0       0x70 CMakeFiles/main.dir/Users/black/pico-sdk/src/common/pico_util/pheap.c.obj
                0x00000000100024a0                ph_clear
 .text.ph_post_alloc_init
                0x0000000010002510        0xe CMakeFiles/main.dir/Users/black/pico-sdk/src/common/pico_util/pheap.c.obj
                0x0000000010002510                ph_post_alloc_init
 *fill*         0x000000001000251e        0x2 
 .text.ph_merge_two_pass
                0x0000000010002520       0xa8 CMakeFiles/main.dir/Users/black/pico-sdk/src/common/pico_util/pheap.c.obj
                0x0000000010002520                ph_merge_two_pass
 .text.ph_remove_any_head
                0x00000000100025c8      0x128 CMakeFiles/main.dir/Users/black/pico-sdk/src/common/pico_util/pheap.c.obj
 .text.ph_remove_head
                0x00000000100026f0       0x14 CMakeFiles/main.dir/Users/black/pico-sdk/src/common/pico_util/pheap.c.obj
                0x00000000100026f0                ph_remove_head
 .text.ph_remove_and_free_node
                0x0000000010002704       0xf8 CMakeFiles/main.dir/Users/black/pico-sdk/src/common/pico_util/pheap.c.obj
                0x0000000010002704                ph_remove_and_free_node
 .text.clock_configure
                0x00000000100027fc      0x108 CMakeFiles/main.dir/Users/black/pico-sdk/src/rp2_common/hardware_clocks/clocks.c.obj
                0x00000000100027fc                clock_configure
 .text.clocks_init
                0x0000000010002904      0x100 CMakeFiles/main.dir/Users/black/pico-sdk/src/rp2_common/hardware_clocks/clocks.c.obj
                0x0000000010002904                clocks_init
 .text.clock_get_hz
                0x0000000010002a04        0xc CMakeFiles/main.dir/Users/black/pico-sdk/src/rp2_common/hardware_clocks/clocks.c.obj
                0x0000000010002a04                clock_get_hz
 .text.pll_init
                0x0000000010002a10      0x120 CMakeFiles/main.dir/Users/black/pico-sdk/src/rp2_common/hardware_pll/pll.c.obj
                0x0000000010002a10                pll_init
 .text.watchdog_start_tick
                0x0000000010002b30       0x10 CMakeFiles/main.dir/Users/black/pico-sdk/src/rp2_common/hardware_watchdog/watchdog.c.obj
                0x0000000010002b30                watchdog_start_tick
 .text.xosc_init
                0x0000000010002b40       0x28 CMakeFiles/main.dir/Users/black/pico-sdk/src/rp2_common/hardware_xosc/xosc.c.obj
                0x0000000010002b40                xosc_init
 .text._exit    0x0000000010002b68        0x4 CMakeFiles/main.dir/Users/black/pico-sdk/src/rp2_common/pico_runtime/runtime.c.obj
                0x0000000010002b68                _exit
 .text._sbrk    0x0000000010002b6c       0x38 CMakeFiles/main.dir/Users/black/pico-sdk/src/rp2_common/pico_runtime/runtime.c.obj
                0x0000000010002b6c                _sbrk
 .text._getpid  0x0000000010002ba4        0x4 CMakeFiles/main.dir/Users/black/pico-sdk/src/rp2_common/pico_runtime/runtime.c.obj
                0x0000000010002ba4                _getpid
 .text._kill    0x0000000010002ba8        0x6 CMakeFiles/main.dir/Users/black/pico-sdk/src/rp2_common/pico_runtime/runtime.c.obj
                0x0000000010002ba8                _kill
 .text.exit     0x0000000010002bae        0x6 CMakeFiles/main.dir/Users/black/pico-sdk/src/rp2_common/pico_runtime/runtime.c.obj
                0x0000000010002bae                exit
 .text.__assert_func
                0x0000000010002bb4       0x3c CMakeFiles/main.dir/Users/black/pico-sdk/src/rp2_common/pico_runtime/runtime.c.obj
                0x0000000010002bb4                __assert_func
 .text.runtime_init
                0x0000000010002bf0       0xf8 CMakeFiles/main.dir/Users/black/pico-sdk/src/rp2_common/pico_runtime/runtime.c.obj
                0x0000000010002bf0                runtime_init
 .text.panic    0x0000000010002ce8       0x30 CMakeFiles/main.dir/Users/black/pico-sdk/src/rp2_common/pico_runtime/runtime.c.obj
                0x0000000010002ce8                panic
 .text._out_buffer
                0x0000000010002d18        0x8 CMakeFiles/main.dir/Users/black/pico-sdk/src/rp2_common/pico_printf/printf.c.obj
 .text._out_null
                0x0000000010002d20        0x2 CMakeFiles/main.dir/Users/black/pico-sdk/src/rp2_common/pico_printf/printf.c.obj
 .text._out_fct
                0x0000000010002d22        0xe CMakeFiles/main.dir/Users/black/pico-sdk/src/rp2_common/pico_printf/printf.c.obj
 .text._atoi    0x0000000010002d30       0x24 CMakeFiles/main.dir/Users/black/pico-sdk/src/rp2_common/pico_printf/printf.c.obj
 .text._out_rev
                0x0000000010002d54       0xae CMakeFiles/main.dir/Users/black/pico-sdk/src/rp2_common/pico_printf/printf.c.obj
 .text._ntoa_format
                0x0000000010002e02      0x112 CMakeFiles/main.dir/Users/black/pico-sdk/src/rp2_common/pico_printf/printf.c.obj
 .text._ntoa_long
                0x0000000010002f14       0xbc CMakeFiles/main.dir/Users/black/pico-sdk/src/rp2_common/pico_printf/printf.c.obj
 .text._ntoa_long_long
                0x0000000010002fd0       0xe2 CMakeFiles/main.dir/Users/black/pico-sdk/src/rp2_common/pico_printf/printf.c.obj
 *fill*         0x00000000100030b2        0x2 
 .text._etoa    0x00000000100030b4      0x414 CMakeFiles/main.dir/Users/black/pico-sdk/src/rp2_common/pico_printf/printf.c.obj
 .text._ftoa    0x00000000100034c8      0x354 CMakeFiles/main.dir/Users/black/pico-sdk/src/rp2_common/pico_printf/printf.c.obj
 .text._vsnprintf
                0x000000001000381c      0x624 CMakeFiles/main.dir/Users/black/pico-sdk/src/rp2_common/pico_printf/printf.c.obj
 .text.__wrap_sprintf
                0x0000000010003e40       0x28 CMakeFiles/main.dir/Users/black/pico-sdk/src/rp2_common/pico_printf/printf.c.obj
                0x0000000010003e40                __wrap_sprintf
 .text.vfctprintf
                0x0000000010003e68       0x20 CMakeFiles/main.dir/Users/black/pico-sdk/src/rp2_common/pico_printf/printf.c.obj
                0x0000000010003e68                vfctprintf
 .text          0x0000000010003e88       0x10 CMakeFiles/main.dir/Users/black/pico-sdk/src/rp2_common/pico_bit_ops/bit_ops_aeabi.S.obj
 .text.rom_func_lookup
                0x0000000010003e98       0x10 CMakeFiles/main.dir/Users/black/pico-sdk/src/rp2_common/pico_bootrom/bootrom.c.obj
                0x0000000010003e98                rom_func_lookup
 .text.rom_data_lookup
                0x0000000010003ea8       0x10 CMakeFiles/main.dir/Users/black/pico-sdk/src/rp2_common/pico_bootrom/bootrom.c.obj
                0x0000000010003ea8                rom_data_lookup
 .text.rom_funcs_lookup
                0x0000000010003eb8       0x36 CMakeFiles/main.dir/Users/black/pico-sdk/src/rp2_common/pico_bootrom/bootrom.c.obj
                0x0000000010003eb8                rom_funcs_lookup
 *fill*         0x0000000010003eee        0x2 
 .text.__wrap___aeabi_idiv
                0x0000000010003ef0       0x50 CMakeFiles/main.dir/Users/black/pico-sdk/src/rp2_common/pico_divider/divider.S.obj
                0x0000000010003ef0                __wrap___aeabi_idivmod
                0x0000000010003ef0                divmod_s32s32
                0x0000000010003ef0                div_s32s32
                0x0000000010003ef0                __wrap___aeabi_idiv
                0x0000000010003ef8                divmod_s32s32_unsafe
                0x0000000010003f24                divmod_s32s32_savestate
 .text.__wrap___aeabi_uidiv
                0x0000000010003f40       0x4c CMakeFiles/main.dir/Users/black/pico-sdk/src/rp2_common/pico_divider/divider.S.obj
                0x0000000010003f40                __wrap___aeabi_uidiv
                0x0000000010003f40                __wrap___aeabi_uidivmod
                0x0000000010003f40                div_u32u32
                0x0000000010003f40                divmod_u32u32
                0x0000000010003f48                divmod_u32u32_unsafe
                0x0000000010003f70                divmod_u32u32_savestate
 .text.__wrap___aeabi_ldiv
                0x0000000010003f8c      0x424 CMakeFiles/main.dir/Users/black/pico-sdk/src/rp2_common/pico_divider/divider.S.obj
                0x0000000010003f8c                __wrap___aeabi_ldivmod
                0x0000000010003f8c                div_s64s64
                0x0000000010003f8c                divmod_s64s64
                0x0000000010003fbc                divmod_u64u64
                0x0000000010003fbc                div_u64u64
                0x0000000010003fbc                __wrap___aeabi_uldivmod
                0x0000000010003fcc                divmod_u64u64_savestate
                0x0000000010003fec                divmod_s64s64_unsafe
                0x0000000010004074                divmod_u64u64_unsafe
 .text.__wrap___aeabi_darithmetic
                0x00000000100043b0       0x80 CMakeFiles/main.dir/Users/black/pico-sdk/src/rp2_common/pico_double/double_aeabi.S.obj
                0x00000000100043b0                __wrap___aeabi_drsub
                0x00000000100043b6                __wrap___aeabi_dsub
                0x00000000100043c8                __wrap___aeabi_dadd
                0x00000000100043da                __wrap___aeabi_ddiv
                0x0000000010004416                __wrap___aeabi_dmul
 .text.__wrap___aeabi_cdcmple
                0x0000000010004430       0x6c CMakeFiles/main.dir/Users/black/pico-sdk/src/rp2_common/pico_double/double_aeabi.S.obj
                0x0000000010004430                __wrap___aeabi_cdrcmple
                0x0000000010004440                __wrap___aeabi_cdcmple
                0x0000000010004440                __wrap___aeabi_cdcmpeq
 .text.__wrap___aeabi_dcmplt
                0x000000001000449c        0xc CMakeFiles/main.dir/Users/black/pico-sdk/src/rp2_common/pico_double/double_aeabi.S.obj
                0x000000001000449c                __wrap___aeabi_dcmplt
 .text.__wrap___aeabi_dcmple
                0x00000000100044a8       0x10 CMakeFiles/main.dir/Users/black/pico-sdk/src/rp2_common/pico_double/double_aeabi.S.obj
                0x00000000100044a8                __wrap___aeabi_dcmple
 .text.__wrap___aeabi_dcmpge
                0x00000000100044b8       0x10 CMakeFiles/main.dir/Users/black/pico-sdk/src/rp2_common/pico_double/double_aeabi.S.obj
                0x00000000100044b8                __wrap___aeabi_dcmpge
 .text.__wrap___aeabi_dcmpgt
                0x00000000100044c8        0xa CMakeFiles/main.dir/Users/black/pico-sdk/src/rp2_common/pico_double/double_aeabi.S.obj
                0x00000000100044c8                __wrap___aeabi_dcmpgt
 .text.__wrap___aeabi_dcmpun
                0x00000000100044d2       0x1c CMakeFiles/main.dir/Users/black/pico-sdk/src/rp2_common/pico_double/double_aeabi.S.obj
                0x00000000100044d2                __wrap___aeabi_dcmpun
 *fill*         0x00000000100044ee        0x2 
 .text.__wrap___aeabi_i2d
                0x00000000100044f0       0x38 CMakeFiles/main.dir/Users/black/pico-sdk/src/rp2_common/pico_double/double_aeabi.S.obj
                0x00000000100044f0                __wrap___aeabi_ui2d
                0x00000000100044f8                __wrap___aeabi_i2d
 .text.__wrap___aeabi_d2iz
                0x0000000010004528       0x48 CMakeFiles/main.dir/Users/black/pico-sdk/src/rp2_common/pico_double/double_aeabi.S.obj
                0x0000000010004528                __wrap___aeabi_d2iz
                0x0000000010004528                double2int_z
 .text.__wrap___aeabi_d2uiz
                0x0000000010004570       0x18 CMakeFiles/main.dir/Users/black/pico-sdk/src/rp2_common/pico_double/double_aeabi.S.obj
                0x0000000010004570                double2uint
                0x0000000010004570                __wrap___aeabi_d2uiz
 .text.__aeabi_double_init
                0x0000000010004588       0xc8 CMakeFiles/main.dir/Users/black/pico-sdk/src/rp2_common/pico_double/double_init_rom.c.obj
                0x0000000010004588                __aeabi_double_init
 .text.double_table_shim_on_use_helper
                0x0000000010004650       0x34 CMakeFiles/main.dir/Users/black/pico-sdk/src/rp2_common/pico_double/double_v1_rom_shim.S.obj
                0x0000000010004650                double_table_shim_on_use_helper
 .text.__wrap___aeabi_dsub
                0x0000000010004684       0x10 CMakeFiles/main.dir/Users/black/pico-sdk/src/rp2_common/pico_double/double_v1_rom_shim.S.obj
                0x0000000010004684                drsub_shim
                0x000000001000468a                dsub_shim
 .text.dadd_shim
                0x0000000010004694      0x15c CMakeFiles/main.dir/Users/black/pico-sdk/src/rp2_common/pico_double/double_v1_rom_shim.S.obj
                0x0000000010004694                dadd_shim
 .text.dmul_shim
                0x00000000100047f0      0x15c CMakeFiles/main.dir/Users/black/pico-sdk/src/rp2_common/pico_double/double_v1_rom_shim.S.obj
                0x00000000100047f0                dmul_shim
 .text.ddiv_shim
                0x000000001000494c      0x1b0 CMakeFiles/main.dir/Users/black/pico-sdk/src/rp2_common/pico_double/double_v1_rom_shim.S.obj
                0x000000001000494c                ddiv_shim
 .text.double2uint_shim
                0x0000000010004afc        0xe CMakeFiles/main.dir/Users/black/pico-sdk/src/rp2_common/pico_double/double_v1_rom_shim.S.obj
                0x0000000010004afc                double2uint_shim
                0x0000000010004afe                double2ufix_shim
 *fill*         0x0000000010004b0a        0x2 
 .text.double2uint64_shim
                0x0000000010004b0c       0x70 CMakeFiles/main.dir/Users/black/pico-sdk/src/rp2_common/pico_double/double_v1_rom_shim.S.obj
                0x0000000010004b0c                double2uint64_shim
                0x0000000010004b0e                double2ufix64_shim
                0x0000000010004b2e                d2fix_a
 .text.dunpacks
                0x0000000010004b7c       0x3c CMakeFiles/main.dir/Users/black/pico-sdk/src/rp2_common/pico_double/double_v1_rom_shim.S.obj
                0x0000000010004b7c                dunpacks
 .text.__aeabi_lmul
                0x0000000010004bb8       0x32 CMakeFiles/main.dir/Users/black/pico-sdk/src/rp2_common/pico_int64_ops/pico_int64_ops_aeabi.S.obj
                0x0000000010004bb8                __wrap___aeabi_lmul
 *fill*         0x0000000010004bea        0x2 
 .text.__aeabi_float_init
                0x0000000010004bec       0xfc CMakeFiles/main.dir/Users/black/pico-sdk/src/rp2_common/pico_float/float_init_rom.c.obj
                0x0000000010004bec                __aeabi_float_init
 .text.float_table_shim_on_use_helper
                0x0000000010004ce8       0x34 CMakeFiles/main.dir/Users/black/pico-sdk/src/rp2_common/pico_float/float_v1_rom_shim.S.obj
                0x0000000010004ce8                float_table_shim_on_use_helper
 .text.__wrap_malloc
                0x0000000010004d1c       0x24 CMakeFiles/main.dir/Users/black/pico-sdk/src/rp2_common/pico_malloc/pico_malloc.c.obj
                0x0000000010004d1c                __wrap_malloc
 .text.__wrap_realloc
                0x0000000010004d40       0x24 CMakeFiles/main.dir/Users/black/pico-sdk/src/rp2_common/pico_malloc/pico_malloc.c.obj
                0x0000000010004d40                __wrap_realloc
 .text.__wrap_free
                0x0000000010004d64        0x8 CMakeFiles/main.dir/Users/black/pico-sdk/src/rp2_common/pico_malloc/pico_malloc.c.obj
                0x0000000010004d64                __wrap_free
 .text          0x0000000010004d6c       0x10 CMakeFiles/main.dir/Users/black/pico-sdk/src/rp2_common/pico_mem_ops/mem_ops_aeabi.S.obj
                0x0000000010004d6c                __aeabi_mem_init
 .text.memset   0x0000000010004d7c        0xc CMakeFiles/main.dir/Users/black/pico-sdk/src/rp2_common/pico_mem_ops/mem_ops_aeabi.S.obj
                0x0000000010004d7c                __wrap_memset
 .text.memcpy   0x0000000010004d88        0xc CMakeFiles/main.dir/Users/black/pico-sdk/src/rp2_common/pico_mem_ops/mem_ops_aeabi.S.obj
                0x0000000010004d88                __wrap___aeabi_memcpy
                0x0000000010004d88                __wrap_memcpy
 .text._Znwj    0x0000000010004d94        0x8 CMakeFiles/main.dir/Users/black/pico-sdk/src/rp2_common/pico_standard_link/new_delete.cpp.obj
                0x0000000010004d94                operator new(unsigned int)
 .text._ZdlPv   0x0000000010004d9c        0x8 CMakeFiles/main.dir/Users/black/pico-sdk/src/rp2_common/pico_standard_link/new_delete.cpp.obj
                0x0000000010004d9c                operator delete(void*)
 .text._ZdlPvj  0x0000000010004da4        0x8 CMakeFiles/main.dir/Users/black/pico-sdk/src/rp2_common/pico_standard_link/new_delete.cpp.obj
                0x0000000010004da4                operator delete(void*, unsigned int)
 .text.stdio_out_chars_no_crlf
                0x0000000010004dac        0xe CMakeFiles/main.dir/Users/black/pico-sdk/src/rp2_common/pico_stdio/stdio.c.obj
 *fill*         0x0000000010004dba        0x2 
 .text.stdio_out_chars_crlf
                0x0000000010004dbc       0x80 CMakeFiles/main.dir/Users/black/pico-sdk/src/rp2_common/pico_stdio/stdio.c.obj
 .text.stdio_stack_buffer_flush
                0x0000000010004e3c       0x44 CMakeFiles/main.dir/Users/black/pico-sdk/src/rp2_common/pico_stdio/stdio.c.obj
 .text.stdio_buffered_printer
                0x0000000010004e80       0x20 CMakeFiles/main.dir/Users/black/pico-sdk/src/rp2_common/pico_stdio/stdio.c.obj
 .text.stdio_get_until
                0x0000000010004ea0       0x80 CMakeFiles/main.dir/Users/black/pico-sdk/src/rp2_common/pico_stdio/stdio.c.obj
 .text.stdout_serialize_begin
                0x0000000010004f20       0x5c CMakeFiles/main.dir/Users/black/pico-sdk/src/rp2_common/pico_stdio/stdio.c.obj
                0x0000000010004f20                stdout_serialize_begin
 .text.stdout_serialize_end
                0x0000000010004f7c       0x10 CMakeFiles/main.dir/Users/black/pico-sdk/src/rp2_common/pico_stdio/stdio.c.obj
                0x0000000010004f7c                stdout_serialize_end
 .text.stdio_put_string
                0x0000000010004f8c       0x98 CMakeFiles/main.dir/Users/black/pico-sdk/src/rp2_common/pico_stdio/stdio.c.obj
 .text._read    0x0000000010005024       0x24 CMakeFiles/main.dir/Users/black/pico-sdk/src/rp2_common/pico_stdio/stdio.c.obj
                0x0000000010005024                _read
 .text._write   0x0000000010005048       0x22 CMakeFiles/main.dir/Users/black/pico-sdk/src/rp2_common/pico_stdio/stdio.c.obj
                0x0000000010005048                _write
 .text._close   0x000000001000506a        0x6 CMakeFiles/main.dir/Users/black/pico-sdk/src/rp2_common/pico_stdio/stdio.c.obj
                0x000000001000506a                _close
 .text._lseek   0x0000000010005070        0x6 CMakeFiles/main.dir/Users/black/pico-sdk/src/rp2_common/pico_stdio/stdio.c.obj
                0x0000000010005070                _lseek
 .text._fstat   0x0000000010005076        0x6 CMakeFiles/main.dir/Users/black/pico-sdk/src/rp2_common/pico_stdio/stdio.c.obj
                0x0000000010005076                _fstat
 .text._isatty  0x000000001000507c        0xc CMakeFiles/main.dir/Users/black/pico-sdk/src/rp2_common/pico_stdio/stdio.c.obj
                0x000000001000507c                _isatty
 .text.stdio_flush
                0x0000000010005088       0x20 CMakeFiles/main.dir/Users/black/pico-sdk/src/rp2_common/pico_stdio/stdio.c.obj
                0x0000000010005088                stdio_flush
 .text.__wrap_puts
                0x00000000100050a8       0x1e CMakeFiles/main.dir/Users/black/pico-sdk/src/rp2_common/pico_stdio/stdio.c.obj
                0x00000000100050a8                __wrap_puts
 *fill*         0x00000000100050c6        0x2 
 .text.__wrap_vprintf
                0x00000000100050c8       0x40 CMakeFiles/main.dir/Users/black/pico-sdk/src/rp2_common/pico_stdio/stdio.c.obj
                0x00000000100050c8                __wrap_vprintf
 .text.__wrap_printf
                0x0000000010005108       0x18 CMakeFiles/main.dir/Users/black/pico-sdk/src/rp2_common/pico_stdio/stdio.c.obj
                0x0000000010005108                __wrap_printf
 .text.i2c_write_blocking_internal
                0x0000000010005120      0x140 CMakeFiles/main.dir/Users/black/pico-sdk/src/rp2_common/hardware_i2c/i2c.c.obj
 .text.i2c_set_baudrate
                0x0000000010005260       0xf0 CMakeFiles/main.dir/Users/black/pico-sdk/src/rp2_common/hardware_i2c/i2c.c.obj
                0x0000000010005260                i2c_set_baudrate
 .text.i2c_init
                0x0000000010005350       0x58 CMakeFiles/main.dir/Users/black/pico-sdk/src/rp2_common/hardware_i2c/i2c.c.obj
                0x0000000010005350                i2c_init
 .text.i2c_write_blocking
                0x00000000100053a8       0x18 CMakeFiles/main.dir/Users/black/pico-sdk/src/rp2_common/hardware_i2c/i2c.c.obj
                0x00000000100053a8                i2c_write_blocking
 .text.spi_set_baudrate
                0x00000000100053c0       0xcc CMakeFiles/main.dir/Users/black/pico-sdk/src/rp2_common/hardware_spi/spi.c.obj
                0x00000000100053c0                spi_set_baudrate
 .text.spi_init
                0x000000001000548c       0x74 CMakeFiles/main.dir/Users/black/pico-sdk/src/rp2_common/hardware_spi/spi.c.obj
                0x000000001000548c                spi_init
 .text.unlikely._ZSt17__throw_bad_allocv
                0x0000000010005500       0x20 /usr/local/Cellar/arm-none-eabi-gcc/10.3-2021.10/gcc/bin/../lib/gcc/arm-none-eabi/10.3.1/../../../../arm-none-eabi/lib/thumb/v6-m/nofp/libstdc++.a(functexcept.o)
                0x0000000010005500                std::__throw_bad_alloc()
 .text.unlikely._ZSt19__throw_logic_errorPKc
                0x0000000010005520       0x30 /usr/local/Cellar/arm-none-eabi-gcc/10.3-2021.10/gcc/bin/../lib/gcc/arm-none-eabi/10.3.1/../../../../arm-none-eabi/lib/thumb/v6-m/nofp/libstdc++.a(functexcept.o)
                0x0000000010005520                std::__throw_logic_error(char const*)
 .text.unlikely._ZSt20__throw_length_errorPKc
                0x0000000010005550       0x30 /usr/local/Cellar/arm-none-eabi-gcc/10.3-2021.10/gcc/bin/../lib/gcc/arm-none-eabi/10.3.1/../../../../arm-none-eabi/lib/thumb/v6-m/nofp/libstdc++.a(functexcept.o)
                0x0000000010005550                std::__throw_length_error(char const*)
 .text._ZNSt7__cxx1112basic_stringIcSt11char_traitsIcESaIcEE9_M_createERjj
                0x0000000010005580       0x3c /usr/local/Cellar/arm-none-eabi-gcc/10.3-2021.10/gcc/bin/../lib/gcc/arm-none-eabi/10.3.1/../../../../arm-none-eabi/lib/thumb/v6-m/nofp/libstdc++.a(string-inst.o)
                0x0000000010005580                std::__cxx11::basic_string<char, std::char_traits<char>, std::allocator<char> >::_M_create(unsigned int&, unsigned int)
 .text._ZNSt7__cxx1112basic_stringIcSt11char_traitsIcESaIcEE12_M_constructEjc
                0x00000000100055bc       0x48 /usr/local/Cellar/arm-none-eabi-gcc/10.3-2021.10/gcc/bin/../lib/gcc/arm-none-eabi/10.3.1/../../../../arm-none-eabi/lib/thumb/v6-m/nofp/libstdc++.a(string-inst.o)
                0x00000000100055bc                std::__cxx11::basic_string<char, std::char_traits<char>, std::allocator<char> >::_M_construct(unsigned int, char)
 .text._ZNSt7__cxx1112basic_stringIcSt11char_traitsIcESaIcEE9_M_mutateEjjPKcj
                0x0000000010005604       0xb4 /usr/local/Cellar/arm-none-eabi-gcc/10.3-2021.10/gcc/bin/../lib/gcc/arm-none-eabi/10.3.1/../../../../arm-none-eabi/lib/thumb/v6-m/nofp/libstdc++.a(string-inst.o)
                0x0000000010005604                std::__cxx11::basic_string<char, std::char_traits<char>, std::allocator<char> >::_M_mutate(unsigned int, unsigned int, char const*, unsigned int)
 .text._ZNSt7__cxx1112basic_stringIcSt11char_traitsIcESaIcEE9_M_appendEPKcj
                0x00000000100056b8       0x54 /usr/local/Cellar/arm-none-eabi-gcc/10.3-2021.10/gcc/bin/../lib/gcc/arm-none-eabi/10.3.1/../../../../arm-none-eabi/lib/thumb/v6-m/nofp/libstdc++.a(string-inst.o)
                0x00000000100056b8                std::__cxx11::basic_string<char, std::char_traits<char>, std::allocator<char> >::_M_append(char const*, unsigned int)
 .text._ZNKSt9bad_alloc4whatEv
                0x000000001000570c        0x8 /usr/local/Cellar/arm-none-eabi-gcc/10.3-2021.10/gcc/bin/../lib/gcc/arm-none-eabi/10.3.1/../../../../arm-none-eabi/lib/thumb/v6-m/nofp/libstdc++.a(bad_alloc.o)
                0x000000001000570c                std::bad_alloc::what() const
 .text._ZNSt9bad_allocD2Ev
                0x0000000010005714       0x18 /usr/local/Cellar/arm-none-eabi-gcc/10.3-2021.10/gcc/bin/../lib/gcc/arm-none-eabi/10.3.1/../../../../arm-none-eabi/lib/thumb/v6-m/nofp/libstdc++.a(bad_alloc.o)
                0x0000000010005714                std::bad_alloc::~bad_alloc()
                0x0000000010005714                std::bad_alloc::~bad_alloc()
 .text._ZNSt9bad_allocD0Ev
                0x000000001000572c       0x20 /usr/local/Cellar/arm-none-eabi-gcc/10.3-2021.10/gcc/bin/../lib/gcc/arm-none-eabi/10.3.1/../../../../arm-none-eabi/lib/thumb/v6-m/nofp/libstdc++.a(bad_alloc.o)
                0x000000001000572c                std::bad_alloc::~bad_alloc()
 .text._ZN12_GLOBAL__N_14pool4freeEPv.constprop.0
                0x000000001000574c       0x78 /usr/local/Cellar/arm-none-eabi-gcc/10.3-2021.10/gcc/bin/../lib/gcc/arm-none-eabi/10.3.1/../../../../arm-none-eabi/lib/thumb/v6-m/nofp/libstdc++.a(eh_alloc.o)
 .text._ZN12_GLOBAL__N_14pool8allocateEj.constprop.0
                0x00000000100057c4       0x54 /usr/local/Cellar/arm-none-eabi-gcc/10.3-2021.10/gcc/bin/../lib/gcc/arm-none-eabi/10.3.1/../../../../arm-none-eabi/lib/thumb/v6-m/nofp/libstdc++.a(eh_alloc.o)
 .text.__cxa_allocate_exception
                0x0000000010005818       0x2c /usr/local/Cellar/arm-none-eabi-gcc/10.3-2021.10/gcc/bin/../lib/gcc/arm-none-eabi/10.3.1/../../../../arm-none-eabi/lib/thumb/v6-m/nofp/libstdc++.a(eh_alloc.o)
                0x0000000010005818                __cxa_allocate_exception
 .text.__cxa_free_exception
                0x0000000010005844       0x24 /usr/local/Cellar/arm-none-eabi-gcc/10.3-2021.10/gcc/bin/../lib/gcc/arm-none-eabi/10.3.1/../../../../arm-none-eabi/lib/thumb/v6-m/nofp/libstdc++.a(eh_alloc.o)
                0x0000000010005844                __cxa_free_exception
 .text.startup._GLOBAL__sub_I__ZN9__gnu_cxx9__freeresEv
                0x0000000010005868       0x2c /usr/local/Cellar/arm-none-eabi-gcc/10.3-2021.10/gcc/bin/../lib/gcc/arm-none-eabi/10.3.1/../../../../arm-none-eabi/lib/thumb/v6-m/nofp/libstdc++.a(eh_alloc.o)
 .text.__cxa_end_cleanup
                0x0000000010005894        0xc /usr/local/Cellar/arm-none-eabi-gcc/10.3-2021.10/gcc/bin/../lib/gcc/arm-none-eabi/10.3.1/../../../../arm-none-eabi/lib/thumb/v6-m/nofp/libstdc++.a(eh_arm.o)
                0x0000000010005894                __cxa_end_cleanup
 .text.__cxa_type_match
                0x00000000100058a0       0xc0 /usr/local/Cellar/arm-none-eabi-gcc/10.3-2021.10/gcc/bin/../lib/gcc/arm-none-eabi/10.3.1/../../../../arm-none-eabi/lib/thumb/v6-m/nofp/libstdc++.a(eh_arm.o)
                0x00000000100058a0                __cxa_type_match
 .text.__cxa_begin_cleanup
                0x0000000010005960       0x60 /usr/local/Cellar/arm-none-eabi-gcc/10.3-2021.10/gcc/bin/../lib/gcc/arm-none-eabi/10.3.1/../../../../arm-none-eabi/lib/thumb/v6-m/nofp/libstdc++.a(eh_arm.o)
                0x0000000010005960                __cxa_begin_cleanup
 .text.__gnu_end_cleanup
                0x00000000100059c0       0x70 /usr/local/Cellar/arm-none-eabi-gcc/10.3-2021.10/gcc/bin/../lib/gcc/arm-none-eabi/10.3.1/../../../../arm-none-eabi/lib/thumb/v6-m/nofp/libstdc++.a(eh_arm.o)
                0x00000000100059c0                __gnu_end_cleanup
 .text.__cxa_begin_catch
                0x0000000010005a30       0x74 /usr/local/Cellar/arm-none-eabi-gcc/10.3-2021.10/gcc/bin/../lib/gcc/arm-none-eabi/10.3.1/../../../../arm-none-eabi/lib/thumb/v6-m/nofp/libstdc++.a(eh_catch.o)
                0x0000000010005a30                __cxa_begin_catch
 .text.__cxa_end_catch
                0x0000000010005aa4       0x90 /usr/local/Cellar/arm-none-eabi-gcc/10.3-2021.10/gcc/bin/../lib/gcc/arm-none-eabi/10.3.1/../../../../arm-none-eabi/lib/thumb/v6-m/nofp/libstdc++.a(eh_catch.o)
                0x0000000010005aa4                __cxa_end_catch
 .text._ZNSt9exceptionD2Ev
                0x0000000010005b34        0x4 /usr/local/Cellar/arm-none-eabi-gcc/10.3-2021.10/gcc/bin/../lib/gcc/arm-none-eabi/10.3.1/../../../../arm-none-eabi/lib/thumb/v6-m/nofp/libstdc++.a(eh_exception.o)
                0x0000000010005b34                std::exception::~exception()
                0x0000000010005b34                std::exception::~exception()
 .text._ZNSt13bad_exceptionD2Ev
                0x0000000010005b38        0x4 /usr/local/Cellar/arm-none-eabi-gcc/10.3-2021.10/gcc/bin/../lib/gcc/arm-none-eabi/10.3.1/../../../../arm-none-eabi/lib/thumb/v6-m/nofp/libstdc++.a(eh_exception.o)
                0x0000000010005b38                std::bad_exception::~bad_exception()
                0x0000000010005b38                std::bad_exception::~bad_exception()
 .text._ZNKSt13bad_exception4whatEv
                0x0000000010005b3c        0x8 /usr/local/Cellar/arm-none-eabi-gcc/10.3-2021.10/gcc/bin/../lib/gcc/arm-none-eabi/10.3.1/../../../../arm-none-eabi/lib/thumb/v6-m/nofp/libstdc++.a(eh_exception.o)
                0x0000000010005b3c                transaction clone for std::bad_exception::what() const
                0x0000000010005b3c                std::bad_exception::what() const
 .text._ZNSt13bad_exceptionD0Ev
                0x0000000010005b44       0x10 /usr/local/Cellar/arm-none-eabi-gcc/10.3-2021.10/gcc/bin/../lib/gcc/arm-none-eabi/10.3.1/../../../../arm-none-eabi/lib/thumb/v6-m/nofp/libstdc++.a(eh_exception.o)
                0x0000000010005b44                std::bad_exception::~bad_exception()
 .text.__cxa_get_globals_fast
                0x0000000010005b54        0x8 /usr/local/Cellar/arm-none-eabi-gcc/10.3-2021.10/gcc/bin/../lib/gcc/arm-none-eabi/10.3.1/../../../../arm-none-eabi/lib/thumb/v6-m/nofp/libstdc++.a(eh_globals.o)
                0x0000000010005b54                __cxa_get_globals_fast
 .text.__cxa_get_globals
                0x0000000010005b5c        0x8 /usr/local/Cellar/arm-none-eabi-gcc/10.3-2021.10/gcc/bin/../lib/gcc/arm-none-eabi/10.3.1/../../../../arm-none-eabi/lib/thumb/v6-m/nofp/libstdc++.a(eh_globals.o)
                0x0000000010005b5c                __cxa_get_globals
 .text._ZL28read_encoded_value_with_basehjPKhPj
                0x0000000010005b64      0x114 /usr/local/Cellar/arm-none-eabi-gcc/10.3-2021.10/gcc/bin/../lib/gcc/arm-none-eabi/10.3.1/../../../../arm-none-eabi/lib/thumb/v6-m/nofp/libstdc++.a(eh_personality.o)
 .text._ZL21base_of_encoded_valuehP15_Unwind_Context
                0x0000000010005c78       0x48 /usr/local/Cellar/arm-none-eabi-gcc/10.3-2021.10/gcc/bin/../lib/gcc/arm-none-eabi/10.3.1/../../../../arm-none-eabi/lib/thumb/v6-m/nofp/libstdc++.a(eh_personality.o)
 .text._ZL17parse_lsda_headerP15_Unwind_ContextPKhP16lsda_header_info
                0x0000000010005cc0       0x98 /usr/local/Cellar/arm-none-eabi-gcc/10.3-2021.10/gcc/bin/../lib/gcc/arm-none-eabi/10.3.1/../../../../arm-none-eabi/lib/thumb/v6-m/nofp/libstdc++.a(eh_personality.o)
 .text.__gxx_personality_v0
                0x0000000010005d58      0x4c8 /usr/local/Cellar/arm-none-eabi-gcc/10.3-2021.10/gcc/bin/../lib/gcc/arm-none-eabi/10.3.1/../../../../arm-none-eabi/lib/thumb/v6-m/nofp/libstdc++.a(eh_personality.o)
                0x0000000010005d58                __gxx_personality_v0
 .text._ZN10__cxxabiv111__terminateEPFvvE
                0x0000000010006220       0x28 /usr/local/Cellar/arm-none-eabi-gcc/10.3-2021.10/gcc/bin/../lib/gcc/arm-none-eabi/10.3.1/../../../../arm-none-eabi/lib/thumb/v6-m/nofp/libstdc++.a(eh_terminate.o)
                0x0000000010006220                __cxxabiv1::__terminate(void (*)())
 .text._ZSt9terminatev
                0x0000000010006248       0x10 /usr/local/Cellar/arm-none-eabi-gcc/10.3-2021.10/gcc/bin/../lib/gcc/arm-none-eabi/10.3.1/../../../../arm-none-eabi/lib/thumb/v6-m/nofp/libstdc++.a(eh_terminate.o)
                0x0000000010006248                std::terminate()
 .text._ZN10__cxxabiv112__unexpectedEPFvvE
                0x0000000010006258        0x8 /usr/local/Cellar/arm-none-eabi-gcc/10.3-2021.10/gcc/bin/../lib/gcc/arm-none-eabi/10.3.1/../../../../arm-none-eabi/lib/thumb/v6-m/nofp/libstdc++.a(eh_terminate.o)
                0x0000000010006258                __cxxabiv1::__unexpected(void (*)())
 .text._ZSt10unexpectedv
                0x0000000010006260       0x10 /usr/local/Cellar/arm-none-eabi-gcc/10.3-2021.10/gcc/bin/../lib/gcc/arm-none-eabi/10.3.1/../../../../arm-none-eabi/lib/thumb/v6-m/nofp/libstdc++.a(eh_terminate.o)
                0x0000000010006260                std::unexpected()
 .text._ZSt13get_terminatev
                0x0000000010006270        0xc /usr/local/Cellar/arm-none-eabi-gcc/10.3-2021.10/gcc/bin/../lib/gcc/arm-none-eabi/10.3.1/../../../../arm-none-eabi/lib/thumb/v6-m/nofp/libstdc++.a(eh_terminate.o)
                0x0000000010006270                std::get_terminate()
 .text._ZSt14get_unexpectedv
                0x000000001000627c        0xc /usr/local/Cellar/arm-none-eabi-gcc/10.3-2021.10/gcc/bin/../lib/gcc/arm-none-eabi/10.3.1/../../../../arm-none-eabi/lib/thumb/v6-m/nofp/libstdc++.a(eh_terminate.o)
                0x000000001000627c                std::get_unexpected()
 .text._ZL23__gxx_exception_cleanup19_Unwind_Reason_CodeP21_Unwind_Control_Block
                0x0000000010006288       0x34 /usr/local/Cellar/arm-none-eabi-gcc/10.3-2021.10/gcc/bin/../lib/gcc/arm-none-eabi/10.3.1/../../../../arm-none-eabi/lib/thumb/v6-m/nofp/libstdc++.a(eh_throw.o)
 .text.__cxa_init_primary_exception
                0x00000000100062bc       0x4c /usr/local/Cellar/arm-none-eabi-gcc/10.3-2021.10/gcc/bin/../lib/gcc/arm-none-eabi/10.3.1/../../../../arm-none-eabi/lib/thumb/v6-m/nofp/libstdc++.a(eh_throw.o)
                0x00000000100062bc                __cxa_init_primary_exception
 .text.__cxa_throw
                0x0000000010006308       0x34 /usr/local/Cellar/arm-none-eabi-gcc/10.3-2021.10/gcc/bin/../lib/gcc/arm-none-eabi/10.3.1/../../../../arm-none-eabi/lib/thumb/v6-m/nofp/libstdc++.a(eh_throw.o)
                0x0000000010006308                __cxa_throw
 .text.__cxa_rethrow
                0x000000001000633c       0x70 /usr/local/Cellar/arm-none-eabi-gcc/10.3-2021.10/gcc/bin/../lib/gcc/arm-none-eabi/10.3.1/../../../../arm-none-eabi/lib/thumb/v6-m/nofp/libstdc++.a(eh_throw.o)
                0x000000001000633c                __cxa_rethrow
 .text._ZN10__cxxabiv120__si_class_type_infoD2Ev
                0x00000000100063ac       0x18 /usr/local/Cellar/arm-none-eabi-gcc/10.3-2021.10/gcc/bin/../lib/gcc/arm-none-eabi/10.3.1/../../../../arm-none-eabi/lib/thumb/v6-m/nofp/libstdc++.a(si_class_type_info.o)
                0x00000000100063ac                __cxxabiv1::__si_class_type_info::~__si_class_type_info()
                0x00000000100063ac                __cxxabiv1::__si_class_type_info::~__si_class_type_info()
 .text._ZN10__cxxabiv120__si_class_type_infoD0Ev
                0x00000000100063c4       0x20 /usr/local/Cellar/arm-none-eabi-gcc/10.3-2021.10/gcc/bin/../lib/gcc/arm-none-eabi/10.3.1/../../../../arm-none-eabi/lib/thumb/v6-m/nofp/libstdc++.a(si_class_type_info.o)
                0x00000000100063c4                __cxxabiv1::__si_class_type_info::~__si_class_type_info()
 .text._ZNK10__cxxabiv120__si_class_type_info20__do_find_public_srcEiPKvPKNS_17__class_type_infoES2_
                0x00000000100063e4       0x38 /usr/local/Cellar/arm-none-eabi-gcc/10.3-2021.10/gcc/bin/../lib/gcc/arm-none-eabi/10.3.1/../../../../arm-none-eabi/lib/thumb/v6-m/nofp/libstdc++.a(si_class_type_info.o)
                0x00000000100063e4                __cxxabiv1::__si_class_type_info::__do_find_public_src(int, void const*, __cxxabiv1::__class_type_info const*, void const*) const
 .text._ZNK10__cxxabiv120__si_class_type_info12__do_dyncastEiNS_17__class_type_info10__sub_kindEPKS1_PKvS4_S6_RNS1_16__dyncast_resultE
                0x000000001000641c       0x9c /usr/local/Cellar/arm-none-eabi-gcc/10.3-2021.10/gcc/bin/../lib/gcc/arm-none-eabi/10.3.1/../../../../arm-none-eabi/lib/thumb/v6-m/nofp/libstdc++.a(si_class_type_info.o)
                0x000000001000641c                __cxxabiv1::__si_class_type_info::__do_dyncast(int, __cxxabiv1::__class_type_info::__sub_kind, __cxxabiv1::__class_type_info const*, void const*, __cxxabiv1::__class_type_info const*, void const*, __cxxabiv1::__class_type_info::__dyncast_result&) const
 .text._ZNK10__cxxabiv120__si_class_type_info11__do_upcastEPKNS_17__class_type_infoEPKvRNS1_15__upcast_resultE
                0x00000000100064b8       0x24 /usr/local/Cellar/arm-none-eabi-gcc/10.3-2021.10/gcc/bin/../lib/gcc/arm-none-eabi/10.3.1/../../../../arm-none-eabi/lib/thumb/v6-m/nofp/libstdc++.a(si_class_type_info.o)
                0x00000000100064b8                __cxxabiv1::__si_class_type_info::__do_upcast(__cxxabiv1::__class_type_info const*, void const*, __cxxabiv1::__class_type_info::__upcast_result&) const
 .text._ZNSt9type_infoD2Ev
                0x00000000100064dc        0x4 /usr/local/Cellar/arm-none-eabi-gcc/10.3-2021.10/gcc/bin/../lib/gcc/arm-none-eabi/10.3.1/../../../../arm-none-eabi/lib/thumb/v6-m/nofp/libstdc++.a(tinfo.o)
                0x00000000100064dc                std::type_info::~type_info()
                0x00000000100064dc                std::type_info::~type_info()
 .text._ZNKSt9type_info14__is_pointer_pEv
                0x00000000100064e0        0x4 /usr/local/Cellar/arm-none-eabi-gcc/10.3-2021.10/gcc/bin/../lib/gcc/arm-none-eabi/10.3.1/../../../../arm-none-eabi/lib/thumb/v6-m/nofp/libstdc++.a(tinfo.o)
                0x00000000100064e0                std::type_info::__is_function_p() const
                0x00000000100064e0                std::type_info::__is_pointer_p() const
 .text._ZNKSt9type_infoeqERKS_
                0x00000000100064e4       0x30 /usr/local/Cellar/arm-none-eabi-gcc/10.3-2021.10/gcc/bin/../lib/gcc/arm-none-eabi/10.3.1/../../../../arm-none-eabi/lib/thumb/v6-m/nofp/libstdc++.a(tinfo.o)
                0x00000000100064e4                std::type_info::operator==(std::type_info const&) const
 .text._ZN9__gnu_cxx27__verbose_terminate_handlerEv
                0x0000000010006514      0x114 /usr/local/Cellar/arm-none-eabi-gcc/10.3-2021.10/gcc/bin/../lib/gcc/arm-none-eabi/10.3.1/../../../../arm-none-eabi/lib/thumb/v6-m/nofp/libstdc++.a(vterminate.o)
                0x0000000010006514                __gnu_cxx::__verbose_terminate_handler()
 .text._ZNKSt11logic_error4whatEv
                0x0000000010006628        0x4 /usr/local/Cellar/arm-none-eabi-gcc/10.3-2021.10/gcc/bin/../lib/gcc/arm-none-eabi/10.3.1/../../../../arm-none-eabi/lib/thumb/v6-m/nofp/libstdc++.a(stdexcept.o)
                0x0000000010006628                std::runtime_error::what() const
                0x0000000010006628                std::logic_error::what() const
 .text._ZNSt11logic_errorD2Ev
                0x000000001000662c       0x40 /usr/local/Cellar/arm-none-eabi-gcc/10.3-2021.10/gcc/bin/../lib/gcc/arm-none-eabi/10.3.1/../../../../arm-none-eabi/lib/thumb/v6-m/nofp/libstdc++.a(stdexcept.o)
                0x000000001000662c                std::logic_error::~logic_error()
                0x000000001000662c                std::logic_error::~logic_error()
 .text._ZNSt12length_errorD2Ev
                0x000000001000666c       0x40 /usr/local/Cellar/arm-none-eabi-gcc/10.3-2021.10/gcc/bin/../lib/gcc/arm-none-eabi/10.3.1/../../../../arm-none-eabi/lib/thumb/v6-m/nofp/libstdc++.a(stdexcept.o)
                0x000000001000666c                std::length_error::~length_error()
                0x000000001000666c                std::length_error::~length_error()
 .text._ZNSt11logic_errorD0Ev
                0x00000000100066ac       0x48 /usr/local/Cellar/arm-none-eabi-gcc/10.3-2021.10/gcc/bin/../lib/gcc/arm-none-eabi/10.3.1/../../../../arm-none-eabi/lib/thumb/v6-m/nofp/libstdc++.a(stdexcept.o)
                0x00000000100066ac                std::logic_error::~logic_error()
 .text._ZNSt12length_errorD0Ev
                0x00000000100066f4       0x48 /usr/local/Cellar/arm-none-eabi-gcc/10.3-2021.10/gcc/bin/../lib/gcc/arm-none-eabi/10.3.1/../../../../arm-none-eabi/lib/thumb/v6-m/nofp/libstdc++.a(stdexcept.o)
                0x00000000100066f4                std::length_error::~length_error()
 .text._ZNSt11logic_errorC2EPKc
                0x000000001000673c       0x88 /usr/local/Cellar/arm-none-eabi-gcc/10.3-2021.10/gcc/bin/../lib/gcc/arm-none-eabi/10.3.1/../../../../arm-none-eabi/lib/thumb/v6-m/nofp/libstdc++.a(cow-stdexcept.o)
                0x000000001000673c                std::logic_error::logic_error(char const*)
                0x000000001000673c                std::logic_error::logic_error(char const*)
 .text._ZNSt12length_errorC2EPKc
                0x00000000100067c4       0x14 /usr/local/Cellar/arm-none-eabi-gcc/10.3-2021.10/gcc/bin/../lib/gcc/arm-none-eabi/10.3.1/../../../../arm-none-eabi/lib/thumb/v6-m/nofp/libstdc++.a(cow-stdexcept.o)
                0x00000000100067c4                std::length_error::length_error(char const*)
                0x00000000100067c4                std::length_error::length_error(char const*)
 .text._ZNSs4_Rep9_S_createEjjRKSaIcE
                0x00000000100067d8       0x78 /usr/local/Cellar/arm-none-eabi-gcc/10.3-2021.10/gcc/bin/../lib/gcc/arm-none-eabi/10.3.1/../../../../arm-none-eabi/lib/thumb/v6-m/nofp/libstdc++.a(cow-string-inst.o)
                0x00000000100067d8                std::string::_Rep::_S_create(unsigned int, unsigned int, std::allocator<char> const&)
 .text._ZNSs4_Rep10_M_destroyERKSaIcE
                0x0000000010006850        0x8 /usr/local/Cellar/arm-none-eabi-gcc/10.3-2021.10/gcc/bin/../lib/gcc/arm-none-eabi/10.3.1/../../../../arm-none-eabi/lib/thumb/v6-m/nofp/libstdc++.a(cow-string-inst.o)
                0x0000000010006850                std::string::_Rep::_M_destroy(std::allocator<char> const&)
 .text._ZNK10__cxxabiv117__class_type_info11__do_upcastEPKS0_PPv
                0x0000000010006858       0x34 /usr/local/Cellar/arm-none-eabi-gcc/10.3-2021.10/gcc/bin/../lib/gcc/arm-none-eabi/10.3.1/../../../../arm-none-eabi/lib/thumb/v6-m/nofp/libstdc++.a(class_type_info.o)
                0x0000000010006858                __cxxabiv1::__class_type_info::__do_upcast(__cxxabiv1::__class_type_info const*, void**) const
 .text._ZNK10__cxxabiv117__class_type_info20__do_find_public_srcEiPKvPKS0_S2_
                0x000000001000688c       0x14 /usr/local/Cellar/arm-none-eabi-gcc/10.3-2021.10/gcc/bin/../lib/gcc/arm-none-eabi/10.3.1/../../../../arm-none-eabi/lib/thumb/v6-m/nofp/libstdc++.a(class_type_info.o)
                0x000000001000688c                __cxxabiv1::__class_type_info::__do_find_public_src(int, void const*, __cxxabiv1::__class_type_info const*, void const*) const
 .text._ZN10__cxxabiv117__class_type_infoD2Ev
                0x00000000100068a0       0x18 /usr/local/Cellar/arm-none-eabi-gcc/10.3-2021.10/gcc/bin/../lib/gcc/arm-none-eabi/10.3.1/../../../../arm-none-eabi/lib/thumb/v6-m/nofp/libstdc++.a(class_type_info.o)
                0x00000000100068a0                __cxxabiv1::__class_type_info::~__class_type_info()
                0x00000000100068a0                __cxxabiv1::__class_type_info::~__class_type_info()
 .text._ZN10__cxxabiv117__class_type_infoD0Ev
                0x00000000100068b8       0x20 /usr/local/Cellar/arm-none-eabi-gcc/10.3-2021.10/gcc/bin/../lib/gcc/arm-none-eabi/10.3.1/../../../../arm-none-eabi/lib/thumb/v6-m/nofp/libstdc++.a(class_type_info.o)
                0x00000000100068b8                __cxxabiv1::__class_type_info::~__class_type_info()
 .text._ZNK10__cxxabiv117__class_type_info12__do_dyncastEiNS0_10__sub_kindEPKS0_PKvS3_S5_RNS0_16__dyncast_resultE
                0x00000000100068d8       0x40 /usr/local/Cellar/arm-none-eabi-gcc/10.3-2021.10/gcc/bin/../lib/gcc/arm-none-eabi/10.3.1/../../../../arm-none-eabi/lib/thumb/v6-m/nofp/libstdc++.a(class_type_info.o)
                0x00000000100068d8                __cxxabiv1::__class_type_info::__do_dyncast(int, __cxxabiv1::__class_type_info::__sub_kind, __cxxabiv1::__class_type_info const*, void const*, __cxxabiv1::__class_type_info const*, void const*, __cxxabiv1::__class_type_info::__dyncast_result&) const
 .text._ZNK10__cxxabiv117__class_type_info11__do_upcastEPKS0_PKvRNS0_15__upcast_resultE
                0x0000000010006918       0x1c /usr/local/Cellar/arm-none-eabi-gcc/10.3-2021.10/gcc/bin/../lib/gcc/arm-none-eabi/10.3.1/../../../../arm-none-eabi/lib/thumb/v6-m/nofp/libstdc++.a(class_type_info.o)
                0x0000000010006918                __cxxabiv1::__class_type_info::__do_upcast(__cxxabiv1::__class_type_info const*, void const*, __cxxabiv1::__class_type_info::__upcast_result&) const
 .text._ZNK10__cxxabiv117__class_type_info10__do_catchEPKSt9type_infoPPvj
                0x0000000010006934       0x24 /usr/local/Cellar/arm-none-eabi-gcc/10.3-2021.10/gcc/bin/../lib/gcc/arm-none-eabi/10.3.1/../../../../arm-none-eabi/lib/thumb/v6-m/nofp/libstdc++.a(class_type_info.o)
                0x0000000010006934                __cxxabiv1::__class_type_info::__do_catch(std::type_info const*, void**, unsigned int) const
 .text          0x0000000010006958     0x67e4 /usr/local/Cellar/arm-none-eabi-gcc/10.3-2021.10/gcc/bin/../lib/gcc/arm-none-eabi/10.3.1/../../../../arm-none-eabi/lib/thumb/v6-m/nofp/libstdc++.a(cp-demangle.o)
                0x000000001000d048                __cxa_demangle
                0x000000001000d11c                __gcclibcxx_demangle_callback
 .text._ZN10__cxxabiv1L24__is_gxx_exception_classEPc
                0x000000001000d13c       0x3c /usr/local/Cellar/arm-none-eabi-gcc/10.3-2021.10/gcc/bin/../lib/gcc/arm-none-eabi/10.3.1/../../../../arm-none-eabi/lib/thumb/v6-m/nofp/libstdc++.a(eh_call.o)
 .text.__cxa_call_terminate
                0x000000001000d178       0x20 /usr/local/Cellar/arm-none-eabi-gcc/10.3-2021.10/gcc/bin/../lib/gcc/arm-none-eabi/10.3.1/../../../../arm-none-eabi/lib/thumb/v6-m/nofp/libstdc++.a(eh_call.o)
                0x000000001000d178                __cxa_call_terminate
 .text.unlikely.__cxa_call_unexpected
                0x000000001000d198      0x100 /usr/local/Cellar/arm-none-eabi-gcc/10.3-2021.10/gcc/bin/../lib/gcc/arm-none-eabi/10.3.1/../../../../arm-none-eabi/lib/thumb/v6-m/nofp/libstdc++.a(eh_call.o)
                0x000000001000d198                __cxa_call_unexpected
 .text.__cxa_current_exception_type
                0x000000001000d298       0x20 /usr/local/Cellar/arm-none-eabi-gcc/10.3-2021.10/gcc/bin/../lib/gcc/arm-none-eabi/10.3.1/../../../../arm-none-eabi/lib/thumb/v6-m/nofp/libstdc++.a(eh_type.o)
                0x000000001000d298                __cxa_current_exception_type
 .text.abort    0x000000001000d2b8       0x10 /usr/local/Cellar/arm-none-eabi-gcc/10.3-2021.10/gcc/bin/../lib/gcc/arm-none-eabi/10.3.1/../../../../arm-none-eabi/lib/thumb/v6-m/nofp/libg.a(lib_a-abort.o)
                0x000000001000d2b8                abort
 .text.fputc    0x000000001000d2c8       0x58 /usr/local/Cellar/arm-none-eabi-gcc/10.3-2021.10/gcc/bin/../lib/gcc/arm-none-eabi/10.3.1/../../../../arm-none-eabi/lib/thumb/v6-m/nofp/libg.a(lib_a-fputc.o)
                0x000000001000d2c8                fputc
 .text._fputs_r
                0x000000001000d320       0x8c /usr/local/Cellar/arm-none-eabi-gcc/10.3-2021.10/gcc/bin/../lib/gcc/arm-none-eabi/10.3.1/../../../../arm-none-eabi/lib/thumb/v6-m/nofp/libg.a(lib_a-fputs.o)
                0x000000001000d320                _fputs_r
 .text.fputs    0x000000001000d3ac       0x18 /usr/local/Cellar/arm-none-eabi-gcc/10.3-2021.10/gcc/bin/../lib/gcc/arm-none-eabi/10.3.1/../../../../arm-none-eabi/lib/thumb/v6-m/nofp/libg.a(lib_a-fputs.o)
                0x000000001000d3ac                fputs
 .text.__sfvwrite_r
                0x000000001000d3c4      0x2f4 /usr/local/Cellar/arm-none-eabi-gcc/10.3-2021.10/gcc/bin/../lib/gcc/arm-none-eabi/10.3.1/../../../../arm-none-eabi/lib/thumb/v6-m/nofp/libg.a(lib_a-fvwrite.o)
                0x000000001000d3c4                __sfvwrite_r
 .text._fwrite_r
                0x000000001000d6b8       0xb0 /usr/local/Cellar/arm-none-eabi-gcc/10.3-2021.10/gcc/bin/../lib/gcc/arm-none-eabi/10.3.1/../../../../arm-none-eabi/lib/thumb/v6-m/nofp/libg.a(lib_a-fwrite.o)
                0x000000001000d6b8                _fwrite_r
 .text.fwrite   0x000000001000d768       0x20 /usr/local/Cellar/arm-none-eabi-gcc/10.3-2021.10/gcc/bin/../lib/gcc/arm-none-eabi/10.3.1/../../../../arm-none-eabi/lib/thumb/v6-m/nofp/libg.a(lib_a-fwrite.o)
                0x000000001000d768                fwrite
 .text.__retarget_lock_init_recursive
                0x000000001000d788        0x4 /usr/local/Cellar/arm-none-eabi-gcc/10.3-2021.10/gcc/bin/../lib/gcc/arm-none-eabi/10.3.1/../../../../arm-none-eabi/lib/thumb/v6-m/nofp/libg.a(lib_a-lock.o)
                0x000000001000d788                __retarget_lock_init_recursive
 .text.__retarget_lock_close_recursive
                0x000000001000d78c        0x4 /usr/local/Cellar/arm-none-eabi-gcc/10.3-2021.10/gcc/bin/../lib/gcc/arm-none-eabi/10.3.1/../../../../arm-none-eabi/lib/thumb/v6-m/nofp/libg.a(lib_a-lock.o)
                0x000000001000d78c                __retarget_lock_close_recursive
 .text.__retarget_lock_acquire_recursive
                0x000000001000d790        0x4 /usr/local/Cellar/arm-none-eabi-gcc/10.3-2021.10/gcc/bin/../lib/gcc/arm-none-eabi/10.3.1/../../../../arm-none-eabi/lib/thumb/v6-m/nofp/libg.a(lib_a-lock.o)
                0x000000001000d790                __retarget_lock_acquire_recursive
 .text.__retarget_lock_release_recursive
                0x000000001000d794        0x4 /usr/local/Cellar/arm-none-eabi-gcc/10.3-2021.10/gcc/bin/../lib/gcc/arm-none-eabi/10.3.1/../../../../arm-none-eabi/lib/thumb/v6-m/nofp/libg.a(lib_a-lock.o)
                0x000000001000d794                __retarget_lock_release_recursive
 .text.malloc   0x000000001000d798       0x14 /usr/local/Cellar/arm-none-eabi-gcc/10.3-2021.10/gcc/bin/../lib/gcc/arm-none-eabi/10.3.1/../../../../arm-none-eabi/lib/thumb/v6-m/nofp/libg.a(lib_a-malloc.o)
                0x000000001000d798                malloc
 .text.free     0x000000001000d7ac       0x14 /usr/local/Cellar/arm-none-eabi-gcc/10.3-2021.10/gcc/bin/../lib/gcc/arm-none-eabi/10.3.1/../../../../arm-none-eabi/lib/thumb/v6-m/nofp/libg.a(lib_a-malloc.o)
                0x000000001000d7ac                free
 .text._malloc_r
                0x000000001000d7c0      0x584 /usr/local/Cellar/arm-none-eabi-gcc/10.3-2021.10/gcc/bin/../lib/gcc/arm-none-eabi/10.3.1/../../../../arm-none-eabi/lib/thumb/v6-m/nofp/libg.a(lib_a-mallocr.o)
                0x000000001000d7c0                _malloc_r
 .text.memchr   0x000000001000dd44       0x74 /usr/local/Cellar/arm-none-eabi-gcc/10.3-2021.10/gcc/bin/../lib/gcc/arm-none-eabi/10.3.1/../../../../arm-none-eabi/lib/thumb/v6-m/nofp/libg.a(lib_a-memchr-stub.o)
                0x000000001000dd44                memchr
 .text.memcmp   0x000000001000ddb8       0x48 /usr/local/Cellar/arm-none-eabi-gcc/10.3-2021.10/gcc/bin/../lib/gcc/arm-none-eabi/10.3.1/../../../../arm-none-eabi/lib/thumb/v6-m/nofp/libg.a(lib_a-memcmp.o)
                0x000000001000ddb8                memcmp
 .text.memmove  0x000000001000de00       0xac /usr/local/Cellar/arm-none-eabi-gcc/10.3-2021.10/gcc/bin/../lib/gcc/arm-none-eabi/10.3.1/../../../../arm-none-eabi/lib/thumb/v6-m/nofp/libg.a(lib_a-memmove.o)
                0x000000001000de00                memmove
 .text.__malloc_lock
                0x000000001000deac       0x10 /usr/local/Cellar/arm-none-eabi-gcc/10.3-2021.10/gcc/bin/../lib/gcc/arm-none-eabi/10.3.1/../../../../arm-none-eabi/lib/thumb/v6-m/nofp/libg.a(lib_a-mlock.o)
                0x000000001000deac                __malloc_lock
 .text.__malloc_unlock
                0x000000001000debc       0x10 /usr/local/Cellar/arm-none-eabi-gcc/10.3-2021.10/gcc/bin/../lib/gcc/arm-none-eabi/10.3.1/../../../../arm-none-eabi/lib/thumb/v6-m/nofp/libg.a(lib_a-mlock.o)
                0x000000001000debc                __malloc_unlock
 .text._putc_r  0x000000001000decc       0x74 /usr/local/Cellar/arm-none-eabi-gcc/10.3-2021.10/gcc/bin/../lib/gcc/arm-none-eabi/10.3.1/../../../../arm-none-eabi/lib/thumb/v6-m/nofp/libg.a(lib_a-putc.o)
                0x000000001000decc                _putc_r
 .text.realloc  0x000000001000df40       0x18 /usr/local/Cellar/arm-none-eabi-gcc/10.3-2021.10/gcc/bin/../lib/gcc/arm-none-eabi/10.3.1/../../../../arm-none-eabi/lib/thumb/v6-m/nofp/libg.a(lib_a-realloc.o)
                0x000000001000df40                realloc
 .text._realloc_r
                0x000000001000df58      0x354 /usr/local/Cellar/arm-none-eabi-gcc/10.3-2021.10/gcc/bin/../lib/gcc/arm-none-eabi/10.3.1/../../../../arm-none-eabi/lib/thumb/v6-m/nofp/libg.a(lib_a-reallocr.o)
                0x000000001000df58                _realloc_r
 .text._sbrk_r  0x000000001000e2ac       0x24 /usr/local/Cellar/arm-none-eabi-gcc/10.3-2021.10/gcc/bin/../lib/gcc/arm-none-eabi/10.3.1/../../../../arm-none-eabi/lib/thumb/v6-m/nofp/libg.a(lib_a-sbrkr.o)
                0x000000001000e2ac                _sbrk_r
 .text.raise    0x000000001000e2d0       0x60 /usr/local/Cellar/arm-none-eabi-gcc/10.3-2021.10/gcc/bin/../lib/gcc/arm-none-eabi/10.3.1/../../../../arm-none-eabi/lib/thumb/v6-m/nofp/libg.a(lib_a-signal.o)
                0x000000001000e2d0                raise
 .text._kill_r  0x000000001000e330       0x28 /usr/local/Cellar/arm-none-eabi-gcc/10.3-2021.10/gcc/bin/../lib/gcc/arm-none-eabi/10.3.1/../../../../arm-none-eabi/lib/thumb/v6-m/nofp/libg.a(lib_a-signalr.o)
                0x000000001000e330                _kill_r
 .text._getpid_r
                0x000000001000e358        0x8 /usr/local/Cellar/arm-none-eabi-gcc/10.3-2021.10/gcc/bin/../lib/gcc/arm-none-eabi/10.3.1/../../../../arm-none-eabi/lib/thumb/v6-m/nofp/libg.a(lib_a-signalr.o)
                0x000000001000e358                _getpid_r
 .text          0x000000001000e360       0x88 /usr/local/Cellar/arm-none-eabi-gcc/10.3-2021.10/gcc/bin/../lib/gcc/arm-none-eabi/10.3.1/../../../../arm-none-eabi/lib/thumb/v6-m/nofp/libg.a(lib_a-strcmp.o)
                0x000000001000e360                strcmp
 .text.strlen   0x000000001000e3e8       0x5c /usr/local/Cellar/arm-none-eabi-gcc/10.3-2021.10/gcc/bin/../lib/gcc/arm-none-eabi/10.3.1/../../../../arm-none-eabi/lib/thumb/v6-m/nofp/libg.a(lib_a-strlen-stub.o)
                0x000000001000e3e8                strlen
 .text.strncmp  0x000000001000e444       0x74 /usr/local/Cellar/arm-none-eabi-gcc/10.3-2021.10/gcc/bin/../lib/gcc/arm-none-eabi/10.3.1/../../../../arm-none-eabi/lib/thumb/v6-m/nofp/libg.a(lib_a-strncmp.o)
                0x000000001000e444                strncmp
 .text.__swbuf_r
                0x000000001000e4b8       0xc8 /usr/local/Cellar/arm-none-eabi-gcc/10.3-2021.10/gcc/bin/../lib/gcc/arm-none-eabi/10.3.1/../../../../arm-none-eabi/lib/thumb/v6-m/nofp/libg.a(lib_a-wbuf.o)
                0x000000001000e4b8                __swbuf_r
 .text._write_r
                0x000000001000e580       0x28 /usr/local/Cellar/arm-none-eabi-gcc/10.3-2021.10/gcc/bin/../lib/gcc/arm-none-eabi/10.3.1/../../../../arm-none-eabi/lib/thumb/v6-m/nofp/libg.a(lib_a-writer.o)
                0x000000001000e580                _write_r
 .text.__swsetup_r
                0x000000001000e5a8       0xdc /usr/local/Cellar/arm-none-eabi-gcc/10.3-2021.10/gcc/bin/../lib/gcc/arm-none-eabi/10.3.1/../../../../arm-none-eabi/lib/thumb/v6-m/nofp/libg.a(lib_a-wsetup.o)
                0x000000001000e5a8                __swsetup_r
 .text._close_r
                0x000000001000e684       0x24 /usr/local/Cellar/arm-none-eabi-gcc/10.3-2021.10/gcc/bin/../lib/gcc/arm-none-eabi/10.3.1/../../../../arm-none-eabi/lib/thumb/v6-m/nofp/libg.a(lib_a-closer.o)
                0x000000001000e684                _close_r
 .text.__sflush_r
                0x000000001000e6a8      0x140 /usr/local/Cellar/arm-none-eabi-gcc/10.3-2021.10/gcc/bin/../lib/gcc/arm-none-eabi/10.3.1/../../../../arm-none-eabi/lib/thumb/v6-m/nofp/libg.a(lib_a-fflush.o)
                0x000000001000e6a8                __sflush_r
 .text._fflush_r
                0x000000001000e7e8       0x6c /usr/local/Cellar/arm-none-eabi-gcc/10.3-2021.10/gcc/bin/../lib/gcc/arm-none-eabi/10.3.1/../../../../arm-none-eabi/lib/thumb/v6-m/nofp/libg.a(lib_a-fflush.o)
                0x000000001000e7e8                _fflush_r
 .text._cleanup_r
                0x000000001000e854       0x10 /usr/local/Cellar/arm-none-eabi-gcc/10.3-2021.10/gcc/bin/../lib/gcc/arm-none-eabi/10.3.1/../../../../arm-none-eabi/lib/thumb/v6-m/nofp/libg.a(lib_a-findfp.o)
                0x000000001000e854                _cleanup_r
 .text.__sinit  0x000000001000e864      0x120 /usr/local/Cellar/arm-none-eabi-gcc/10.3-2021.10/gcc/bin/../lib/gcc/arm-none-eabi/10.3.1/../../../../arm-none-eabi/lib/thumb/v6-m/nofp/libg.a(lib_a-findfp.o)
                0x000000001000e864                __sinit
 .text.__sfp_lock_acquire
                0x000000001000e984       0x10 /usr/local/Cellar/arm-none-eabi-gcc/10.3-2021.10/gcc/bin/../lib/gcc/arm-none-eabi/10.3.1/../../../../arm-none-eabi/lib/thumb/v6-m/nofp/libg.a(lib_a-findfp.o)
                0x000000001000e984                __sfp_lock_acquire
 .text.__sfp_lock_release
                0x000000001000e994       0x10 /usr/local/Cellar/arm-none-eabi-gcc/10.3-2021.10/gcc/bin/../lib/gcc/arm-none-eabi/10.3.1/../../../../arm-none-eabi/lib/thumb/v6-m/nofp/libg.a(lib_a-findfp.o)
                0x000000001000e994                __sfp_lock_release
 .text._malloc_trim_r
                0x000000001000e9a4       0x9c /usr/local/Cellar/arm-none-eabi-gcc/10.3-2021.10/gcc/bin/../lib/gcc/arm-none-eabi/10.3.1/../../../../arm-none-eabi/lib/thumb/v6-m/nofp/libg.a(lib_a-freer.o)
                0x000000001000e9a4                _malloc_trim_r
 .text._free_r  0x000000001000ea40      0x1c4 /usr/local/Cellar/arm-none-eabi-gcc/10.3-2021.10/gcc/bin/../lib/gcc/arm-none-eabi/10.3.1/../../../../arm-none-eabi/lib/thumb/v6-m/nofp/libg.a(lib_a-freer.o)
                0x000000001000ea40                _free_r
 .text._fwalk_reent
                0x000000001000ec04       0x48 /usr/local/Cellar/arm-none-eabi-gcc/10.3-2021.10/gcc/bin/../lib/gcc/arm-none-eabi/10.3.1/../../../../arm-none-eabi/lib/thumb/v6-m/nofp/libg.a(lib_a-fwalk.o)
                0x000000001000ec04                _fwalk_reent
 .text.__smakebuf_r
                0x000000001000ec4c       0xe4 /usr/local/Cellar/arm-none-eabi-gcc/10.3-2021.10/gcc/bin/../lib/gcc/arm-none-eabi/10.3.1/../../../../arm-none-eabi/lib/thumb/v6-m/nofp/libg.a(lib_a-makebuf.o)
                0x000000001000ec4c                __smakebuf_r
 .text.__sread  0x000000001000ed30       0x28 /usr/local/Cellar/arm-none-eabi-gcc/10.3-2021.10/gcc/bin/../lib/gcc/arm-none-eabi/10.3.1/../../../../arm-none-eabi/lib/thumb/v6-m/nofp/libg.a(lib_a-stdio.o)
                0x000000001000ed30                __sread
 .text.__swrite
                0x000000001000ed58       0x40 /usr/local/Cellar/arm-none-eabi-gcc/10.3-2021.10/gcc/bin/../lib/gcc/arm-none-eabi/10.3.1/../../../../arm-none-eabi/lib/thumb/v6-m/nofp/libg.a(lib_a-stdio.o)
                0x000000001000ed58                __swrite
 .text.__sseek  0x000000001000ed98       0x2c /usr/local/Cellar/arm-none-eabi-gcc/10.3-2021.10/gcc/bin/../lib/gcc/arm-none-eabi/10.3.1/../../../../arm-none-eabi/lib/thumb/v6-m/nofp/libg.a(lib_a-stdio.o)
                0x000000001000ed98                __sseek
 .text.__sclose
                0x000000001000edc4        0xc /usr/local/Cellar/arm-none-eabi-gcc/10.3-2021.10/gcc/bin/../lib/gcc/arm-none-eabi/10.3.1/../../../../arm-none-eabi/lib/thumb/v6-m/nofp/libg.a(lib_a-stdio.o)
                0x000000001000edc4                __sclose
 .text._fclose_r
                0x000000001000edd0       0xdc /usr/local/Cellar/arm-none-eabi-gcc/10.3-2021.10/gcc/bin/../lib/gcc/arm-none-eabi/10.3.1/../../../../arm-none-eabi/lib/thumb/v6-m/nofp/libg.a(lib_a-fclose.o)
                0x000000001000edd0                _fclose_r
 .text._fstat_r
                0x000000001000eeac       0x28 /usr/local/Cellar/arm-none-eabi-gcc/10.3-2021.10/gcc/bin/../lib/gcc/arm-none-eabi/10.3.1/../../../../arm-none-eabi/lib/thumb/v6-m/nofp/libg.a(lib_a-fstatr.o)
                0x000000001000eeac                _fstat_r
 .text._isatty_r
                0x000000001000eed4       0x24 /usr/local/Cellar/arm-none-eabi-gcc/10.3-2021.10/gcc/bin/../lib/gcc/arm-none-eabi/10.3.1/../../../../arm-none-eabi/lib/thumb/v6-m/nofp/libg.a(lib_a-isattyr.o)
                0x000000001000eed4                _isatty_r
 .text._lseek_r
                0x000000001000eef8       0x28 /usr/local/Cellar/arm-none-eabi-gcc/10.3-2021.10/gcc/bin/../lib/gcc/arm-none-eabi/10.3.1/../../../../arm-none-eabi/lib/thumb/v6-m/nofp/libg.a(lib_a-lseekr.o)
                0x000000001000eef8                _lseek_r
 .text._read_r  0x000000001000ef20       0x28 /usr/local/Cellar/arm-none-eabi-gcc/10.3-2021.10/gcc/bin/../lib/gcc/arm-none-eabi/10.3.1/../../../../arm-none-eabi/lib/thumb/v6-m/nofp/libg.a(lib_a-readr.o)
                0x000000001000ef20                _read_r
 *(.fini)
 .fini          0x000000001000ef48        0x4 /usr/local/Cellar/arm-none-eabi-gcc/10.3-2021.10/gcc/bin/../lib/gcc/arm-none-eabi/10.3.1/thumb/v6-m/nofp/crti.o
                0x000000001000ef48                _fini
 *fill*         0x000000001000ef4c        0x4 
 .fini.__stub   0x000000001000ef50      0x110 linker stubs
 *crtbegin.o(.ctors)
 *crtbegin?.o(.ctors)
 *(EXCLUDE_FILE(*crtend.o *crtend?.o) .ctors)
 *(SORT_BY_NAME(.ctors.*))
 *(.ctors)
 *crtbegin.o(.dtors)
 *crtbegin?.o(.dtors)
 *(EXCLUDE_FILE(*crtend.o *crtend?.o) .dtors)
 *(SORT_BY_NAME(.dtors.*))
 *(.dtors)
 *(.eh_frame*)
 .eh_frame      0x000000001000f060        0x0 /usr/local/Cellar/arm-none-eabi-gcc/10.3-2021.10/gcc/bin/../lib/gcc/arm-none-eabi/10.3.1/thumb/v6-m/nofp/crtbegin.o
                0x000000001000f060                . = ALIGN (0x4)

.glue_7         0x000000001000f060        0x0
 .glue_7        0x000000001000f060        0x0 linker stubs

.glue_7t        0x000000001000f060        0x0
 .glue_7t       0x000000001000f060        0x0 linker stubs

.vfp11_veneer   0x000000001000f060        0x0
 .vfp11_veneer  0x000000001000f060        0x0 linker stubs

.v4_bx          0x000000001000f060        0x0
 .v4_bx         0x000000001000f060        0x0 linker stubs

.iplt           0x000000001000f060        0x0
 .iplt          0x000000001000f060        0x0 /usr/local/Cellar/arm-none-eabi-gcc/10.3-2021.10/gcc/bin/../lib/gcc/arm-none-eabi/10.3.1/thumb/v6-m/nofp/crtbegin.o

.rodata         0x000000001000f060     0x2dac
 *(EXCLUDE_FILE(*libm.a: *libc.a:*lib_a-mem*.o *libgcc.a:) .rodata*)
 .rodata._ZNSt7__cxx1112basic_stringIcSt11char_traitsIcESaIcEE12_M_constructIPKcEEvT_S8_St20forward_iterator_tag.str1.4
                0x000000001000f060       0x2a CMakeFiles/main.dir/main.cpp.obj
 .rodata.main.str1.4
                0x000000001000f08a       0x2a CMakeFiles/main.dir/main.cpp.obj
                                          0x1 (size before relaxing)
 *fill*         0x000000001000f08a        0x2 
 .rodata._ZZNSt8__detail18__to_chars_10_implIjEEvPcjT_E8__digits
                0x000000001000f08c       0xc9 CMakeFiles/main.dir/main.cpp.obj
                0x000000001000f08c                std::__detail::__to_chars_10_impl<unsigned int>(char*, unsigned int, unsigned int)::__digits
 *fill*         0x000000001000f155        0x3 
 .rodata._ZZ4mainE7__bi_11
                0x000000001000f158        0x8 CMakeFiles/main.dir/main.cpp.obj
 .rodata._Z6millisv.str1.4
                0x000000001000f160       0x94 CMakeFiles/main.dir/services/MFRC522_.cpp.obj
 .rodata._ZTV7MFRC522
                0x000000001000f1f4       0x14 CMakeFiles/main.dir/services/MFRC522.cpp.obj
                0x000000001000f1f4                vtable for MFRC522
 .rodata.make_branch.str1.4
                0x000000001000f208       0x68 CMakeFiles/main.dir/Users/black/pico-sdk/src/rp2_common/hardware_irq/irq.c.obj
 .rodata.insert_branch_and_link.str1.4
                0x000000001000f270       0x10 CMakeFiles/main.dir/Users/black/pico-sdk/src/rp2_common/hardware_irq/irq.c.obj
 .rodata.irq_set_exclusive_handler.str1.4
                0x000000001000f280       0x36 CMakeFiles/main.dir/Users/black/pico-sdk/src/rp2_common/hardware_irq/irq.c.obj
 *fill*         0x000000001000f2b6        0x2 
 .rodata.irq_add_shared_handler.str1.4
                0x000000001000f2b8       0xd9 CMakeFiles/main.dir/Users/black/pico-sdk/src/rp2_common/hardware_irq/irq.c.obj
 *fill*         0x000000001000f391        0x3 
 .rodata.irq_remove_handler.str1.4
                0x000000001000f394       0x3a CMakeFiles/main.dir/Users/black/pico-sdk/src/rp2_common/hardware_irq/irq.c.obj
 *fill*         0x000000001000f3ce        0x2 
 .rodata.irq_add_tail_to_free_list.str1.4
                0x000000001000f3d0       0x3a CMakeFiles/main.dir/Users/black/pico-sdk/src/rp2_common/hardware_irq/irq.c.obj
 *fill*         0x000000001000f40a        0x2 
 .rodata.__func__.0
                0x000000001000f40c       0x1a CMakeFiles/main.dir/Users/black/pico-sdk/src/rp2_common/hardware_irq/irq.c.obj
 *fill*         0x000000001000f426        0x2 
 .rodata.__func__.1
                0x000000001000f428       0x17 CMakeFiles/main.dir/Users/black/pico-sdk/src/rp2_common/hardware_irq/irq.c.obj
 *fill*         0x000000001000f43f        0x1 
 .rodata.__func__.2
                0x000000001000f440       0x13 CMakeFiles/main.dir/Users/black/pico-sdk/src/rp2_common/hardware_irq/irq.c.obj
 *fill*         0x000000001000f453        0x1 
 .rodata.__func__.3
                0x000000001000f454        0xc CMakeFiles/main.dir/Users/black/pico-sdk/src/rp2_common/hardware_irq/irq.c.obj
 .rodata.__func__.4
                0x000000001000f460        0xf CMakeFiles/main.dir/Users/black/pico-sdk/src/rp2_common/hardware_irq/irq.c.obj
 *fill*         0x000000001000f46f        0x1 
 .rodata.__func__.6
                0x000000001000f470       0x1a CMakeFiles/main.dir/Users/black/pico-sdk/src/rp2_common/hardware_irq/irq.c.obj
 *fill*         0x000000001000f48a        0x2 
 .rodata.str1.4
                0x000000001000f48c       0x85 CMakeFiles/main.dir/Users/black/pico-sdk/src/common/pico_sync/mutex.c.obj
                                         0xe1 (size before relaxing)
 *fill*         0x000000001000f511        0x3 
 .rodata.__func__.1
                0x000000001000f514        0xb CMakeFiles/main.dir/Users/black/pico-sdk/src/common/pico_sync/mutex.c.obj
 *fill*         0x000000001000f51f        0x1 
 .rodata.__func__.3
                0x000000001000f520       0x18 CMakeFiles/main.dir/Users/black/pico-sdk/src/common/pico_sync/mutex.c.obj
 .rodata.repeating_timer_callback.str1.4
                0x000000001000f538       0x46 CMakeFiles/main.dir/Users/black/pico-sdk/src/common/pico_time/time.c.obj
 *fill*         0x000000001000f57e        0x2 
 .rodata.timer_pool_entry_comparator.str1.4
                0x000000001000f580       0x22 CMakeFiles/main.dir/Users/black/pico-sdk/src/common/pico_time/time.c.obj
 *fill*         0x000000001000f5a2        0x2 
 .rodata.ph_add_child_node.str1.4
                0x000000001000f5a4       0x92 CMakeFiles/main.dir/Users/black/pico-sdk/src/common/pico_time/time.c.obj
 *fill*         0x000000001000f636        0x2 
 .rodata.add_alarm_under_lock.str1.4
                0x000000001000f638       0x28 CMakeFiles/main.dir/Users/black/pico-sdk/src/common/pico_time/time.c.obj
                                         0x2b (size before relaxing)
 .rodata.alarm_pool_alarm_callback.str1.4
                0x000000001000f660       0x98 CMakeFiles/main.dir/Users/black/pico-sdk/src/common/pico_time/time.c.obj
                                         0xf4 (size before relaxing)
 .rodata.alarm_pool_get_default.str1.4
                0x000000001000f6f8       0x21 CMakeFiles/main.dir/Users/black/pico-sdk/src/common/pico_time/time.c.obj
 *fill*         0x000000001000f719        0x3 
 .rodata.alarm_pool_cancel_alarm.str1.4
                0x000000001000f71c       0x27 CMakeFiles/main.dir/Users/black/pico-sdk/src/common/pico_time/time.c.obj
 *fill*         0x000000001000f743        0x1 
 .rodata.sleep_until.str1.4
                0x000000001000f744       0x4d CMakeFiles/main.dir/Users/black/pico-sdk/src/common/pico_time/time.c.obj
 *fill*         0x000000001000f791        0x3 
 .rodata.__func__.1
                0x000000001000f794       0x18 CMakeFiles/main.dir/Users/black/pico-sdk/src/common/pico_time/time.c.obj
 .rodata.__func__.10
                0x000000001000f7ac       0x15 CMakeFiles/main.dir/Users/black/pico-sdk/src/common/pico_time/time.c.obj
 *fill*         0x000000001000f7c1        0x3 
 .rodata.__func__.11
                0x000000001000f7c4       0x1a CMakeFiles/main.dir/Users/black/pico-sdk/src/common/pico_time/time.c.obj
 *fill*         0x000000001000f7de        0x2 
 .rodata.__func__.12
                0x000000001000f7e0        0xa CMakeFiles/main.dir/Users/black/pico-sdk/src/common/pico_time/time.c.obj
 *fill*         0x000000001000f7ea        0x2 
 .rodata.__func__.3
                0x000000001000f7ec       0x17 CMakeFiles/main.dir/Users/black/pico-sdk/src/common/pico_time/time.c.obj
 *fill*         0x000000001000f803        0x1 
 .rodata.__func__.4
                0x000000001000f804       0x12 CMakeFiles/main.dir/Users/black/pico-sdk/src/common/pico_time/time.c.obj
 *fill*         0x000000001000f816        0x2 
 .rodata.__func__.5
                0x000000001000f818        0xd CMakeFiles/main.dir/Users/black/pico-sdk/src/common/pico_time/time.c.obj
 *fill*         0x000000001000f825        0x3 
 .rodata.__func__.6
                0x000000001000f828       0x12 CMakeFiles/main.dir/Users/black/pico-sdk/src/common/pico_time/time.c.obj
 *fill*         0x000000001000f83a        0x2 
 .rodata.__func__.7
                0x000000001000f83c        0xf CMakeFiles/main.dir/Users/black/pico-sdk/src/common/pico_time/time.c.obj
 *fill*         0x000000001000f84b        0x1 
 .rodata.__func__.8
                0x000000001000f84c        0xc CMakeFiles/main.dir/Users/black/pico-sdk/src/common/pico_time/time.c.obj
 .rodata.__func__.9
                0x000000001000f858       0x15 CMakeFiles/main.dir/Users/black/pico-sdk/src/common/pico_time/time.c.obj
 *fill*         0x000000001000f86d        0x3 